ASxxxx Linker V03.00 + NoICE + sdld,  page 1.
Hexadecimal  [32-Bits]

Area                                    Addr        Size        Decimal Bytes (Attributes)
--------------------------------        ----        ----        ------- ----- ------------
.  .ABS.                            00000000    00000000 =           0. bytes (ABS,CON)

      Value  Global                              Global Defined In Module
      -----  --------------------------------   ------------------------
     00000000  .__.ABS.                           
     00000000  l__BSEG                         
     00000000  l__BSS                          
     00000000  l__CABS                         
     00000000  l__DABS                         
     00000000  l__HEADER                       
     00000000  l__HEAP                         
     00000000  l__HOME                         
     00000000  s__CABS                         
     00000000  s__DABS                         
     00000000  s__HEADER                       
     00000000  s__HEADER0                      
     00000000  s__HEADER1                      
     00000000  s__HEADER2                      
     00000000  s__HEADER3                      
     00000001  l__GSFINAL                      
     00000003  l__HEADER1                      
     00000003  l__HEADER2                      
     00000006  l__HEADER0                      
     00000006  l__INITIALIZED                  
     00000006  l__INITIALIZER                  
     0000000F  l__GSINIT                       
     0000011E  l__HEADER3                      
     00000200  s__CODE                         
     00000346  l__DATA                         
     00009742  l__CODE                         
     00009942  s__HOME                         
     00009942  s__INITIALIZER                  
     00009948  s__GSINIT                       
     00009957  s__GSFINAL                      
     0000C000  s__DATA                         
     0000C346  s__INITIALIZED                  
     0000C34C  s__BSEG                         
     0000C34C  s__BSS                          
     0000C34C  s__HEAP                         

ASxxxx Linker V03.00 + NoICE + sdld,  page 2.
Hexadecimal  [32-Bits]

Area                                    Addr        Size        Decimal Bytes (Attributes)
--------------------------------        ----        ----        ------- ----- ------------
_CODE                               00000200    00009742 =       38722. bytes (REL,CON)

      Value  Global                              Global Defined In Module
      -----  --------------------------------   ------------------------
     00000200  __clock                            crt0
     00000204  _exit                              crt0
     0000020A  _hotspots_load                     game
     0000022C  _coco_dx                           game
     00000234  _coco_dy                           game
     0000023C  _bits                              game
     00000244  _jitter                            game
     00000254  _behs0                             game
     00000274  _behs2                             game
     00000294  _spr_player                        game
     000002A4  _spr_enems0                        game
     000002EE  _spr_hs                            game
     000002F8  _l_scr_ini                         game
     000002FB  _l_ini_x                           game
     000002FE  _l_ini_y                           game
     00000301  _l_map_w                           game
     00000304  _l_map_h                           game
     00000307  _l_player_max_objects              game
     0000030A  _l_player_max_enems                game
     0000030D  _l_ts_tmaps                        game
     00000313  _l_behs                            game
     00000319  _l_spr_enems                       game
     0000031F  _l_map                             game
     00000325  _l_locks                           game
     0000032B  _l_n_bolts                         game
     0000032E  _l_enems                           game
     00000334  _l_hotspots                        game
     0000033A  _l_music                           game
     00000340  _bombs_x                           game
     00000345  _bombs_y                           game
     0000034A  _hotspots_paint                    game
     00000375  _hotspots_create                   game
     000003D5  _draw_game_frame                   game
     000003DE  _hud_update                        game
     00000471  _bat_in                            game
     00000481  _bat_out                           game
     00000492  _pres                              game
     000004C5  _title                             game
     0000058D  _scr_game_over                     game
     00000629  _scr_the_end                       game
     000006D9  _credits                           game
     000007E2  _flickscreen_do_horizontal         game
     00000821  _flickscreen_do_vertical           game
     0000087A  _game_init                         game
     00000A08  _prepare_scr                       game
     00000BDE  _game_loop                         game
     00000EE1  _main                              game
     00000F61  _rand8                             rand
     00000F8B  _srand                             rand
     00000F98  _set_rand                          rand
ASxxxx Linker V03.00 + NoICE + sdld,  page 3.
Hexadecimal  [32-Bits]

Area                                    Addr        Size        Decimal Bytes (Attributes)
--------------------------------        ----        ----        ------- ----- ------------
_CODE                               00000200    00009742 =       38722. bytes (REL,CON)

      Value  Global                              Global Defined In Module
      -----  --------------------------------   ------------------------
     00000FAF  _delay                             delay
     00000FC0  _memfill                           memfill
     00000FD4  _unpack_bg_patterns                unpacker
     0000107B  _unrle_adv                         unrle
     0000108A  _unrle                             unrle
     00001100  _clear_update_list                 printer
     00001117  _cls                               printer
     0000112B  _ul_putc                           printer
     00001175  _p_t                               printer
     000011CA  _p_tf                              printer
     00001202  _draw_tile                         printer
     000012BC  _update_list_tile                  printer
     0000134A  _map_set                           printer
     0000137F  _get_byte                          printer
     00001393  _add_tile                          printer
     000013A5  _draw_scr                          printer
     000015ED  _pr_str                            printer
     0000162F  _cm_two_points                     general
     000016BA  _collide_in                        general
     00001711  _collide                           general
     00001785  _add_sign                          general
     000017B5  _pad_read                          general
     000017DA  _distance                          general
     0000184F  _update_cycle                      general
     0000186C  _do_update_list_and_wait           general
     0000187D  _flush_update_list                 general
     0000188E  _breakable_do_anim                 breakable
     000018F8  _breakable_break                   breakable
     000019E1  _player_stop                       player
     000019ED  _player_init                       player
     00001A3D  _player_render                     player
     00001A6D  _player_to_pixels                  player
     00001AB2  _player_kill                       player
     00001AF3  _player_process_tile               player
     00001C55  _fire_bullet                       player
     00001DA6  _bullets_destroy                   player
     00001DD0  _bullets_move                      player
     00001F3B  _player_move                       player
     00002752  _cocos_init                        cocos
     00002786  _cocos_shoot_linear                cocos
     0000284B  _cocos_destroy                     cocos
     00002875  _cocos_do                          cocos
     00002A10  _enems_persistent_load             enengine
     00002B02  _enems_persistent_update           enengine
     00002B86  _enems_update_unsigned_char_arra   enengine
     00002C30  _enems_facing                      enengine
     00002C39  _enems_init_fp                     enengine
     00002C5E  _enems_boioiong_init               enengine
     00002CA5  _enems_load                        enengine
     00002EDE  _enems_kill                        enengine
     00002EF5  _enems_hit                         enengine
ASxxxx Linker V03.00 + NoICE + sdld,  page 4.
Hexadecimal  [32-Bits]

Area                                    Addr        Size        Decimal Bytes (Attributes)
--------------------------------        ----        ----        ------- ----- ------------
_CODE                               00000200    00009742 =       38722. bytes (REL,CON)

      Value  Global                              Global Defined In Module
      -----  --------------------------------   ------------------------
     00002F4E  _enems_move                        enengine
     00003C36  _enems_0                           enems0
     00003D56  _hotspots_0                        enems0
     00003D86  _enems_1                           enems1
     00003EA6  _hotspots_1                        enems1
     00003ED6  _enems_2                           enems2
     00003FF6  _hotspots_2                        enems2
     00004026  _scr_0_00                          map0
     00004055  _scr_0_01                          map0
     000040B4  _scr_0_02                          map0
     000040F8  _scr_0_03                          map0
     00004146  _scr_0_04                          map0
     00004173  _scr_0_05                          map0
     000041BF  _scr_0_06                          map0
     0000420E  _scr_0_07                          map0
     00004268  _scr_0_08                          map0
     000042B7  _scr_0_09                          map0
     00004311  _scr_0_0a                          map0
     00004356  _scr_0_0b                          map0
     0000439D  _scr_0_0c                          map0
     000043E7  _scr_0_0d                          map0
     00004451  _scr_0_0e                          map0
     00004497  _scr_0_0f                          map0
     000044BE  _scr_0_10                          map0
     000044FB  _scr_0_11                          map0
     0000454B  _scr_0_12                          map0
     00004588  _scr_0_13                          map0
     000045E6  _scr_0_14                          map0
     00004645  _scr_0_15                          map0
     00004670  _scr_0_16                          map0
     000046A1  _scr_0_17                          map0
     000046CB  _map_0                             map0
     000046FB  _map_0_locks                       map0
     00004709  _scr_1_00                          map1
     00004731  _scr_1_01                          map1
     00004782  _scr_1_02                          map1
     000047E9  _scr_1_03                          map1
     0000483A  _scr_1_04                          map1
     00004869  _scr_1_05                          map1
     000048B1  _scr_1_06                          map1
     00004904  _scr_1_07                          map1
     0000494E  _scr_1_08                          map1
     000049A4  _scr_1_09                          map1
     000049FD  _scr_1_0a                          map1
     00004A55  _scr_1_0b                          map1
     00004AB9  _scr_1_0c                          map1
     00004B34  _scr_1_0d                          map1
     00004B8B  _scr_1_0e                          map1
     00004BC0  _scr_1_0f                          map1
     00004C16  _scr_1_10                          map1
     00004C82  _scr_1_11                          map1
ASxxxx Linker V03.00 + NoICE + sdld,  page 5.
Hexadecimal  [32-Bits]

Area                                    Addr        Size        Decimal Bytes (Attributes)
--------------------------------        ----        ----        ------- ----- ------------
_CODE                               00000200    00009742 =       38722. bytes (REL,CON)

      Value  Global                              Global Defined In Module
      -----  --------------------------------   ------------------------
     00004CE7  _scr_1_12                          map1
     00004D43  _scr_1_13                          map1
     00004D95  _scr_1_14                          map1
     00004E04  _scr_1_15                          map1
     00004E5E  _scr_1_16                          map1
     00004EB1  _scr_1_17                          map1
     00004EE9  _map_1                             map1
     00004F19  _map_1_locks                       map1
     00004F2B  _scr_2_00                          map2
     00004F4C  _scr_2_01                          map2
     00004F71  _scr_2_02                          map2
     00004FB7  _scr_2_03                          map2
     00005002  _scr_2_04                          map2
     00005043  _scr_2_05                          map2
     0000507F  _scr_2_06                          map2
     000050BC  _scr_2_07                          map2
     00005121  _scr_2_08                          map2
     00005198  _scr_2_09                          map2
     0000520B  _scr_2_0a                          map2
     00005270  _scr_2_0b                          map2
     000052B0  _scr_2_0c                          map2
     0000531A  _scr_2_0d                          map2
     00005350  _scr_2_0e                          map2
     00005399  _scr_2_0f                          map2
     000053C4  _scr_2_10                          map2
     00005414  _scr_2_11                          map2
     00005466  _scr_2_12                          map2
     000054A7  _scr_2_13                          map2
     00005501  _scr_2_14                          map2
     00005553  _scr_2_15                          map2
     000055A6  _scr_2_16                          map2
     000055EC  _scr_2_17                          map2
     00005624  _map_2                             map2
     00005654  _map_2_locks                       map2
     00005664  _ts0_tmaps                         tileset
     000056D8  _ts1_tmaps                         tileset
     0000574C  _ts2_tmaps                         tileset
     000057C0  _title_rle                         tileset
     000059D6  _cuts_rle                          tileset
     00005AFF  _frame_rle                         tileset
     00005B56  _tsALL_patterns_c                  tileset
     000060F1  _tsALL_colours_c                   tileset
     000063EE  _ss_pl_00                          spriteset
     000063F7  _ss_pl_01                          spriteset
     00006400  _ss_pl_02                          spriteset
     00006409  _ss_pl_03                          spriteset
     00006412  _ss_pl_04                          spriteset
     0000641B  _ss_pl_05                          spriteset
     00006424  _ss_pl_06                          spriteset
     0000642D  _ss_pl_07                          spriteset
     00006436  _ss_en_00                          spriteset
ASxxxx Linker V03.00 + NoICE + sdld,  page 6.
Hexadecimal  [32-Bits]

Area                                    Addr        Size        Decimal Bytes (Attributes)
--------------------------------        ----        ----        ------- ----- ------------
_CODE                               00000200    00009742 =       38722. bytes (REL,CON)

      Value  Global                              Global Defined In Module
      -----  --------------------------------   ------------------------
     0000643F  _ss_en_01                          spriteset
     00006448  _ss_en_02                          spriteset
     00006451  _ss_en_03                          spriteset
     0000645A  _ss_en_04                          spriteset
     00006463  _ss_en_05                          spriteset
     0000646C  _ss_en_06                          spriteset
     00006475  _ss_en_07                          spriteset
     0000647E  _ss_it_00                          spriteset
     00006483  _ss_it_01                          spriteset
     0000648C  _ss_it_02                          spriteset
     00006495  _ss_it_03                          spriteset
     0000649E  _ss_it_04                          spriteset
     000064A7  _ss_it_05                          spriteset
     000064AC  _ss_ss_00                          spriteset
     000064B1  _ss_ss_01                          spriteset
     000064B6  _ss_ss_02                          spriteset
     000064BB  _ss_ss_03                          spriteset
     000064C0  _ssALL_patterns_c                  spriteset
     000068CF  _m_gover_psg                       murcia
     00006A91  _m_title_psg                       murcia
     00007631  _m_yun_psg                         murcia
     00008B77  _s_00_start2_psg                   murcia
     00008B8A  _s_01_tile3_psg                    murcia
     00008BA9  _s_02_object2_psg                  murcia
     00008BC0  _s_03_use2_psg                     murcia
     00008C21  _s_04_trampoline2_psg              murcia
     00008C36  _s_05_phit3_psg                    murcia
     00008C4B  _s_06_dummy13_psg                  murcia
     00008C55  _s_07_dummy22_psg                  murcia
     00008C9D  _s_08_jump2_psg                    murcia
     00008CC2  _s_09_bullet2_psg                  murcia
     00008CE4  _s_10_coco2_psg                    murcia
     00008D06  _s_11_spring2_psg                  murcia
     00008D1B  _s_12_count2_psg                   murcia
     00008D2E  _s_13_breakh3_psg                  murcia
     00008D46  _s_14_hitter3_psg                  murcia
     00008D50  _s_15_stepon3_psg                  murcia
     00008D5B  _s_16_float3_psg                   murcia
     00008D69  _s_17_breakb3_psg                  murcia
     00008D79  _s_18_ring2_psg                    murcia
     00008D8D  _s_19_fanfare2_psg                 murcia
     00008DD1  _PSGStop                           PSGlib
     00008DF8  _PSGPlay                           PSGlib
     00008E25  _PSGCancelLoop                     PSGlib
     00008E2B  _PSGPlayNoRepeat                   PSGlib
     00008E3A  _PSGGetStatus                      PSGlib
     00008E42  _PSGSFXStop                        PSGlib
     00008EA6  _PSGSFXPlay                        PSGlib
     00008EF1  _PSGSFXCancelLoop                  PSGlib
     00008EF7  _PSGSFXGetStatus                   PSGlib
     00008EFF  _PSGSFXPlayLoop                    PSGlib
ASxxxx Linker V03.00 + NoICE + sdld,  page 7.
Hexadecimal  [32-Bits]

Area                                    Addr        Size        Decimal Bytes (Attributes)
--------------------------------        ----        ----        ------- ----- ------------
_CODE                               00000200    00009742 =       38722. bytes (REL,CON)

      Value  Global                              Global Defined In Module
      -----  --------------------------------   ------------------------
     00008F19  _PSGFrame                          PSGlib
     00009020  _PSGSFXFrame                       PSGlib
     00009096  _SG_setReg                         SGlib
     000090C2  _VDPReg_init                       SGlib
     000090CA  _SG_VDPturnOnFeature               SGlib
     00009104  _SG_VDPturnOffFeature              SGlib
     00009135  _SG_init                           SGlib
     0000917C  _SG_setBackdropColor               SGlib
     00009190  _SG_setSpriteMode                  SGlib
     000091C5  _SG_loadTilePatterns               SGlib
     00009206  _SG_loadTileColours                SGlib
     0000924B  _SG_loadSpritePatterns             SGlib
     00009290  _SG_setTileatXY                    SGlib
     000092CF  _SG_setNextTileatXY                SGlib
     00009309  _SG_setTile                        SGlib
     00009311  _SG_fillTile                       SGlib
     00009339  _SG_loadTileMapArea                SGlib
     000093D5  _SG_initSprites                    SGlib
     00009400  _SG_addSprite                      SGlib
     00009482  _SG_addMetaSprite1x1               SGlib
     000095B6  _SG_addMetaSprite                  SGlib
     0000967C  _SG_finalizeSprites                SGlib
     0000967D  _SG_getStp                         SGlib
     00009681  _SG_setStp                         SGlib
     00009692  _SG_waitForVBlank                  SGlib
     0000969F  _SG_getKeysStatus                  SGlib
     000096A7  _SG_queryPauseRequested            SGlib
     000096AF  _SG_resetPauseRequest              SGlib
     000096B5  _SG_VRAMmemset                     SGlib
     000096E1  _SG_copySpritestoSAT               SGlib
     000096F4  _SG_VRAMmemcpy128                  SGlib
     00009717  _SG_setUpdateList                  SGlib
     00009728  _SG_doUpdateList                   SGlib
     0000976E  _SG_isr                            SGlib
     000097A3  _SG_nmi_isr                        SGlib
     000097B6  _aPLib_depack_VRAM                 aPLib
     000098E9  __moduchar                         
     000098F5  __moduint                          
     00009900  __divuint                          
     00009908  __divuchar                         
     0000990F  __divu8                            
     00009912  __divu16                           
     00009941  ___sdcc_call_hl                    
ASxxxx Linker V03.00 + NoICE + sdld,  page 8.
Hexadecimal  [32-Bits]

Area                                    Addr        Size        Decimal Bytes (Attributes)
--------------------------------        ----        ----        ------- ----- ------------
_HEADER0                            00000000    00000006 =           6. bytes (ABS,CON)

      Value  Global                              Global Defined In Module
      -----  --------------------------------   ------------------------
ASxxxx Linker V03.00 + NoICE + sdld,  page 9.
Hexadecimal  [32-Bits]

Area                                    Addr        Size        Decimal Bytes (Attributes)
--------------------------------        ----        ----        ------- ----- ------------
_HEADER1                            00000000    00000003 =           3. bytes (ABS,CON)

      Value  Global                              Global Defined In Module
      -----  --------------------------------   ------------------------
ASxxxx Linker V03.00 + NoICE + sdld,  page 10.
Hexadecimal  [32-Bits]

Area                                    Addr        Size        Decimal Bytes (Attributes)
--------------------------------        ----        ----        ------- ----- ------------
_HEADER2                            00000000    00000003 =           3. bytes (ABS,CON)

      Value  Global                              Global Defined In Module
      -----  --------------------------------   ------------------------
ASxxxx Linker V03.00 + NoICE + sdld,  page 11.
Hexadecimal  [32-Bits]

Area                                    Addr        Size        Decimal Bytes (Attributes)
--------------------------------        ----        ----        ------- ----- ------------
_HEADER3                            00000000    0000011E =         286. bytes (ABS,CON)

      Value  Global                              Global Defined In Module
      -----  --------------------------------   ------------------------
     0000018D  _outi_block                        crt0

ASxxxx Linker V03.00 + NoICE + sdld,  page 12.
Hexadecimal  [32-Bits]

Area                                    Addr        Size        Decimal Bytes (Attributes)
--------------------------------        ----        ----        ------- ----- ------------
_INITIALIZER                        00009942    00000006 =           6. bytes (REL,CON)

      Value  Global                              Global Defined In Module
      -----  --------------------------------   ------------------------
ASxxxx Linker V03.00 + NoICE + sdld,  page 13.
Hexadecimal  [32-Bits]

Area                                    Addr        Size        Decimal Bytes (Attributes)
--------------------------------        ----        ----        ------- ----- ------------
_GSINIT                             00009948    0000000F =          15. bytes (REL,CON)

      Value  Global                              Global Defined In Module
      -----  --------------------------------   ------------------------
     00009948  gsinit                             crt0

ASxxxx Linker V03.00 + NoICE + sdld,  page 14.
Hexadecimal  [32-Bits]

Area                                    Addr        Size        Decimal Bytes (Attributes)
--------------------------------        ----        ----        ------- ----- ------------
_GSFINAL                            00009957    00000001 =           1. bytes (REL,CON)

      Value  Global                              Global Defined In Module
      -----  --------------------------------   ------------------------
ASxxxx Linker V03.00 + NoICE + sdld,  page 15.
Hexadecimal  [32-Bits]

Area                                    Addr        Size        Decimal Bytes (Attributes)
--------------------------------        ----        ----        ------- ----- ------------
_DATA                               0000C000    00000346 =         838. bytes (REL,CON)

      Value  Global                              Global Defined In Module
      -----  --------------------------------   ------------------------
     0000C000  __x                                game
     0000C001  __y                                game
     0000C002  __n                                game
     0000C003  __t                                game
     0000C004  _pad0                              game
     0000C005  _pad_this_frame                    game
     0000C006  _gpit                              game
     0000C007  _gpjt                              game
     0000C008  _rds16                             game
     0000C00A  _gp_gen                            game
     0000C00C  _gp_tmap                           game
     0000C00E  _gp_ram                            game
     0000C010  _gp_addr                           game
     0000C012  _rdx                               game
     0000C013  _rdy                               game
     0000C014  _rdt                               game
     0000C015  _rdit                              game
     0000C016  _rda                               game
     0000C017  _rdb                               game
     0000C018  _rdc                               game
     0000C019  _rdd                               game
     0000C01A  _rdm                               game
     0000C01B  _rds                               game
     0000C01C  _rdct                              game
     0000C01D  _ticker                            game
     0000C01E  _at1                               game
     0000C01F  _at2                               game
     0000C020  _cx1                               game
     0000C021  _cx2                               game
     0000C022  _cy1                               game
     0000C023  _cy2                               game
     0000C024  _caux                              game
     0000C025  _cur_stp                           game
     0000C027  _en_initial                        game
     0000C028  _en_offs                           game
     0000C029  _en_fr                             game
     0000C02A  _en_collx                          game
     0000C02B  _en_colly                          game
     0000C02C  _en_spr                            game
     0000C02D  _touched                           game
     0000C02E  _en_is_alive                       game
     0000C02F  _pregotten                         game
     0000C030  _en_rmx                            game
     0000C033  _en_rmy                            game
     0000C036  __en_t                             game
     0000C037  __en_s                             game
     0000C038  __en_x                             game
     0000C039  __en_y                             game
     0000C03A  __en_x1                            game
     0000C03B  __en_y1                            game
ASxxxx Linker V03.00 + NoICE + sdld,  page 16.
Hexadecimal  [32-Bits]

Area                                    Addr        Size        Decimal Bytes (Attributes)
--------------------------------        ----        ----        ------- ----- ------------
_DATA                               0000C000    00000346 =         838. bytes (REL,CON)

      Value  Global                              Global Defined In Module
      -----  --------------------------------   ------------------------
     0000C03C  __en_x2                            game
     0000C03D  __en_y2                            game
     0000C03E  __en_mx                            game
     0000C03F  __en_my                            game
     0000C040  __en_ct                            game
     0000C041  __en_facing                        game
     0000C042  __en_state                         game
     0000C043  __enf_x                            game
     0000C045  __enf_y                            game
     0000C047  __enf_vx                           game
     0000C049  __enf_vy                           game
     0000C04B  _en_sg_1                           game
     0000C04C  _en_sg_2                           game
     0000C04D  _vertical_engine_type              game
     0000C04E  _px                                game
     0000C050  _py                                game
     0000C052  _pvx                               game
     0000C054  _pvy                               game
     0000C056  _prx                               game
     0000C057  _pry                               game
     0000C058  _pcx                               game
     0000C059  _pcy                               game
     0000C05A  _pfacing                           game
     0000C05B  _pfr                               game
     0000C05C  _psprid                            game
     0000C05D  _a_button                          game
     0000C05E  _b_button                          game
     0000C05F  _pfacinghlast                      game
     0000C060  _pj                                game
     0000C061  _pjb                               game
     0000C062  _pctj                              game
     0000C063  _pgotten                           game
     0000C064  _ppossee                           game
     0000C065  _oppossee                          game
     0000C066  _pflickering                       game
     0000C067  _pbouncing                         game
     0000C068  _phit                              game
     0000C069  _pgtmx                             game
     0000C06B  _pgtmy                             game
     0000C06D  _pfacingv                          game
     0000C06E  _pfacingh                          game
     0000C06F  _hitv                              game
     0000C070  _hith                              game
     0000C071  _prx_old                           game
     0000C072  _pry_old                           game
     0000C073  _pkill                             game
     0000C074  _pice                              game
     0000C075  _pnotsafe                          game
     0000C076  _pcontinues                        game
     0000C077  _plife                             game
     0000C078  _pkeys                             game
ASxxxx Linker V03.00 + NoICE + sdld,  page 17.
Hexadecimal  [32-Bits]

Area                                    Addr        Size        Decimal Bytes (Attributes)
--------------------------------        ----        ----        ------- ----- ------------
_DATA                               0000C000    00000346 =         838. bytes (REL,CON)

      Value  Global                              Global Defined In Module
      -----  --------------------------------   ------------------------
     0000C079  _pobjs                             game
     0000C07A  _pammo                             game
     0000C07B  _pkilled                           game
     0000C07C  _pfiring                           game
     0000C07D  _bi                                game
     0000C07E  _coco_it                           game
     0000C07F  _hrx                               game
     0000C080  _hry                               game
     0000C081  _hrt                               game
     0000C082  _do_process_breakable              game
     0000C083  _ft                                game
     0000C084  _c_map_w                           game
     0000C085  _c_map_h                           game
     0000C086  _c_map_size                        game
     0000C087  _c_ts_tmaps                        game
     0000C089  _c_behs                            game
     0000C08B  _spr_enems                         game
     0000C08D  _c_map                             game
     0000C08F  _c_locks                           game
     0000C091  _c_enems                           game
     0000C093  _c_hotspots                        game
     0000C095  _c_max_bolts                       game
     0000C096  _ntsc                              game
     0000C097  _ntsc_frame                        game
     0000C098  _update_index                      game
     0000C099  _update_list                       game
     0000C0F9  _fader                             game
     0000C0FA  _fade_delay                        game
     0000C0FB  _map_buff                          game
     0000C1BB  _first_game                        game
     0000C1BC  _level                             game
     0000C1BD  _c_max_enems                       game
     0000C1BE  _n_pant                            game
     0000C1BF  _on_pant                           game
     0000C1C0  _half_life                         game
     0000C1C1  _frame_counter                     game
     0000C1C2  _paused                            game
     0000C1C3  _win_level                         game
     0000C1C4  _game_over                         game
     0000C1C5  _warp_to_level                     game
     0000C1C6  _level_reset                       game
     0000C1C7  _flick_override                    game
     0000C1C8  _olife                             game
     0000C1C9  _okeys                             game
     0000C1CA  _oobjs                             game
     0000C1CB  _oammo                             game
     0000C1CC  _okilled                           game
     0000C1CD  _oam_index_player                  game
     0000C1CE  _b_slots                           game
     0000C1D2  _b_slots_i                         game
     0000C1D3  _bst                               game
ASxxxx Linker V03.00 + NoICE + sdld,  page 18.
Hexadecimal  [32-Bits]

Area                                    Addr        Size        Decimal Bytes (Attributes)
--------------------------------        ----        ----        ------- ----- ------------
_DATA                               0000C000    00000346 =         838. bytes (REL,CON)

      Value  Global                              Global Defined In Module
      -----  --------------------------------   ------------------------
     0000C1D7  _bx                                game
     0000C1DB  _by                                game
     0000C1DF  _bmx                               game
     0000C1E3  _bmy                               game
     0000C1E7  _pctfr                             game
     0000C1E8  _coco_slots                        game
     0000C1EC  _coco_slots_i                      game
     0000C1ED  _coco_on                           game
     0000C1F1  _coco_x                            game
     0000C1F9  _coco_y                            game
     0000C201  _coco_vx                           game
     0000C209  _coco_vy                           game
     0000C211  _brkf                              game
     0000C215  _brkx                              game
     0000C219  _brky                              game
     0000C21D  _pmayneedrelocation                game
     0000C21E  _hact                              game
     0000C236  _lkact                             game
     0000C246  _flags                             game
     0000C256  _en_t                              game
     0000C259  _en_x                              game
     0000C25C  _en_y                              game
     0000C25F  _en_x1                             game
     0000C262  _en_y1                             game
     0000C265  _en_x2                             game
     0000C268  _en_y2                             game
     0000C26B  _en_mx                             game
     0000C26E  _en_my                             game
     0000C271  _en_s                              game
     0000C274  _en_facing                         game
     0000C277  _en_state                          game
     0000C27A  _en_flags                          game
     0000C27D  _en_cttouched                      game
     0000C280  _en_life                           game
     0000C283  _en_status                         game
     0000C286  _en_ct                             game
     0000C289  _en_rawv                           game
     0000C28C  _en_spr_x_mod                      game
     0000C28D  _en_spr_id                         game
     0000C290  _bombs_set                         game
     0000C291  _seed1                             rand
     0000C293  _seed2                             rand
     0000C295  _randres                           rand
     0000C296  _PSGMusicStart                     PSGlib
     0000C298  _PSGMusicPointer                   PSGlib
     0000C29A  _PSGMusicLoopPoint                 PSGlib
     0000C29C  _PSGMusicSkipFrames                PSGlib
     0000C29D  _PSGLoopFlag                       PSGlib
     0000C29E  _PSGMusicLastLatch                 PSGlib
     0000C29F  _PSGMusicSubstringLen              PSGlib
     0000C2A0  _PSGMusicSubstringRetAddr          PSGlib
ASxxxx Linker V03.00 + NoICE + sdld,  page 19.
Hexadecimal  [32-Bits]

Area                                    Addr        Size        Decimal Bytes (Attributes)
--------------------------------        ----        ----        ------- ----- ------------
_DATA                               0000C000    00000346 =         838. bytes (REL,CON)

      Value  Global                              Global Defined In Module
      -----  --------------------------------   ------------------------
     0000C2A2  _PSGChan2Volume                    PSGlib
     0000C2A3  _PSGChan3Volume                    PSGlib
     0000C2A4  _PSGChan2LowTone                   PSGlib
     0000C2A5  _PSGChan3LowTone                   PSGlib
     0000C2A6  _PSGChan2HighTone                  PSGlib
     0000C2A7  _PSGSFXStart                       PSGlib
     0000C2A9  _PSGSFXPointer                     PSGlib
     0000C2AB  _PSGSFXLoopPoint                   PSGlib
     0000C2AD  _PSGSFXSkipFrames                  PSGlib
     0000C2AE  _PSGSFXLoopFlag                    PSGlib
     0000C2AF  _PSGSFXSubstringLen                PSGlib
     0000C2B0  _PSGSFXSubstringRetAddr            PSGlib
     0000C2B2  _VDPBlank                          SGlib
     0000C2B3  _PauseRequested                    SGlib
     0000C2B4  _KeysStatus                        SGlib
     0000C2B5  _SpriteTable                       SGlib
     0000C335  _stp                               SGlib
     0000C337  _SpriteTableEnd                    SGlib
     0000C339  _first_sprite                      SGlib
     0000C33A  _libgpit                           SGlib
     0000C33B  _VDPType                           SGlib
     0000C33C  _updateList                        SGlib
     0000C33E  _ulp                               SGlib
     0000C340  _ulpMsb                            SGlib
     0000C341  _aPLib_bits                        aPLib
     0000C343  _aPLib_LWM                         aPLib
     0000C344  _aPLib_R0                          aPLib

ASxxxx Linker V03.00 + NoICE + sdld,  page 20.
Hexadecimal  [32-Bits]

Area                                    Addr        Size        Decimal Bytes (Attributes)
--------------------------------        ----        ----        ------- ----- ------------
_INITIALIZED                        0000C346    00000006 =           6. bytes (REL,CON)

      Value  Global                              Global Defined In Module
      -----  --------------------------------   ------------------------
     0000C346  _PSGMusicStatus                    PSGlib
     0000C347  _PSGChannel2SFX                    PSGlib
     0000C348  _PSGChannel3SFX                    PSGlib
     0000C349  _PSGSFXStatus                      PSGlib
     0000C34A  _VDPReg                            SGlib

ASxxxx Linker V03.00 + NoICE + sdld,  page 21.

Files Linked                              [ module(s) ]

lib/crt0_sg.rel                           [ crt0 ]
rel/game.rel                              [ game ]
rel/utils/rand.rel                        [ rand ]
rel/utils/delay.rel                       [ delay ]
rel/utils/memfill.rel                     [ memfill ]
rel/utils/unpacker.rel                    [ unpacker ]
rel/utils/unrle.rel                       [ unrle ]
rel/engine/propellers.rel                 [ propellers ]
rel/engine/tile_chac_chac.rel             [ tile_chac_chac ]
rel/engine/printer.rel                    [ printer ]
rel/engine/general.rel                    [ general ]
rel/engine/breakable.rel                  [ breakable ]
rel/engine/player.rel                     [ player ]
rel/engine/cocos.rel                      [ cocos ]
rel/engine/enengine.rel                   [ enengine ]
rel/assets/enems0.rel                     [ enems0 ]
rel/assets/enems1.rel                     [ enems1 ]
rel/assets/enems2.rel                     [ enems2 ]
rel/assets/map0.rel                       [ map0 ]
rel/assets/map1.rel                       [ map1 ]
rel/assets/map2.rel                       [ map2 ]
rel/assets/tileset.rel                    [ tileset ]
rel/assets/spriteset.rel                  [ spriteset ]
rel/murcia.rel                            [ murcia ]
lib/PSGlib.rel                            [ PSGlib ]
lib/SGlib.rel                             [ SGlib ]
lib/aPLib.rel                             [ aPLib ]


Libraries Linked                          [ object file ]

d:\git\loves_the_sg1000\environment\sdcc-sg1000\bin\..\lib\z80/z80.lib
                                          [ modunsigned.rel ]
d:\git\loves_the_sg1000\environment\sdcc-sg1000\bin\..\lib\z80/z80.lib
                                          [ divunsigned.rel ]
d:\git\loves_the_sg1000\environment\sdcc-sg1000\bin\..\lib\z80/z80.lib
                                          [ __sdcc_call_hl.rel ]

ASxxxx Linker V03.00 + NoICE + sdld,  page 22.

User Base Address Definitions

_CODE = 0x0200
_DATA = 0xc000

