ASxxxx Linker V03.00 + NoICE + sdld,  page 1.
Hexadecimal  [32-Bits]

Area                                    Addr        Size        Decimal Bytes (Attributes)
--------------------------------        ----        ----        ------- ----- ------------
.  .ABS.                            00000000    00000000 =           0. bytes (ABS,CON)

      Value  Global                              Global Defined In Module
      -----  --------------------------------   ------------------------
     00000000  .__.ABS.                           
     00000000  l__BSEG                         
     00000000  l__BSS                          
     00000000  l__CABS                         
     00000000  l__DABS                         
     00000000  l__HEADER                       
     00000000  l__HEAP                         
     00000000  l__HOME                         
     00000000  s__CABS                         
     00000000  s__DABS                         
     00000000  s__HEADER                       
     00000000  s__HEADER0                      
     00000000  s__HEADER1                      
     00000000  s__HEADER2                      
     00000000  s__HEADER3                      
     00000001  l__GSFINAL                      
     00000003  l__HEADER1                      
     00000003  l__HEADER2                      
     00000006  l__HEADER0                      
     00000006  l__INITIALIZED                  
     00000006  l__INITIALIZER                  
     0000000F  l__GSINIT                       
     0000011E  l__HEADER3                      
     00000200  s__CODE                         
     0000031E  l__DATA                         
     0000B923  l__CODE                         
     0000BB23  s__HOME                         
     0000BB23  s__INITIALIZER                  
     0000BB29  s__GSINIT                       
     0000BB38  s__GSFINAL                      
     0000C000  s__DATA                         
     0000C31E  s__INITIALIZED                  
     0000C324  s__BSEG                         
     0000C324  s__BSS                          
     0000C324  s__HEAP                         

ASxxxx Linker V03.00 + NoICE + sdld,  page 2.
Hexadecimal  [32-Bits]

Area                                    Addr        Size        Decimal Bytes (Attributes)
--------------------------------        ----        ----        ------- ----- ------------
_CODE                               00000200    0000B923 =       47395. bytes (REL,CON)

      Value  Global                              Global Defined In Module
      -----  --------------------------------   ------------------------
     00000200  __clock                            crt0
     00000204  _exit                              crt0
     0000020A  _hotspots_load                     game
     0000022C  _chac_chacs_initial_times          game
     0000022F  _chac_chacs_times                  game
     00000235  _chac_chacs_t1                     game
     0000023B  _chac_chacs_t2                     game
     00000241  _chac_chacs_t3                     game
     00000247  _bits                              game
     0000024F  _jitter                            game
     0000025F  _behs0                             game
     0000026F  _behs1                             game
     00000281  _behs2                             game
     00000294  _behs3                             game
     000002A7  _spr_player                        game
     000002CF  _spr_enems0                        game
     0000030F  _spr_enems1                        game
     0000034F  _spr_hs                            game
     00000359  _l_scr_ini                         game
     0000035D  _l_ini_x                           game
     00000361  _l_ini_y                           game
     00000365  _l_map_w                           game
     00000369  _l_map_h                           game
     0000036D  _l_player_max_objects              game
     00000371  _l_player_max_enems                game
     00000375  _l_ts_tmaps                        game
     0000037D  _l_behs                            game
     00000385  _l_spr_enems                       game
     0000038D  _l_map                             game
     00000395  _l_decos                           game
     00000399  _l_enems                           game
     000003A1  _l_hotspots                        game
     000003A9  _l_music                           game
     000003B1  _hotspots_paint                    game
     000003DC  _hotspots_create                   game
     0000043C  _draw_game_frame                   game
     00000445  _hud_update                        game
     0000049E  _bat_in                            game
     000004AE  _bat_out                           game
     000004BF  _pres                              game
     000004F2  _snip                              game
     00000545  _logo                              game
     00000563  _title                             game
     000006E2  _scr_game_over                     game
     0000077E  _scr_sclear                        game
     00000834  _game_ending                       game
     00000903  _credits                           game
     00000A09  _flickscreen_do_horizontal         game
     00000A48  _flickscreen_do_vertical           game
     00000ACD  _player_frame_selector             game
ASxxxx Linker V03.00 + NoICE + sdld,  page 3.
Hexadecimal  [32-Bits]

Area                                    Addr        Size        Decimal Bytes (Attributes)
--------------------------------        ----        ----        ------- ----- ------------
_CODE                               00000200    0000B923 =       47395. bytes (REL,CON)

      Value  Global                              Global Defined In Module
      -----  --------------------------------   ------------------------
     00000B74  _game_init                         game
     00000CD7  _prepare_scr                       game
     00000DCF  _game_loop                         game
     00001031  _main                              game
     000010EC  _m_n_ending_psg                    murcia
     00001949  _m_n_gover_psg                     murcia
     00001BFF  _m_n_sclear_psg                    murcia
     00001E11  _m_n_stagea_psg                    murcia
     00002C3E  _m_n_stageb_psg                    murcia
     00003A2A  _m_n_stagec_psg                    murcia
     00004853  _m_n_title_psg                     murcia
     00004DD2  _s_00_start2_psg                   murcia
     00004DE5  _s_01_tile3_psg                    murcia
     00004E04  _s_02_object2_psg                  murcia
     00004E1B  _s_03_use2_psg                     murcia
     00004E7C  _s_04_trampoline2_psg              murcia
     00004E91  _s_05_phit3_psg                    murcia
     00004EA6  _s_06_dummy13_psg                  murcia
     00004EB0  _s_07_dummy22_psg                  murcia
     00004EF8  _s_08_jump2_psg                    murcia
     00004F1D  _s_09_bullet2_psg                  murcia
     00004F3F  _s_10_coco2_psg                    murcia
     00004F61  _s_11_spring2_psg                  murcia
     00004F76  _s_12_count2_psg                   murcia
     00004F89  _s_13_breakh3_psg                  murcia
     00004FA1  _s_14_hitter3_psg                  murcia
     00004FAB  _s_15_stepon3_psg                  murcia
     00004FB6  _s_16_float3_psg                   murcia
     00004FC4  _s_17_breakb3_psg                  murcia
     00004FD4  _s_18_ring2_psg                    murcia
     00004FE8  _s_19_fanfare2_psg                 murcia
     0000502C  _enems_0                           enems0
     000051D0  _hotspots_0                        enems0
     00005216  _enems_1                           enems1
     000053BA  _hotspots_1                        enems1
     00005400  _enems_2                           enems2
     000055A4  _hotspots_2                        enems2
     000055EA  _enems_3                           enems3
     000056AA  _hotspots_3                        enems3
     000056CA  _scr_0_00                          map0
     00005703  _scr_0_01                          map0
     0000573E  _scr_0_02                          map0
     00005779  _scr_0_03                          map0
     000057CA  _scr_0_04                          map0
     00005803  _scr_0_05                          map0
     0000581E  _scr_0_06                          map0
     0000585A  _scr_0_07                          map0
     0000587B  _scr_0_08                          map0
     0000589C  _scr_0_09                          map0
     000058F7  _scr_0_0a                          map0
     00005939  _scr_0_0b                          map0
ASxxxx Linker V03.00 + NoICE + sdld,  page 4.
Hexadecimal  [32-Bits]

Area                                    Addr        Size        Decimal Bytes (Attributes)
--------------------------------        ----        ----        ------- ----- ------------
_CODE                               00000200    0000B923 =       47395. bytes (REL,CON)

      Value  Global                              Global Defined In Module
      -----  --------------------------------   ------------------------
     00005972  _scr_0_0c                          map0
     00005996  _scr_0_0d                          map0
     000059CF  _scr_0_0e                          map0
     000059F6  _scr_0_0f                          map0
     00005A2F  _scr_0_10                          map0
     00005A62  _scr_0_11                          map0
     00005A98  _scr_0_12                          map0
     00005AEE  _scr_0_13                          map0
     00005B26  _scr_0_14                          map0
     00005B62  _scr_0_15                          map0
     00005B85  _scr_0_16                          map0
     00005BCA  _scr_0_17                          map0
     00005C08  _scr_0_18                          map0
     00005C4C  _scr_0_19                          map0
     00005C97  _scr_0_1a                          map0
     00005CBE  _scr_0_1b                          map0
     00005CFB  _scr_0_1c                          map0
     00005D29  _scr_0_1d                          map0
     00005D56  _scr_0_1e                          map0
     00005D8C  _scr_0_1f                          map0
     00005DD2  _scr_0_20                          map0
     00005E0A  _scr_0_21                          map0
     00005E27  _scr_0_22                          map0
     00005E5B  _map_0                             map0
     00005EA1  _scr_1_00                          map1
     00005F01  _scr_1_01                          map1
     00005F62  _scr_1_02                          map1
     00005FCF  _scr_1_03                          map1
     0000600A  _scr_1_04                          map1
     0000604B  _scr_1_05                          map1
     000060AC  _scr_1_06                          map1
     000060F6  _scr_1_07                          map1
     00006172  _scr_1_08                          map1
     000061AE  _scr_1_09                          map1
     00006225  _scr_1_0a                          map1
     00006287  _scr_1_0b                          map1
     000062CA  _scr_1_0c                          map1
     00006318  _scr_1_0d                          map1
     0000636C  _scr_1_0e                          map1
     000063D4  _scr_1_0f                          map1
     0000644B  _scr_1_10                          map1
     0000649B  _scr_1_11                          map1
     000064EC  _scr_1_12                          map1
     00006547  _scr_1_13                          map1
     0000657E  _scr_1_14                          map1
     000065DE  _scr_1_15                          map1
     00006623  _scr_1_16                          map1
     00006697  _scr_1_17                          map1
     000066DF  _scr_1_18                          map1
     00006715  _scr_1_19                          map1
     00006780  _scr_1_1a                          map1
ASxxxx Linker V03.00 + NoICE + sdld,  page 5.
Hexadecimal  [32-Bits]

Area                                    Addr        Size        Decimal Bytes (Attributes)
--------------------------------        ----        ----        ------- ----- ------------
_CODE                               00000200    0000B923 =       47395. bytes (REL,CON)

      Value  Global                              Global Defined In Module
      -----  --------------------------------   ------------------------
     000067F3  _scr_1_1b                          map1
     00006841  _scr_1_1c                          map1
     000068A4  _scr_1_1d                          map1
     00006915  _scr_1_1e                          map1
     0000699A  _scr_1_1f                          map1
     000069E5  _scr_1_20                          map1
     00006A64  _scr_1_21                          map1
     00006AD0  _scr_1_22                          map1
     00006B0E  _map_1                             map1
     00006B54  _scr_2_00                          map2
     00006B99  _scr_2_01                          map2
     00006BD0  _scr_2_02                          map2
     00006C09  _scr_2_03                          map2
     00006C52  _scr_2_04                          map2
     00006C8B  _scr_2_05                          map2
     00006CBA  _scr_2_06                          map2
     00006CE1  _scr_2_07                          map2
     00006D35  _scr_2_08                          map2
     00006D6B  _scr_2_09                          map2
     00006DB7  _scr_2_0a                          map2
     00006DF8  _scr_2_0b                          map2
     00006E37  _scr_2_0c                          map2
     00006E87  _scr_2_0d                          map2
     00006EAE  _scr_2_0e                          map2
     00006F13  _scr_2_0f                          map2
     00006F56  _scr_2_10                          map2
     00006FA8  _scr_2_11                          map2
     00006FEB  _scr_2_12                          map2
     00007022  _scr_2_13                          map2
     0000705A  _scr_2_14                          map2
     00007082  _scr_2_15                          map2
     000070CB  _scr_2_16                          map2
     000070FB  _scr_2_17                          map2
     00007135  _scr_2_18                          map2
     000071BC  _scr_2_19                          map2
     00007218  _scr_2_1a                          map2
     0000723A  _scr_2_1b                          map2
     0000725C  _scr_2_1c                          map2
     0000729F  _scr_2_1d                          map2
     000072CB  _scr_2_1e                          map2
     00007306  _scr_2_1f                          map2
     0000736F  _scr_2_20                          map2
     000073AE  _scr_2_21                          map2
     000073EC  _scr_2_22                          map2
     00007429  _map_2                             map2
     0000746F  _scr_3_00                          map3
     00007498  _scr_3_01                          map3
     000074B0  _scr_3_02                          map3
     000074D8  _scr_3_03                          map3
     0000751B  _scr_3_04                          map3
     0000756F  _scr_3_05                          map3
ASxxxx Linker V03.00 + NoICE + sdld,  page 6.
Hexadecimal  [32-Bits]

Area                                    Addr        Size        Decimal Bytes (Attributes)
--------------------------------        ----        ----        ------- ----- ------------
_CODE                               00000200    0000B923 =       47395. bytes (REL,CON)

      Value  Global                              Global Defined In Module
      -----  --------------------------------   ------------------------
     000075BC  _scr_3_06                          map3
     000075F3  _scr_3_07                          map3
     00007632  _scr_3_08                          map3
     0000765E  _scr_3_09                          map3
     00007675  _scr_3_0a                          map3
     00007693  _scr_3_0b                          map3
     000076B3  _scr_3_0c                          map3
     000076EA  _scr_3_0d                          map3
     00007723  _scr_3_0e                          map3
     0000774A  _scr_3_0f                          map3
     0000777B  _map_3                             map3
     0000779B  _ss_pl_00                          spriteset
     000077A4  _ss_pl_01                          spriteset
     000077AD  _ss_pl_02                          spriteset
     000077B6  _ss_pl_03                          spriteset
     000077BF  _ss_pl_04                          spriteset
     000077C8  _ss_pl_05                          spriteset
     000077D1  _ss_pl_06                          spriteset
     000077DA  _ss_pl_07                          spriteset
     000077E3  _ss_pl_08                          spriteset
     000077EC  _ss_pl_09                          spriteset
     000077F5  _ss_pl_0a                          spriteset
     000077FE  _ss_pl_0b                          spriteset
     00007807  _ss_pl_0c                          spriteset
     00007810  _ss_pl_0d                          spriteset
     00007819  _ss_pl_0e                          spriteset
     00007822  _ss_pl_0f                          spriteset
     0000782B  _ss_en0_00                         spriteset
     00007830  _ss_en0_01                         spriteset
     00007835  _ss_en0_02                         spriteset
     0000783E  _ss_en0_03                         spriteset
     00007847  _ss_en0_04                         spriteset
     0000784C  _ss_en0_05                         spriteset
     00007851  _ss_en1_00                         spriteset
     0000785A  _ss_en1_01                         spriteset
     00007863  _ss_en1_02                         spriteset
     0000786C  _ss_en1_03                         spriteset
     00007875  _ss_en1_04                         spriteset
     0000787E  _ss_en1_05                         spriteset
     00007887  _ss_plat_00                        spriteset
     0000788C  _ss_it_00                          spriteset
     00007891  _ss_it_01                          spriteset
     00007896  _ss_it_02                          spriteset
     0000789B  _ssALL_patterns_c                  spriteset
     00007CDA  _tsFONT_patterns_c                 tileset
     00007E26  _tsFONT_colours_c                  tileset
     00007E68  _ts0_tmaps                         tileset
     00007EA8  _ts1_tmaps                         tileset
     00007EEC  _ts2_tmaps                         tileset
     00007F38  _ts3_tmaps                         tileset
     00007F84  _title_rle                         tileset
ASxxxx Linker V03.00 + NoICE + sdld,  page 7.
Hexadecimal  [32-Bits]

Area                                    Addr        Size        Decimal Bytes (Attributes)
--------------------------------        ----        ----        ------- ----- ------------
_CODE                               00000200    0000B923 =       47395. bytes (REL,CON)

      Value  Global                              Global Defined In Module
      -----  --------------------------------   ------------------------
     00008183  _title_cutout_paco                 tileset
     00008223  _title_cutout_puri                 tileset
     000082C3  _cuts_rle                          tileset
     00008394  _frame_rle                         tileset
     000083C2  _tsALL_patterns_c                  tileset
     0000876C  _tsALL_colours_c                   tileset
     00008981  _ending_rle                        tileset
     00008A1F  _tsE_patterns_c                    tileset
     00008CFB  _tsE_colours_c                     tileset
     00008E6D  _enems_persistent_load             enengine
     00008F5F  _enems_persistent_update           enengine
     00008FE3  _enems_update_unsigned_char_arra   enengine
     0000908D  _enems_facing                      enengine
     00009096  _enems_init_fp                     enengine
     000090BB  _enems_boioiong_init               enengine
     00009102  _enems_load                        enengine
     000092B5  _enems_kill                        enengine
     000092C6  _enems_hit                         enengine
     000092E6  _enems_move                        enengine
     00009BCF  _cm_two_points                     general
     00009C5A  _collide_in                        general
     00009CB1  _collide                           general
     00009D25  _add_sign                          general
     00009D55  _pad_read                          general
     00009D7A  _jump_start                        general
     00009D98  _update_cycle                      general
     00009DB2  _do_update_list_and_wait           general
     00009DC3  _player_stop                       player
     00009DCF  _player_init                       player
     00009E1A  _player_render                     player
     00009E4A  _player_to_pixels                  player
     00009E8F  _player_kill                       player
     00009ED0  _player_move                       player
     0000A6A9  _clear_update_list                 printer
     0000A6C0  _cls                               printer
     0000A6D4  _ul_putc                           printer
     0000A71E  _p_t                               printer
     0000A773  _p_tf                              printer
     0000A7AB  _draw_tile                         printer
     0000A865  _update_list_tile                  printer
     0000A8F3  _map_set                           printer
     0000A928  _get_byte                          printer
     0000A93C  _add_tile                          printer
     0000A94E  _draw_scr                          printer
     0000AB57  _pr_str                            printer
     0000AB99  _propellers_add                    propellers
     0000ABAC  _propellers_do                     propellers
     0000AC10  _chac_chacs_add                    tile_chac_chac
     0000AC63  _chac_chacs_do                     tile_chac_chac
     0000ADE0  _delay                             delay
     0000ADF1  _memfill                           memfill
ASxxxx Linker V03.00 + NoICE + sdld,  page 8.
Hexadecimal  [32-Bits]

Area                                    Addr        Size        Decimal Bytes (Attributes)
--------------------------------        ----        ----        ------- ----- ------------
_CODE                               00000200    0000B923 =       47395. bytes (REL,CON)

      Value  Global                              Global Defined In Module
      -----  --------------------------------   ------------------------
     0000AE12  _rand8                             rand
     0000AE3C  _srand                             rand
     0000AE49  _set_rand                          rand
     0000AE60  _unpack_bg_patterns                unpacker
     0000AF07  _unrle_adv                         unrle
     0000AF16  _unrle                             unrle
     0000AF8C  _PSGSilence                        PSGlib
     0000AFA8  _PSGStop                           PSGlib
     0000AFB6  _PSGPlay                           PSGlib
     0000AFE3  _PSGCancelLoop                     PSGlib
     0000AFE9  _PSGPlayNoRepeat                   PSGlib
     0000AFF8  _PSGGetStatus                      PSGlib
     0000B000  _PSGSFXStop                        PSGlib
     0000B064  _PSGSFXPlay                        PSGlib
     0000B0AF  _PSGSFXCancelLoop                  PSGlib
     0000B0B5  _PSGSFXGetStatus                   PSGlib
     0000B0BD  _PSGSFXPlayLoop                    PSGlib
     0000B0D7  _PSGFrame                          PSGlib
     0000B1DE  _PSGSFXFrame                       PSGlib
     0000B254  _SG_setReg                         SGlib
     0000B280  _VDPReg_init                       SGlib
     0000B288  _SG_VDPturnOnFeature               SGlib
     0000B2C2  _SG_VDPturnOffFeature              SGlib
     0000B2F3  _SG_init                           SGlib
     0000B340  _SG_setBackdropColor               SGlib
     0000B354  _SG_setSpriteMode                  SGlib
     0000B389  _SG_loadTilePatterns               SGlib
     0000B3CA  _SG_loadTileColours                SGlib
     0000B40F  _SG_loadSpritePatterns             SGlib
     0000B454  _SG_setTileatXY                    SGlib
     0000B493  _SG_setNextTileatXY                SGlib
     0000B4CD  _SG_setTile                        SGlib
     0000B4D5  _SG_fillTile                       SGlib
     0000B4FD  _SG_loadTileMapArea                SGlib
     0000B599  _SG_initSprites                    SGlib
     0000B5C4  _SG_addSprite                      SGlib
     0000B646  _SG_addMetaSprite1x1               SGlib
     0000B77A  _SG_addMetaSprite                  SGlib
     0000B83A  _SG_finalizeSprites                SGlib
     0000B83B  _SG_getStp                         SGlib
     0000B83F  _SG_setStp                         SGlib
     0000B850  _SG_waitForVBlank                  SGlib
     0000B85D  _SG_getKeysStatus                  SGlib
     0000B865  _SG_queryPauseRequested            SGlib
     0000B86D  _SG_resetPauseRequest              SGlib
     0000B873  _SG_VRAMmemset                     SGlib
     0000B89F  _SG_copySpritestoSAT               SGlib
     0000B8B2  _SG_VRAMmemcpy128                  SGlib
     0000B8D5  _SG_setUpdateList                  SGlib
     0000B8E6  _SG_doUpdateList                   SGlib
     0000B92C  _SG_isr                            SGlib
ASxxxx Linker V03.00 + NoICE + sdld,  page 9.
Hexadecimal  [32-Bits]

Area                                    Addr        Size        Decimal Bytes (Attributes)
--------------------------------        ----        ----        ------- ----- ------------
_CODE                               00000200    0000B923 =       47395. bytes (REL,CON)

      Value  Global                              Global Defined In Module
      -----  --------------------------------   ------------------------
     0000B96B  _SG_nmi_isr                        SGlib
     0000B97E  _music_pause                       SGlib
     0000B997  _aPLib_depack_VRAM                 aPLib
     0000BACA  __moduchar                         
     0000BAD6  __moduint                          
     0000BAE1  __divuint                          
     0000BAE9  __divuchar                         
     0000BAF0  __divu8                            
     0000BAF3  __divu16                           
     0000BB22  ___sdcc_call_hl                    
ASxxxx Linker V03.00 + NoICE + sdld,  page 10.
Hexadecimal  [32-Bits]

Area                                    Addr        Size        Decimal Bytes (Attributes)
--------------------------------        ----        ----        ------- ----- ------------
_HEADER0                            00000000    00000006 =           6. bytes (ABS,CON)

      Value  Global                              Global Defined In Module
      -----  --------------------------------   ------------------------
ASxxxx Linker V03.00 + NoICE + sdld,  page 11.
Hexadecimal  [32-Bits]

Area                                    Addr        Size        Decimal Bytes (Attributes)
--------------------------------        ----        ----        ------- ----- ------------
_HEADER1                            00000000    00000003 =           3. bytes (ABS,CON)

      Value  Global                              Global Defined In Module
      -----  --------------------------------   ------------------------
ASxxxx Linker V03.00 + NoICE + sdld,  page 12.
Hexadecimal  [32-Bits]

Area                                    Addr        Size        Decimal Bytes (Attributes)
--------------------------------        ----        ----        ------- ----- ------------
_HEADER2                            00000000    00000003 =           3. bytes (ABS,CON)

      Value  Global                              Global Defined In Module
      -----  --------------------------------   ------------------------
ASxxxx Linker V03.00 + NoICE + sdld,  page 13.
Hexadecimal  [32-Bits]

Area                                    Addr        Size        Decimal Bytes (Attributes)
--------------------------------        ----        ----        ------- ----- ------------
_HEADER3                            00000000    0000011E =         286. bytes (ABS,CON)

      Value  Global                              Global Defined In Module
      -----  --------------------------------   ------------------------
     0000018D  _outi_block                        crt0

ASxxxx Linker V03.00 + NoICE + sdld,  page 14.
Hexadecimal  [32-Bits]

Area                                    Addr        Size        Decimal Bytes (Attributes)
--------------------------------        ----        ----        ------- ----- ------------
_INITIALIZER                        0000BB23    00000006 =           6. bytes (REL,CON)

      Value  Global                              Global Defined In Module
      -----  --------------------------------   ------------------------
ASxxxx Linker V03.00 + NoICE + sdld,  page 15.
Hexadecimal  [32-Bits]

Area                                    Addr        Size        Decimal Bytes (Attributes)
--------------------------------        ----        ----        ------- ----- ------------
_GSINIT                             0000BB29    0000000F =          15. bytes (REL,CON)

      Value  Global                              Global Defined In Module
      -----  --------------------------------   ------------------------
     0000BB29  gsinit                             crt0

ASxxxx Linker V03.00 + NoICE + sdld,  page 16.
Hexadecimal  [32-Bits]

Area                                    Addr        Size        Decimal Bytes (Attributes)
--------------------------------        ----        ----        ------- ----- ------------
_GSFINAL                            0000BB38    00000001 =           1. bytes (REL,CON)

      Value  Global                              Global Defined In Module
      -----  --------------------------------   ------------------------
ASxxxx Linker V03.00 + NoICE + sdld,  page 17.
Hexadecimal  [32-Bits]

Area                                    Addr        Size        Decimal Bytes (Attributes)
--------------------------------        ----        ----        ------- ----- ------------
_DATA                               0000C000    0000031E =         798. bytes (REL,CON)

      Value  Global                              Global Defined In Module
      -----  --------------------------------   ------------------------
     0000C000  __x                                game
     0000C001  __y                                game
     0000C002  __n                                game
     0000C003  __t                                game
     0000C004  _pad0                              game
     0000C005  _pad_this_frame                    game
     0000C006  _gpit                              game
     0000C007  _gpjt                              game
     0000C008  _rds16                             game
     0000C00A  _gp_gen                            game
     0000C00C  _gp_tmap                           game
     0000C00E  _gp_ram                            game
     0000C010  _gp_addr                           game
     0000C012  _rdx                               game
     0000C013  _rdy                               game
     0000C014  _rdt                               game
     0000C015  _rdit                              game
     0000C016  _rda                               game
     0000C017  _rdb                               game
     0000C018  _rdc                               game
     0000C019  _rdd                               game
     0000C01A  _rdm                               game
     0000C01B  _rds                               game
     0000C01C  _rdct                              game
     0000C01D  _ticker                            game
     0000C01E  _at1                               game
     0000C01F  _at2                               game
     0000C020  _cx1                               game
     0000C021  _cx2                               game
     0000C022  _cy1                               game
     0000C023  _cy2                               game
     0000C024  _caux                              game
     0000C025  _cur_stp                           game
     0000C027  _en_initial                        game
     0000C028  _en_offs                           game
     0000C029  _en_fr                             game
     0000C02A  _en_collx                          game
     0000C02B  _en_colly                          game
     0000C02C  _en_spr                            game
     0000C02D  _touched                           game
     0000C02E  _en_is_alive                       game
     0000C02F  _pregotten                         game
     0000C030  _en_rmx                            game
     0000C033  __en_t                             game
     0000C034  __en_s                             game
     0000C035  __en_x                             game
     0000C036  __en_y                             game
     0000C037  __en_x1                            game
     0000C038  __en_y1                            game
     0000C039  __en_x2                            game
ASxxxx Linker V03.00 + NoICE + sdld,  page 18.
Hexadecimal  [32-Bits]

Area                                    Addr        Size        Decimal Bytes (Attributes)
--------------------------------        ----        ----        ------- ----- ------------
_DATA                               0000C000    0000031E =         798. bytes (REL,CON)

      Value  Global                              Global Defined In Module
      -----  --------------------------------   ------------------------
     0000C03A  __en_y2                            game
     0000C03B  __en_mx                            game
     0000C03C  __en_my                            game
     0000C03D  __en_ct                            game
     0000C03E  __en_facing                        game
     0000C03F  __en_state                         game
     0000C040  __enf_x                            game
     0000C042  __enf_y                            game
     0000C044  __enf_vx                           game
     0000C046  __enf_vy                           game
     0000C048  _en_sg_1                           game
     0000C049  _en_sg_2                           game
     0000C04A  _vertical_engine_type              game
     0000C04B  _px                                game
     0000C04D  _py                                game
     0000C04F  _pvx                               game
     0000C051  _pvy                               game
     0000C053  _prx                               game
     0000C054  _pry                               game
     0000C055  _pcx                               game
     0000C056  _pcy                               game
     0000C057  _pfacing                           game
     0000C058  _pfr                               game
     0000C059  _psprid                            game
     0000C05A  _a_button                          game
     0000C05B  _b_button                          game
     0000C05C  _pj                                game
     0000C05D  _pjb                               game
     0000C05E  _pctj                              game
     0000C05F  _pgotten                           game
     0000C060  _ppossee                           game
     0000C061  _oppossee                          game
     0000C062  _pflickering                       game
     0000C063  _pbouncing                         game
     0000C064  _phit                              game
     0000C065  _pgtmx                             game
     0000C067  _pgtmy                             game
     0000C069  _hitv                              game
     0000C06A  _hith                              game
     0000C06B  _pfloating                         game
     0000C06C  _prx_old                           game
     0000C06D  _pry_old                           game
     0000C06E  _pkill                             game
     0000C06F  _pice                              game
     0000C070  _pnotsafe                          game
     0000C071  _pcontinues                        game
     0000C072  _plife                             game
     0000C073  _pobjs                             game
     0000C074  _pammo                             game
     0000C075  _pkilled                           game
     0000C076  _pfiring                           game
ASxxxx Linker V03.00 + NoICE + sdld,  page 19.
Hexadecimal  [32-Bits]

Area                                    Addr        Size        Decimal Bytes (Attributes)
--------------------------------        ----        ----        ------- ----- ------------
_DATA                               0000C000    0000031E =         798. bytes (REL,CON)

      Value  Global                              Global Defined In Module
      -----  --------------------------------   ------------------------
     0000C077  _hrx                               game
     0000C078  _hry                               game
     0000C079  _hrt                               game
     0000C07A  _do_process_breakable              game
     0000C07B  _ft                                game
     0000C07C  _c_map_w                           game
     0000C07D  _c_map_h                           game
     0000C07E  _c_map_size                        game
     0000C07F  _c_ts_tmaps                        game
     0000C081  _c_behs                            game
     0000C083  _spr_enems                         game
     0000C085  _c_map                             game
     0000C087  _c_decos                           game
     0000C088  _c_locks                           game
     0000C08A  _c_enems                           game
     0000C08C  _c_hotspots                        game
     0000C08E  _c_max_bolts                       game
     0000C08F  _ntsc                              game
     0000C090  _ntsc_frame                        game
     0000C091  _update_index                      game
     0000C092  _update_list                       game
     0000C0F2  _fader                             game
     0000C0F3  _fade_delay                        game
     0000C0F4  _map_buff                          game
     0000C1B4  _first_game                        game
     0000C1B5  _level                             game
     0000C1B6  _c_max_enems                       game
     0000C1B7  _n_pant                            game
     0000C1B8  _on_pant                           game
     0000C1B9  _half_life                         game
     0000C1BA  _frame_counter                     game
     0000C1BB  _paused                            game
     0000C1BC  _win_level                         game
     0000C1BD  _game_over                         game
     0000C1BE  _warp_to_level                     game
     0000C1BF  _level_reset                       game
     0000C1C0  _flick_override                    game
     0000C1C1  _olife                             game
     0000C1C2  _okeys                             game
     0000C1C3  _oobjs                             game
     0000C1C4  _oammo                             game
     0000C1C5  _okilled                           game
     0000C1C6  _oam_index_player                  game
     0000C1C7  _pctfr                             game
     0000C1C8  _hact                              game
     0000C1EB  _flags                             game
     0000C1FB  _en_t                              game
     0000C1FE  _en_x                              game
     0000C201  _en_y                              game
     0000C204  _en_x1                             game
     0000C207  _en_y1                             game
ASxxxx Linker V03.00 + NoICE + sdld,  page 20.
Hexadecimal  [32-Bits]

Area                                    Addr        Size        Decimal Bytes (Attributes)
--------------------------------        ----        ----        ------- ----- ------------
_DATA                               0000C000    0000031E =         798. bytes (REL,CON)

      Value  Global                              Global Defined In Module
      -----  --------------------------------   ------------------------
     0000C20A  _en_x2                             game
     0000C20D  _en_y2                             game
     0000C210  _en_mx                             game
     0000C213  _en_my                             game
     0000C216  _en_s                              game
     0000C219  _en_facing                         game
     0000C21C  _en_state                          game
     0000C21F  _en_flags                          game
     0000C222  _en_cttouched                      game
     0000C225  _en_life                           game
     0000C228  _en_status                         game
     0000C22B  _en_ct                             game
     0000C22E  _en_spr_x_mod                      game
     0000C22F  _en_spr_id                         game
     0000C232  _prp_idx                           game
     0000C233  _prp_yx                            game
     0000C237  _propellers_on                     game
     0000C238  _max_chac_chacs                    game
     0000C239  _chac_chacs_yx                     game
     0000C23D  _chac_chacs_state                  game
     0000C241  _chac_chacs_idlewait               game
     0000C245  _chac_chacs_ct                     game
     0000C249  _chac_chacs_queue                  game
     0000C259  _chac_chacs_queue_read             game
     0000C25A  _chac_chacs_queue_write            game
     0000C25B  _shaker_ct                         game
     0000C25C  _game_puri                         game
     0000C25D  _ol_prx                            game
     0000C25E  ___player_vy_falling_max           game
     0000C25F  ___player_g                        game
     0000C260  ___player_ay_jetpac                game
     0000C261  ___player_vy_jetpac_max            game
     0000C262  ___player_vx_max                   game
     0000C263  ___player_ax                       game
     0000C264  ___player_rx                       game
     0000C265  _level_done                        game
     0000C268  _seed1                             rand
     0000C26A  _seed2                             rand
     0000C26C  _randres                           rand
     0000C26D  _PSGMusicStart                     PSGlib
     0000C26F  _PSGMusicPointer                   PSGlib
     0000C271  _PSGMusicLoopPoint                 PSGlib
     0000C273  _PSGMusicSkipFrames                PSGlib
     0000C274  _PSGLoopFlag                       PSGlib
     0000C275  _PSGMusicLastLatch                 PSGlib
     0000C276  _PSGMusicSubstringLen              PSGlib
     0000C277  _PSGMusicSubstringRetAddr          PSGlib
     0000C279  _PSGChan2Volume                    PSGlib
     0000C27A  _PSGChan3Volume                    PSGlib
     0000C27B  _PSGChan2LowTone                   PSGlib
     0000C27C  _PSGChan3LowTone                   PSGlib
ASxxxx Linker V03.00 + NoICE + sdld,  page 21.
Hexadecimal  [32-Bits]

Area                                    Addr        Size        Decimal Bytes (Attributes)
--------------------------------        ----        ----        ------- ----- ------------
_DATA                               0000C000    0000031E =         798. bytes (REL,CON)

      Value  Global                              Global Defined In Module
      -----  --------------------------------   ------------------------
     0000C27D  _PSGChan2HighTone                  PSGlib
     0000C27E  _PSGSFXStart                       PSGlib
     0000C280  _PSGSFXPointer                     PSGlib
     0000C282  _PSGSFXLoopPoint                   PSGlib
     0000C284  _PSGSFXSkipFrames                  PSGlib
     0000C285  _PSGSFXLoopFlag                    PSGlib
     0000C286  _PSGSFXSubstringLen                PSGlib
     0000C287  _PSGSFXSubstringRetAddr            PSGlib
     0000C289  _VDPBlank                          SGlib
     0000C28A  _PauseRequested                    SGlib
     0000C28B  _KeysStatus                        SGlib
     0000C28C  _SpriteTable                       SGlib
     0000C30C  _stp                               SGlib
     0000C30E  _SpriteTableEnd                    SGlib
     0000C310  _first_sprite                      SGlib
     0000C311  _libgpit                           SGlib
     0000C312  _VDPType                           SGlib
     0000C313  _updateList                        SGlib
     0000C315  _ulp                               SGlib
     0000C317  _ulpMsb                            SGlib
     0000C318  _music_on                          SGlib
     0000C319  _aPLib_bits                        aPLib
     0000C31B  _aPLib_LWM                         aPLib
     0000C31C  _aPLib_R0                          aPLib

ASxxxx Linker V03.00 + NoICE + sdld,  page 22.
Hexadecimal  [32-Bits]

Area                                    Addr        Size        Decimal Bytes (Attributes)
--------------------------------        ----        ----        ------- ----- ------------
_INITIALIZED                        0000C31E    00000006 =           6. bytes (REL,CON)

      Value  Global                              Global Defined In Module
      -----  --------------------------------   ------------------------
     0000C31E  _PSGMusicStatus                    PSGlib
     0000C31F  _PSGChannel2SFX                    PSGlib
     0000C320  _PSGChannel3SFX                    PSGlib
     0000C321  _PSGSFXStatus                      PSGlib
     0000C322  _VDPReg                            SGlib

ASxxxx Linker V03.00 + NoICE + sdld,  page 23.

Files Linked                              [ module(s) ]

lib/crt0_sg.rel                           [ crt0 ]
rel/game.rel                              [ game ]
rel/murcia.rel                            [ murcia ]
rel/assets/enems0.rel                     [ enems0 ]
rel/assets/enems1.rel                     [ enems1 ]
rel/assets/enems2.rel                     [ enems2 ]
rel/assets/enems3.rel                     [ enems3 ]
rel/assets/map0.rel                       [ map0 ]
rel/assets/map1.rel                       [ map1 ]
rel/assets/map2.rel                       [ map2 ]
rel/assets/map3.rel                       [ map3 ]
rel/assets/spriteset.rel                  [ spriteset ]
rel/assets/tileset.rel                    [ tileset ]
rel/engine/breakable.rel                  [ breakable ]
rel/engine/cocos.rel                      [ cocos ]
rel/engine/enengine.rel                   [ enengine ]
rel/engine/general.rel                    [ general ]
rel/engine/player.rel                     [ player ]
rel/engine/printer.rel                    [ printer ]
rel/engine/propellers.rel                 [ propellers ]
rel/engine/tile_chac_chac.rel             [ tile_chac_chac ]
rel/utils/delay.rel                       [ delay ]
rel/utils/memfill.rel                     [ memfill ]
rel/utils/rand.rel                        [ rand ]
rel/utils/unpacker.rel                    [ unpacker ]
rel/utils/unrle.rel                       [ unrle ]
lib/PSGlib.rel                            [ PSGlib ]
lib/SGlib.rel                             [ SGlib ]
lib/aPLib.rel                             [ aPLib ]


Libraries Linked                          [ object file ]

D:\git\loves_the_sg1000\environment\sdcc-sg1000\bin\..\lib\z80/z80.lib
                                          [ modunsigned.rel ]
D:\git\loves_the_sg1000\environment\sdcc-sg1000\bin\..\lib\z80/z80.lib
                                          [ divunsigned.rel ]
D:\git\loves_the_sg1000\environment\sdcc-sg1000\bin\..\lib\z80/z80.lib
                                          [ __sdcc_call_hl.rel ]

ASxxxx Linker V03.00 + NoICE + sdld,  page 24.

User Base Address Definitions

_CODE = 0x0200
_DATA = 0xc000

