ASxxxx Linker V03.00 + NoICE + sdld,  page 1.
Hexadecimal  [32-Bits]

Area                                    Addr        Size        Decimal Bytes (Attributes)
--------------------------------        ----        ----        ------- ----- ------------
.  .ABS.                            00000000    00000000 =           0. bytes (ABS,CON)

      Value  Global                              Global Defined In Module
      -----  --------------------------------   ------------------------
     00000000  .__.ABS.                           
     00000000  l__BSEG                         
     00000000  l__BSS                          
     00000000  l__CABS                         
     00000000  l__DABS                         
     00000000  l__HEADER                       
     00000000  l__HEAP                         
     00000000  l__HOME                         
     00000000  s__CABS                         
     00000000  s__DABS                         
     00000000  s__HEADER                       
     00000000  s__HEADER0                      
     00000000  s__HEADER1                      
     00000000  s__HEADER2                      
     00000000  s__HEADER3                      
     00000001  l__GSFINAL                      
     00000003  l__HEADER1                      
     00000003  l__HEADER2                      
     00000006  l__HEADER0                      
     00000006  l__INITIALIZED                  
     00000006  l__INITIALIZER                  
     0000000F  l__GSINIT                       
     0000011E  l__HEADER3                      
     00000200  s__CODE                         
     0000031D  l__DATA                         
     0000B9C3  l__CODE                         
     0000BBC3  s__HOME                         
     0000BBC3  s__INITIALIZER                  
     0000BBC9  s__GSINIT                       
     0000BBD8  s__GSFINAL                      
     0000C000  s__DATA                         
     0000C31D  s__INITIALIZED                  
     0000C323  s__BSEG                         
     0000C323  s__BSS                          
     0000C323  s__HEAP                         

ASxxxx Linker V03.00 + NoICE + sdld,  page 2.
Hexadecimal  [32-Bits]

Area                                    Addr        Size        Decimal Bytes (Attributes)
--------------------------------        ----        ----        ------- ----- ------------
_CODE                               00000200    0000B9C3 =       47555. bytes (REL,CON)

      Value  Global                              Global Defined In Module
      -----  --------------------------------   ------------------------
     00000200  __clock                            crt0
     00000204  _exit                              crt0
     0000020A  _hotspots_load                     game
     0000022C  _chac_chacs_initial_times          game
     0000022F  _chac_chacs_times                  game
     00000235  _chac_chacs_t1                     game
     0000023B  _chac_chacs_t2                     game
     00000241  _chac_chacs_t3                     game
     00000247  _bits                              game
     0000024F  _jitter                            game
     0000025F  _behs0                             game
     0000026F  _behs1                             game
     00000281  _behs2                             game
     00000294  _behs3                             game
     000002A7  _spr_player                        game
     000002CF  _spr_enems0                        game
     0000030F  _spr_enems1                        game
     0000034F  _spr_hs                            game
     00000359  _l_scr_ini                         game
     0000035D  _l_ini_x                           game
     00000361  _l_ini_y                           game
     00000365  _l_map_w                           game
     00000369  _l_map_h                           game
     0000036D  _l_player_max_objects              game
     00000371  _l_player_max_enems                game
     00000375  _l_ts_tmaps                        game
     0000037D  _l_behs                            game
     00000385  _l_spr_enems                       game
     0000038D  _l_map                             game
     00000395  _l_decos                           game
     00000399  _l_enems                           game
     000003A1  _l_hotspots                        game
     000003A9  _l_music                           game
     000003B1  _hotspots_paint                    game
     000003DC  _hotspots_create                   game
     0000043C  _draw_game_frame                   game
     00000445  _hud_update                        game
     0000049E  _bat_in                            game
     000004AE  _bat_out                           game
     000004BF  _pres                              game
     000004F2  _snip                              game
     00000545  _logo                              game
     00000563  _title                             game
     000006E2  _scr_game_over                     game
     0000077E  _scr_sclear                        game
     00000834  _game_ending                       game
     00000903  _credits                           game
     00000A09  _flickscreen_do_horizontal         game
     00000A48  _flickscreen_do_vertical           game
     00000ACD  _player_frame_selector             game
ASxxxx Linker V03.00 + NoICE + sdld,  page 3.
Hexadecimal  [32-Bits]

Area                                    Addr        Size        Decimal Bytes (Attributes)
--------------------------------        ----        ----        ------- ----- ------------
_CODE                               00000200    0000B9C3 =       47555. bytes (REL,CON)

      Value  Global                              Global Defined In Module
      -----  --------------------------------   ------------------------
     00000B74  _game_init                         game
     00000CD7  _prepare_scr                       game
     00000DC9  _game_loop                         game
     0000102A  _main                              game
     000010E5  _rand8                             rand
     0000110F  _srand                             rand
     0000111C  _set_rand                          rand
     00001133  _delay                             delay
     00001144  _memfill                           memfill
     00001158  _unpack_bg_patterns                unpacker
     000011FF  _unrle_adv                         unrle
     0000120E  _unrle                             unrle
     00001284  _propellers_add                    propellers
     00001297  _propellers_do                     propellers
     000012FB  _chac_chacs_add                    tile_chac_chac
     0000134E  _chac_chacs_do                     tile_chac_chac
     000014CB  _clear_update_list                 printer
     000014E2  _cls                               printer
     000014F6  _ul_putc                           printer
     00001540  _p_t                               printer
     00001595  _p_tf                              printer
     000015CD  _draw_tile                         printer
     00001687  _update_list_tile                  printer
     00001715  _map_set                           printer
     0000174A  _get_byte                          printer
     0000175E  _add_tile                          printer
     00001770  _draw_scr                          printer
     00001979  _pr_str                            printer
     000019BB  _cm_two_points                     general
     00001A46  _collide_in                        general
     00001A9D  _collide                           general
     00001B11  _add_sign                          general
     00001B41  _pad_read                          general
     00001B66  _jump_start                        general
     00001B84  _update_cycle                      general
     00001BA1  _do_update_list_and_wait           general
     00001BB2  _player_stop                       player
     00001BBE  _player_init                       player
     00001C09  _player_render                     player
     00001C39  _player_to_pixels                  player
     00001C7E  _player_kill                       player
     00001CBF  _player_move                       player
     00002498  _enems_persistent_load             enengine
     0000258A  _enems_persistent_update           enengine
     0000260E  _enems_update_unsigned_char_arra   enengine
     000026B8  _enems_facing                      enengine
     000026C1  _enems_init_fp                     enengine
     000026E6  _enems_boioiong_init               enengine
     0000272D  _enems_load                        enengine
     000028E0  _enems_kill                        enengine
     000028F1  _enems_hit                         enengine
ASxxxx Linker V03.00 + NoICE + sdld,  page 4.
Hexadecimal  [32-Bits]

Area                                    Addr        Size        Decimal Bytes (Attributes)
--------------------------------        ----        ----        ------- ----- ------------
_CODE                               00000200    0000B9C3 =       47555. bytes (REL,CON)

      Value  Global                              Global Defined In Module
      -----  --------------------------------   ------------------------
     00002911  _enems_move                        enengine
     000031F1  _enems_0                           enems0
     00003395  _hotspots_0                        enems0
     000033DB  _enems_1                           enems1
     0000357F  _hotspots_1                        enems1
     000035C5  _enems_2                           enems2
     00003769  _hotspots_2                        enems2
     000037AF  _enems_3                           enems3
     0000386F  _hotspots_3                        enems3
     0000388F  _scr_0_00                          map0
     000038C8  _scr_0_01                          map0
     00003903  _scr_0_02                          map0
     0000393E  _scr_0_03                          map0
     0000398F  _scr_0_04                          map0
     000039C8  _scr_0_05                          map0
     000039E3  _scr_0_06                          map0
     00003A1F  _scr_0_07                          map0
     00003A40  _scr_0_08                          map0
     00003A61  _scr_0_09                          map0
     00003ABC  _scr_0_0a                          map0
     00003AFE  _scr_0_0b                          map0
     00003B37  _scr_0_0c                          map0
     00003B5B  _scr_0_0d                          map0
     00003B94  _scr_0_0e                          map0
     00003BBB  _scr_0_0f                          map0
     00003BF4  _scr_0_10                          map0
     00003C27  _scr_0_11                          map0
     00003C5D  _scr_0_12                          map0
     00003CB3  _scr_0_13                          map0
     00003CEB  _scr_0_14                          map0
     00003D27  _scr_0_15                          map0
     00003D4A  _scr_0_16                          map0
     00003D8F  _scr_0_17                          map0
     00003DCD  _scr_0_18                          map0
     00003E11  _scr_0_19                          map0
     00003E5C  _scr_0_1a                          map0
     00003E83  _scr_0_1b                          map0
     00003EC0  _scr_0_1c                          map0
     00003EEE  _scr_0_1d                          map0
     00003F1B  _scr_0_1e                          map0
     00003F51  _scr_0_1f                          map0
     00003F97  _scr_0_20                          map0
     00003FCF  _scr_0_21                          map0
     00003FEC  _scr_0_22                          map0
     00004020  _map_0                             map0
     00004066  _scr_1_00                          map1
     000040C6  _scr_1_01                          map1
     00004127  _scr_1_02                          map1
     00004194  _scr_1_03                          map1
     000041CF  _scr_1_04                          map1
     00004210  _scr_1_05                          map1
ASxxxx Linker V03.00 + NoICE + sdld,  page 5.
Hexadecimal  [32-Bits]

Area                                    Addr        Size        Decimal Bytes (Attributes)
--------------------------------        ----        ----        ------- ----- ------------
_CODE                               00000200    0000B9C3 =       47555. bytes (REL,CON)

      Value  Global                              Global Defined In Module
      -----  --------------------------------   ------------------------
     00004271  _scr_1_06                          map1
     000042BB  _scr_1_07                          map1
     00004337  _scr_1_08                          map1
     00004373  _scr_1_09                          map1
     000043EA  _scr_1_0a                          map1
     0000444C  _scr_1_0b                          map1
     0000448F  _scr_1_0c                          map1
     000044DD  _scr_1_0d                          map1
     00004531  _scr_1_0e                          map1
     00004599  _scr_1_0f                          map1
     00004610  _scr_1_10                          map1
     00004660  _scr_1_11                          map1
     000046B1  _scr_1_12                          map1
     0000470C  _scr_1_13                          map1
     00004743  _scr_1_14                          map1
     000047A3  _scr_1_15                          map1
     000047E8  _scr_1_16                          map1
     0000485C  _scr_1_17                          map1
     000048A4  _scr_1_18                          map1
     000048DA  _scr_1_19                          map1
     00004945  _scr_1_1a                          map1
     000049B8  _scr_1_1b                          map1
     00004A06  _scr_1_1c                          map1
     00004A69  _scr_1_1d                          map1
     00004ADA  _scr_1_1e                          map1
     00004B5F  _scr_1_1f                          map1
     00004BAA  _scr_1_20                          map1
     00004C29  _scr_1_21                          map1
     00004C95  _scr_1_22                          map1
     00004CD3  _map_1                             map1
     00004D19  _scr_2_00                          map2
     00004D5E  _scr_2_01                          map2
     00004D95  _scr_2_02                          map2
     00004DCE  _scr_2_03                          map2
     00004E17  _scr_2_04                          map2
     00004E50  _scr_2_05                          map2
     00004E7F  _scr_2_06                          map2
     00004EA6  _scr_2_07                          map2
     00004EFA  _scr_2_08                          map2
     00004F30  _scr_2_09                          map2
     00004F7C  _scr_2_0a                          map2
     00004FBD  _scr_2_0b                          map2
     00004FFC  _scr_2_0c                          map2
     0000504C  _scr_2_0d                          map2
     00005073  _scr_2_0e                          map2
     000050D8  _scr_2_0f                          map2
     0000511B  _scr_2_10                          map2
     0000516D  _scr_2_11                          map2
     000051B0  _scr_2_12                          map2
     000051E7  _scr_2_13                          map2
     0000521F  _scr_2_14                          map2
ASxxxx Linker V03.00 + NoICE + sdld,  page 6.
Hexadecimal  [32-Bits]

Area                                    Addr        Size        Decimal Bytes (Attributes)
--------------------------------        ----        ----        ------- ----- ------------
_CODE                               00000200    0000B9C3 =       47555. bytes (REL,CON)

      Value  Global                              Global Defined In Module
      -----  --------------------------------   ------------------------
     00005247  _scr_2_15                          map2
     00005290  _scr_2_16                          map2
     000052C0  _scr_2_17                          map2
     000052FA  _scr_2_18                          map2
     00005381  _scr_2_19                          map2
     000053DD  _scr_2_1a                          map2
     000053FF  _scr_2_1b                          map2
     00005421  _scr_2_1c                          map2
     00005464  _scr_2_1d                          map2
     00005490  _scr_2_1e                          map2
     000054CB  _scr_2_1f                          map2
     00005534  _scr_2_20                          map2
     00005573  _scr_2_21                          map2
     000055B1  _scr_2_22                          map2
     000055EE  _map_2                             map2
     00005634  _scr_3_00                          map3
     0000565D  _scr_3_01                          map3
     00005675  _scr_3_02                          map3
     0000569D  _scr_3_03                          map3
     000056E0  _scr_3_04                          map3
     00005734  _scr_3_05                          map3
     00005781  _scr_3_06                          map3
     000057B8  _scr_3_07                          map3
     000057F7  _scr_3_08                          map3
     00005823  _scr_3_09                          map3
     0000583A  _scr_3_0a                          map3
     00005858  _scr_3_0b                          map3
     00005878  _scr_3_0c                          map3
     000058AF  _scr_3_0d                          map3
     000058E8  _scr_3_0e                          map3
     0000590F  _scr_3_0f                          map3
     00005940  _map_3                             map3
     00005960  _tsFONT_patterns_c                 tileset
     00005AAC  _tsFONT_colours_c                  tileset
     00005AEE  _ts0_tmaps                         tileset
     00005B2E  _ts1_tmaps                         tileset
     00005B72  _ts2_tmaps                         tileset
     00005BBE  _ts3_tmaps                         tileset
     00005C0A  _title_rle                         tileset
     00005E09  _title_cutout_paco                 tileset
     00005EA9  _title_cutout_puri                 tileset
     00005F49  _cuts_rle                          tileset
     0000601A  _frame_rle                         tileset
     00006048  _tsALL_patterns_c                  tileset
     000063F2  _tsALL_colours_c                   tileset
     00006607  _ending_rle                        tileset
     000066A5  _tsE_patterns_c                    tileset
     00006981  _tsE_colours_c                     tileset
     00006AF3  _ss_pl_00                          spriteset
     00006AFC  _ss_pl_01                          spriteset
     00006B05  _ss_pl_02                          spriteset
ASxxxx Linker V03.00 + NoICE + sdld,  page 7.
Hexadecimal  [32-Bits]

Area                                    Addr        Size        Decimal Bytes (Attributes)
--------------------------------        ----        ----        ------- ----- ------------
_CODE                               00000200    0000B9C3 =       47555. bytes (REL,CON)

      Value  Global                              Global Defined In Module
      -----  --------------------------------   ------------------------
     00006B0E  _ss_pl_03                          spriteset
     00006B17  _ss_pl_04                          spriteset
     00006B20  _ss_pl_05                          spriteset
     00006B29  _ss_pl_06                          spriteset
     00006B32  _ss_pl_07                          spriteset
     00006B3B  _ss_pl_08                          spriteset
     00006B44  _ss_pl_09                          spriteset
     00006B4D  _ss_pl_0a                          spriteset
     00006B56  _ss_pl_0b                          spriteset
     00006B5F  _ss_pl_0c                          spriteset
     00006B68  _ss_pl_0d                          spriteset
     00006B71  _ss_pl_0e                          spriteset
     00006B7A  _ss_pl_0f                          spriteset
     00006B83  _ss_en0_00                         spriteset
     00006B88  _ss_en0_01                         spriteset
     00006B8D  _ss_en0_02                         spriteset
     00006B96  _ss_en0_03                         spriteset
     00006B9F  _ss_en0_04                         spriteset
     00006BA4  _ss_en0_05                         spriteset
     00006BA9  _ss_en1_00                         spriteset
     00006BB2  _ss_en1_01                         spriteset
     00006BBB  _ss_en1_02                         spriteset
     00006BC4  _ss_en1_03                         spriteset
     00006BCD  _ss_en1_04                         spriteset
     00006BD6  _ss_en1_05                         spriteset
     00006BDF  _ss_plat_00                        spriteset
     00006BE4  _ss_it_00                          spriteset
     00006BE9  _ss_it_01                          spriteset
     00006BEE  _ss_it_02                          spriteset
     00006BF3  _ssALL_patterns_c                  spriteset
     00007032  _m_n_ending_psg                    murcia
     0000788F  _m_n_gover_psg                     murcia
     00007B45  _m_n_sclear_psg                    murcia
     00007D57  _m_n_stagea_psg                    murcia
     00008B84  _m_n_stageb_psg                    murcia
     00009970  _m_n_stagec_psg                    murcia
     0000A879  _m_n_title_psg                     murcia
     0000ADF8  _s_00_start2_psg                   murcia
     0000AE0B  _s_01_tile3_psg                    murcia
     0000AE2A  _s_02_object2_psg                  murcia
     0000AE41  _s_03_use2_psg                     murcia
     0000AEA2  _s_04_trampoline2_psg              murcia
     0000AEB7  _s_05_phit3_psg                    murcia
     0000AECC  _s_06_dummy13_psg                  murcia
     0000AED6  _s_07_dummy22_psg                  murcia
     0000AF1E  _s_08_jump2_psg                    murcia
     0000AF43  _s_09_bullet2_psg                  murcia
     0000AF65  _s_10_coco2_psg                    murcia
     0000AF87  _s_11_spring2_psg                  murcia
     0000AF9C  _s_12_count2_psg                   murcia
     0000AFAF  _s_13_breakh3_psg                  murcia
ASxxxx Linker V03.00 + NoICE + sdld,  page 8.
Hexadecimal  [32-Bits]

Area                                    Addr        Size        Decimal Bytes (Attributes)
--------------------------------        ----        ----        ------- ----- ------------
_CODE                               00000200    0000B9C3 =       47555. bytes (REL,CON)

      Value  Global                              Global Defined In Module
      -----  --------------------------------   ------------------------
     0000AFC7  _s_14_hitter3_psg                  murcia
     0000AFD1  _s_15_stepon3_psg                  murcia
     0000AFDC  _s_16_float3_psg                   murcia
     0000AFEA  _s_17_breakb3_psg                  murcia
     0000AFFA  _s_18_ring2_psg                    murcia
     0000B00E  _s_19_fanfare2_psg                 murcia
     0000B052  _PSGStop                           PSGlib
     0000B079  _PSGPlay                           PSGlib
     0000B0A6  _PSGCancelLoop                     PSGlib
     0000B0AC  _PSGPlayNoRepeat                   PSGlib
     0000B0BB  _PSGGetStatus                      PSGlib
     0000B0C3  _PSGSFXStop                        PSGlib
     0000B127  _PSGSFXPlay                        PSGlib
     0000B172  _PSGSFXCancelLoop                  PSGlib
     0000B178  _PSGSFXGetStatus                   PSGlib
     0000B180  _PSGSFXPlayLoop                    PSGlib
     0000B19A  _PSGFrame                          PSGlib
     0000B2A1  _PSGSFXFrame                       PSGlib
     0000B317  _SG_setReg                         SGlib
     0000B343  _VDPReg_init                       SGlib
     0000B34B  _SG_VDPturnOnFeature               SGlib
     0000B385  _SG_VDPturnOffFeature              SGlib
     0000B3B6  _SG_init                           SGlib
     0000B3FD  _SG_setBackdropColor               SGlib
     0000B411  _SG_setSpriteMode                  SGlib
     0000B446  _SG_loadTilePatterns               SGlib
     0000B487  _SG_loadTileColours                SGlib
     0000B4CC  _SG_loadSpritePatterns             SGlib
     0000B511  _SG_setTileatXY                    SGlib
     0000B550  _SG_setNextTileatXY                SGlib
     0000B58A  _SG_setTile                        SGlib
     0000B592  _SG_fillTile                       SGlib
     0000B5BA  _SG_loadTileMapArea                SGlib
     0000B656  _SG_initSprites                    SGlib
     0000B681  _SG_addSprite                      SGlib
     0000B703  _SG_addMetaSprite1x1               SGlib
     0000B837  _SG_addMetaSprite                  SGlib
     0000B8FD  _SG_finalizeSprites                SGlib
     0000B8FE  _SG_getStp                         SGlib
     0000B902  _SG_setStp                         SGlib
     0000B913  _SG_waitForVBlank                  SGlib
     0000B920  _SG_getKeysStatus                  SGlib
     0000B928  _SG_queryPauseRequested            SGlib
     0000B930  _SG_resetPauseRequest              SGlib
     0000B936  _SG_VRAMmemset                     SGlib
     0000B962  _SG_copySpritestoSAT               SGlib
     0000B975  _SG_VRAMmemcpy128                  SGlib
     0000B998  _SG_setUpdateList                  SGlib
     0000B9A9  _SG_doUpdateList                   SGlib
     0000B9EF  _SG_isr                            SGlib
     0000BA24  _SG_nmi_isr                        SGlib
ASxxxx Linker V03.00 + NoICE + sdld,  page 9.
Hexadecimal  [32-Bits]

Area                                    Addr        Size        Decimal Bytes (Attributes)
--------------------------------        ----        ----        ------- ----- ------------
_CODE                               00000200    0000B9C3 =       47555. bytes (REL,CON)

      Value  Global                              Global Defined In Module
      -----  --------------------------------   ------------------------
     0000BA37  _aPLib_depack_VRAM                 aPLib
     0000BB6A  __moduchar                         
     0000BB76  __moduint                          
     0000BB81  __divuint                          
     0000BB89  __divuchar                         
     0000BB90  __divu8                            
     0000BB93  __divu16                           
     0000BBC2  ___sdcc_call_hl                    

ASxxxx Linker V03.00 + NoICE + sdld,  page 10.
Hexadecimal  [32-Bits]

Area                                    Addr        Size        Decimal Bytes (Attributes)
--------------------------------        ----        ----        ------- ----- ------------
_HEADER0                            00000000    00000006 =           6. bytes (ABS,CON)

      Value  Global                              Global Defined In Module
      -----  --------------------------------   ------------------------
ASxxxx Linker V03.00 + NoICE + sdld,  page 11.
Hexadecimal  [32-Bits]

Area                                    Addr        Size        Decimal Bytes (Attributes)
--------------------------------        ----        ----        ------- ----- ------------
_HEADER1                            00000000    00000003 =           3. bytes (ABS,CON)

      Value  Global                              Global Defined In Module
      -----  --------------------------------   ------------------------
ASxxxx Linker V03.00 + NoICE + sdld,  page 12.
Hexadecimal  [32-Bits]

Area                                    Addr        Size        Decimal Bytes (Attributes)
--------------------------------        ----        ----        ------- ----- ------------
_HEADER2                            00000000    00000003 =           3. bytes (ABS,CON)

      Value  Global                              Global Defined In Module
      -----  --------------------------------   ------------------------
ASxxxx Linker V03.00 + NoICE + sdld,  page 13.
Hexadecimal  [32-Bits]

Area                                    Addr        Size        Decimal Bytes (Attributes)
--------------------------------        ----        ----        ------- ----- ------------
_HEADER3                            00000000    0000011E =         286. bytes (ABS,CON)

      Value  Global                              Global Defined In Module
      -----  --------------------------------   ------------------------
     0000018D  _outi_block                        crt0

ASxxxx Linker V03.00 + NoICE + sdld,  page 14.
Hexadecimal  [32-Bits]

Area                                    Addr        Size        Decimal Bytes (Attributes)
--------------------------------        ----        ----        ------- ----- ------------
_INITIALIZER                        0000BBC3    00000006 =           6. bytes (REL,CON)

      Value  Global                              Global Defined In Module
      -----  --------------------------------   ------------------------
ASxxxx Linker V03.00 + NoICE + sdld,  page 15.
Hexadecimal  [32-Bits]

Area                                    Addr        Size        Decimal Bytes (Attributes)
--------------------------------        ----        ----        ------- ----- ------------
_GSINIT                             0000BBC9    0000000F =          15. bytes (REL,CON)

      Value  Global                              Global Defined In Module
      -----  --------------------------------   ------------------------
     0000BBC9  gsinit                             crt0

ASxxxx Linker V03.00 + NoICE + sdld,  page 16.
Hexadecimal  [32-Bits]

Area                                    Addr        Size        Decimal Bytes (Attributes)
--------------------------------        ----        ----        ------- ----- ------------
_GSFINAL                            0000BBD8    00000001 =           1. bytes (REL,CON)

      Value  Global                              Global Defined In Module
      -----  --------------------------------   ------------------------
ASxxxx Linker V03.00 + NoICE + sdld,  page 17.
Hexadecimal  [32-Bits]

Area                                    Addr        Size        Decimal Bytes (Attributes)
--------------------------------        ----        ----        ------- ----- ------------
_DATA                               0000C000    0000031D =         797. bytes (REL,CON)

      Value  Global                              Global Defined In Module
      -----  --------------------------------   ------------------------
     0000C000  __x                                game
     0000C001  __y                                game
     0000C002  __n                                game
     0000C003  __t                                game
     0000C004  _pad0                              game
     0000C005  _pad_this_frame                    game
     0000C006  _gpit                              game
     0000C007  _gpjt                              game
     0000C008  _rds16                             game
     0000C00A  _gp_gen                            game
     0000C00C  _gp_tmap                           game
     0000C00E  _gp_ram                            game
     0000C010  _gp_addr                           game
     0000C012  _rdx                               game
     0000C013  _rdy                               game
     0000C014  _rdt                               game
     0000C015  _rdit                              game
     0000C016  _rda                               game
     0000C017  _rdb                               game
     0000C018  _rdc                               game
     0000C019  _rdd                               game
     0000C01A  _rdm                               game
     0000C01B  _rds                               game
     0000C01C  _rdct                              game
     0000C01D  _ticker                            game
     0000C01E  _at1                               game
     0000C01F  _at2                               game
     0000C020  _cx1                               game
     0000C021  _cx2                               game
     0000C022  _cy1                               game
     0000C023  _cy2                               game
     0000C024  _caux                              game
     0000C025  _cur_stp                           game
     0000C027  _en_initial                        game
     0000C028  _en_offs                           game
     0000C029  _en_fr                             game
     0000C02A  _en_collx                          game
     0000C02B  _en_colly                          game
     0000C02C  _en_spr                            game
     0000C02D  _touched                           game
     0000C02E  _en_is_alive                       game
     0000C02F  _pregotten                         game
     0000C030  _en_rmx                            game
     0000C033  __en_t                             game
     0000C034  __en_s                             game
     0000C035  __en_x                             game
     0000C036  __en_y                             game
     0000C037  __en_x1                            game
     0000C038  __en_y1                            game
     0000C039  __en_x2                            game
ASxxxx Linker V03.00 + NoICE + sdld,  page 18.
Hexadecimal  [32-Bits]

Area                                    Addr        Size        Decimal Bytes (Attributes)
--------------------------------        ----        ----        ------- ----- ------------
_DATA                               0000C000    0000031D =         797. bytes (REL,CON)

      Value  Global                              Global Defined In Module
      -----  --------------------------------   ------------------------
     0000C03A  __en_y2                            game
     0000C03B  __en_mx                            game
     0000C03C  __en_my                            game
     0000C03D  __en_ct                            game
     0000C03E  __en_facing                        game
     0000C03F  __en_state                         game
     0000C040  __enf_x                            game
     0000C042  __enf_y                            game
     0000C044  __enf_vx                           game
     0000C046  __enf_vy                           game
     0000C048  _en_sg_1                           game
     0000C049  _en_sg_2                           game
     0000C04A  _vertical_engine_type              game
     0000C04B  _px                                game
     0000C04D  _py                                game
     0000C04F  _pvx                               game
     0000C051  _pvy                               game
     0000C053  _prx                               game
     0000C054  _pry                               game
     0000C055  _pcx                               game
     0000C056  _pcy                               game
     0000C057  _pfacing                           game
     0000C058  _pfr                               game
     0000C059  _psprid                            game
     0000C05A  _a_button                          game
     0000C05B  _b_button                          game
     0000C05C  _pj                                game
     0000C05D  _pjb                               game
     0000C05E  _pctj                              game
     0000C05F  _pgotten                           game
     0000C060  _ppossee                           game
     0000C061  _oppossee                          game
     0000C062  _pflickering                       game
     0000C063  _pbouncing                         game
     0000C064  _phit                              game
     0000C065  _pgtmx                             game
     0000C067  _pgtmy                             game
     0000C069  _hitv                              game
     0000C06A  _hith                              game
     0000C06B  _pfloating                         game
     0000C06C  _prx_old                           game
     0000C06D  _pry_old                           game
     0000C06E  _pkill                             game
     0000C06F  _pice                              game
     0000C070  _pnotsafe                          game
     0000C071  _pcontinues                        game
     0000C072  _plife                             game
     0000C073  _pobjs                             game
     0000C074  _pammo                             game
     0000C075  _pkilled                           game
     0000C076  _pfiring                           game
ASxxxx Linker V03.00 + NoICE + sdld,  page 19.
Hexadecimal  [32-Bits]

Area                                    Addr        Size        Decimal Bytes (Attributes)
--------------------------------        ----        ----        ------- ----- ------------
_DATA                               0000C000    0000031D =         797. bytes (REL,CON)

      Value  Global                              Global Defined In Module
      -----  --------------------------------   ------------------------
     0000C077  _hrx                               game
     0000C078  _hry                               game
     0000C079  _hrt                               game
     0000C07A  _do_process_breakable              game
     0000C07B  _ft                                game
     0000C07C  _c_map_w                           game
     0000C07D  _c_map_h                           game
     0000C07E  _c_map_size                        game
     0000C07F  _c_ts_tmaps                        game
     0000C081  _c_behs                            game
     0000C083  _spr_enems                         game
     0000C085  _c_map                             game
     0000C087  _c_decos                           game
     0000C088  _c_locks                           game
     0000C08A  _c_enems                           game
     0000C08C  _c_hotspots                        game
     0000C08E  _c_max_bolts                       game
     0000C08F  _ntsc                              game
     0000C090  _ntsc_frame                        game
     0000C091  _update_index                      game
     0000C092  _update_list                       game
     0000C0F2  _fader                             game
     0000C0F3  _fade_delay                        game
     0000C0F4  _map_buff                          game
     0000C1B4  _first_game                        game
     0000C1B5  _level                             game
     0000C1B6  _c_max_enems                       game
     0000C1B7  _n_pant                            game
     0000C1B8  _on_pant                           game
     0000C1B9  _half_life                         game
     0000C1BA  _frame_counter                     game
     0000C1BB  _paused                            game
     0000C1BC  _win_level                         game
     0000C1BD  _game_over                         game
     0000C1BE  _warp_to_level                     game
     0000C1BF  _level_reset                       game
     0000C1C0  _flick_override                    game
     0000C1C1  _olife                             game
     0000C1C2  _okeys                             game
     0000C1C3  _oobjs                             game
     0000C1C4  _oammo                             game
     0000C1C5  _okilled                           game
     0000C1C6  _oam_index_player                  game
     0000C1C7  _pctfr                             game
     0000C1C8  _hact                              game
     0000C1EB  _flags                             game
     0000C1FB  _en_t                              game
     0000C1FE  _en_x                              game
     0000C201  _en_y                              game
     0000C204  _en_x1                             game
     0000C207  _en_y1                             game
ASxxxx Linker V03.00 + NoICE + sdld,  page 20.
Hexadecimal  [32-Bits]

Area                                    Addr        Size        Decimal Bytes (Attributes)
--------------------------------        ----        ----        ------- ----- ------------
_DATA                               0000C000    0000031D =         797. bytes (REL,CON)

      Value  Global                              Global Defined In Module
      -----  --------------------------------   ------------------------
     0000C20A  _en_x2                             game
     0000C20D  _en_y2                             game
     0000C210  _en_mx                             game
     0000C213  _en_my                             game
     0000C216  _en_s                              game
     0000C219  _en_facing                         game
     0000C21C  _en_state                          game
     0000C21F  _en_flags                          game
     0000C222  _en_cttouched                      game
     0000C225  _en_life                           game
     0000C228  _en_status                         game
     0000C22B  _en_ct                             game
     0000C22E  _en_spr_x_mod                      game
     0000C22F  _en_spr_id                         game
     0000C232  _prp_idx                           game
     0000C233  _prp_yx                            game
     0000C237  _propellers_on                     game
     0000C238  _max_chac_chacs                    game
     0000C239  _chac_chacs_yx                     game
     0000C23D  _chac_chacs_state                  game
     0000C241  _chac_chacs_idlewait               game
     0000C245  _chac_chacs_ct                     game
     0000C249  _chac_chacs_queue                  game
     0000C259  _chac_chacs_queue_read             game
     0000C25A  _chac_chacs_queue_write            game
     0000C25B  _shaker_ct                         game
     0000C25C  _game_puri                         game
     0000C25D  _ol_prx                            game
     0000C25E  ___player_vy_falling_max           game
     0000C25F  ___player_g                        game
     0000C260  ___player_ay_jetpac                game
     0000C261  ___player_vy_jetpac_max            game
     0000C262  ___player_vx_max                   game
     0000C263  ___player_ax                       game
     0000C264  ___player_rx                       game
     0000C265  _level_done                        game
     0000C268  _seed1                             rand
     0000C26A  _seed2                             rand
     0000C26C  _randres                           rand
     0000C26D  _PSGMusicStart                     PSGlib
     0000C26F  _PSGMusicPointer                   PSGlib
     0000C271  _PSGMusicLoopPoint                 PSGlib
     0000C273  _PSGMusicSkipFrames                PSGlib
     0000C274  _PSGLoopFlag                       PSGlib
     0000C275  _PSGMusicLastLatch                 PSGlib
     0000C276  _PSGMusicSubstringLen              PSGlib
     0000C277  _PSGMusicSubstringRetAddr          PSGlib
     0000C279  _PSGChan2Volume                    PSGlib
     0000C27A  _PSGChan3Volume                    PSGlib
     0000C27B  _PSGChan2LowTone                   PSGlib
     0000C27C  _PSGChan3LowTone                   PSGlib
ASxxxx Linker V03.00 + NoICE + sdld,  page 21.
Hexadecimal  [32-Bits]

Area                                    Addr        Size        Decimal Bytes (Attributes)
--------------------------------        ----        ----        ------- ----- ------------
_DATA                               0000C000    0000031D =         797. bytes (REL,CON)

      Value  Global                              Global Defined In Module
      -----  --------------------------------   ------------------------
     0000C27D  _PSGChan2HighTone                  PSGlib
     0000C27E  _PSGSFXStart                       PSGlib
     0000C280  _PSGSFXPointer                     PSGlib
     0000C282  _PSGSFXLoopPoint                   PSGlib
     0000C284  _PSGSFXSkipFrames                  PSGlib
     0000C285  _PSGSFXLoopFlag                    PSGlib
     0000C286  _PSGSFXSubstringLen                PSGlib
     0000C287  _PSGSFXSubstringRetAddr            PSGlib
     0000C289  _VDPBlank                          SGlib
     0000C28A  _PauseRequested                    SGlib
     0000C28B  _KeysStatus                        SGlib
     0000C28C  _SpriteTable                       SGlib
     0000C30C  _stp                               SGlib
     0000C30E  _SpriteTableEnd                    SGlib
     0000C310  _first_sprite                      SGlib
     0000C311  _libgpit                           SGlib
     0000C312  _VDPType                           SGlib
     0000C313  _updateList                        SGlib
     0000C315  _ulp                               SGlib
     0000C317  _ulpMsb                            SGlib
     0000C318  _aPLib_bits                        aPLib
     0000C31A  _aPLib_LWM                         aPLib
     0000C31B  _aPLib_R0                          aPLib

ASxxxx Linker V03.00 + NoICE + sdld,  page 22.
Hexadecimal  [32-Bits]

Area                                    Addr        Size        Decimal Bytes (Attributes)
--------------------------------        ----        ----        ------- ----- ------------
_INITIALIZED                        0000C31D    00000006 =           6. bytes (REL,CON)

      Value  Global                              Global Defined In Module
      -----  --------------------------------   ------------------------
     0000C31D  _PSGMusicStatus                    PSGlib
     0000C31E  _PSGChannel2SFX                    PSGlib
     0000C31F  _PSGChannel3SFX                    PSGlib
     0000C320  _PSGSFXStatus                      PSGlib
     0000C321  _VDPReg                            SGlib

ASxxxx Linker V03.00 + NoICE + sdld,  page 23.

Files Linked                              [ module(s) ]

lib/crt0_sg.rel                           [ crt0 ]
rel/game.rel                              [ game ]
rel/utils/rand.rel                        [ rand ]
rel/utils/delay.rel                       [ delay ]
rel/utils/memfill.rel                     [ memfill ]
rel/utils/unpacker.rel                    [ unpacker ]
rel/utils/unrle.rel                       [ unrle ]
rel/engine/propellers.rel                 [ propellers ]
rel/engine/tile_chac_chac.rel             [ tile_chac_chac ]
rel/engine/printer.rel                    [ printer ]
rel/engine/general.rel                    [ general ]
rel/engine/breakable.rel                  [ breakable ]
rel/engine/player.rel                     [ player ]
rel/engine/cocos.rel                      [ cocos ]
rel/engine/enengine.rel                   [ enengine ]
rel/assets/enems0.rel                     [ enems0 ]
rel/assets/enems1.rel                     [ enems1 ]
rel/assets/enems2.rel                     [ enems2 ]
rel/assets/enems3.rel                     [ enems3 ]
rel/assets/map0.rel                       [ map0 ]
rel/assets/map1.rel                       [ map1 ]
rel/assets/map2.rel                       [ map2 ]
rel/assets/map3.rel                       [ map3 ]
rel/assets/tileset.rel                    [ tileset ]
rel/assets/spriteset.rel                  [ spriteset ]
rel/murcia.rel                            [ murcia ]
lib/PSGlib.rel                            [ PSGlib ]
lib/SGlib.rel                             [ SGlib ]
lib/aPLib.rel                             [ aPLib ]


Libraries Linked                          [ object file ]

C:\Cosas\git\loves_the_sg1000\environment\sdcc-sg1000\bin\..\lib\z80/z80.lib
                                          [ modunsigned.rel ]
C:\Cosas\git\loves_the_sg1000\environment\sdcc-sg1000\bin\..\lib\z80/z80.lib
                                          [ divunsigned.rel ]
C:\Cosas\git\loves_the_sg1000\environment\sdcc-sg1000\bin\..\lib\z80/z80.lib
                                          [ __sdcc_call_hl.rel ]

ASxxxx Linker V03.00 + NoICE + sdld,  page 24.

User Base Address Definitions

_CODE = 0x0200
_DATA = 0xc000

