ASxxxx Linker V03.00 + NoICE + sdld,  page 1.
Hexadecimal  [32-Bits]

Area                                    Addr        Size        Decimal Bytes (Attributes)
--------------------------------        ----        ----        ------- ----- ------------
.  .ABS.                            00000000    00000000 =           0. bytes (ABS,CON)

      Value  Global                              Global Defined In Module
      -----  --------------------------------   ------------------------
     00000000  .__.ABS.                           
     00000000  l__BSEG                         
     00000000  l__BSS                          
     00000000  l__CABS                         
     00000000  l__DABS                         
     00000000  l__HEADER                       
     00000000  l__HEAP                         
     00000000  l__HOME                         
     00000000  s__CABS                         
     00000000  s__DABS                         
     00000000  s__HEADER                       
     00000000  s__HEADER0                      
     00000000  s__HEADER1                      
     00000000  s__HEADER2                      
     00000000  s__HEADER3                      
     00000001  l__GSFINAL                      
     00000003  l__HEADER1                      
     00000003  l__HEADER2                      
     00000006  l__HEADER0                      
     00000006  l__INITIALIZED                  
     00000006  l__INITIALIZER                  
     0000000F  l__GSINIT                       
     0000011E  l__HEADER3                      
     00000200  s__CODE                         
     0000036D  l__DATA                         
     0000A05D  l__CODE                         
     0000A25D  s__HOME                         
     0000A25D  s__INITIALIZER                  
     0000A263  s__GSINIT                       
     0000A272  s__GSFINAL                      
     0000C000  s__DATA                         
     0000C36D  s__INITIALIZED                  
     0000C373  s__BSEG                         
     0000C373  s__BSS                          
     0000C373  s__HEAP                         

ASxxxx Linker V03.00 + NoICE + sdld,  page 2.
Hexadecimal  [32-Bits]

Area                                    Addr        Size        Decimal Bytes (Attributes)
--------------------------------        ----        ----        ------- ----- ------------
_CODE                               00000200    0000A05D =       41053. bytes (REL,CON)

      Value  Global                              Global Defined In Module
      -----  --------------------------------   ------------------------
     00000200  __clock                            crt0
     00000204  _exit                              crt0
     0000020A  _hotspots_load                     game
     0000022C  _chac_chacs_times                  game
     00000232  _chac_chacs_t1                     game
     00000238  _chac_chacs_t2                     game
     0000023E  _chac_chacs_t3                     game
     00000244  _bits                              game
     0000024C  _jitter                            game
     0000025C  _behs0                             game
     0000027C  _behs1                             game
     0000029C  _behs2                             game
     000002C3  _spr_player                        game
     000002E3  _spr_enems0                        game
     00000335  _spr_enems1                        game
     00000387  _spr_enems2                        game
     000003D9  _spr_hs                            game
     000003E5  _l_scr_ini                         game
     000003E8  _l_ini_x                           game
     000003EB  _l_ini_y                           game
     000003EE  _l_map_w                           game
     000003F1  _l_map_h                           game
     000003F4  _l_player_max_objects              game
     000003F7  _l_player_max_enems                game
     000003FA  _l_ts_patterns                     game
     00000400  _l_ts_colours                      game
     00000406  _l_ts_tmaps                        game
     0000040C  _l_behs                            game
     00000412  _l_spr_patterns                    game
     00000418  _l_spr_enems                       game
     0000041E  _l_map                             game
     00000424  _l_decos                           game
     00000427  _l_locks                           game
     0000042D  _l_n_bolts                         game
     00000430  _l_enems                           game
     00000436  _l_hotspots                        game
     0000043C  _l_music                           game
     00000442  _hotspots_paint                    game
     0000047F  _hotspots_create                   game
     000004DF  _draw_game_frame                   game
     000004E8  _hud_update                        game
     00000561  _bat_in                            game
     00000571  _bat_out                           game
     00000582  _pres                              game
     000005B5  _title                             game
     000006FD  _scr_game_over                     game
     0000071B  _scr_the_end                       game
     000007C6  _scr_level                         game
     00000804  _level0name                        game
     0000080F  _level1name                        game
ASxxxx Linker V03.00 + NoICE + sdld,  page 3.
Hexadecimal  [32-Bits]

Area                                    Addr        Size        Decimal Bytes (Attributes)
--------------------------------        ----        ----        ------- ----- ------------
_CODE                               00000200    0000A05D =       41053. bytes (REL,CON)

      Value  Global                              Global Defined In Module
      -----  --------------------------------   ------------------------
     0000081B  _level2name                        game
     00000827  _levelnames                        game
     00000835  _credits                           game
     0000093B  _flickscreen_do_horizontal         game
     00000986  _flickscreen_do_vertical           game
     00000A29  _game_init                         game
     00000C1F  _prepare_scr                       game
     00000D20  _game_loop                         game
     00001047  _main                              game
     000010E9  _rand8                             rand
     00001113  _srand                             rand
     00001120  _set_rand                          rand
     00001137  _delay                             delay
     00001148  _memfill                           memfill
     0000115C  _unpack_bg_patterns                unpacker
     00001203  _unrle_adv                         unrle
     00001212  _unrle                             unrle
     00001288  _chac_chacs_add                    tile_chac_chac
     000012E8  _chac_chacs_do                     tile_chac_chac
     00001465  _clear_update_list                 printer
     0000147C  _cls                               printer
     00001490  _ul_putc                           printer
     000014DA  _p_t                               printer
     0000152F  _p_tf                              printer
     00001567  _draw_tile                         printer
     00001621  _update_list_tile                  printer
     000016AF  _map_set                           printer
     000016E4  _get_byte                          printer
     000016F8  _add_tile                          printer
     0000170A  _draw_scr                          printer
     00001962  _pr_str                            printer
     000019A4  _cm_two_points                     general
     00001A2F  _collide_in                        general
     00001A86  _collide                           general
     00001AFA  _add_sign                          general
     00001B2A  _pad_read                          general
     00001B4F  _distance                          general
     00001BC4  _jump_start                        general
     00001BE2  _update_cycle                      general
     00001BFF  _do_update_list_and_wait           general
     00001C10  _player_register_safe_spot         player
     00001C23  _player_stop                       player
     00001C2F  _player_init                       player
     00001C7D  _player_render                     player
     00001CAD  _player_to_pixels                  player
     00001CF2  _player_kill                       player
     00001D4D  _player_process_tile               player
     00001E13  _player_move                       player
     000027DB  _enems_persistent_load             enengine
     000028CD  _enems_persistent_update           enengine
     00002951  _enems_persistent_deaths_load      enengine
ASxxxx Linker V03.00 + NoICE + sdld,  page 4.
Hexadecimal  [32-Bits]

Area                                    Addr        Size        Decimal Bytes (Attributes)
--------------------------------        ----        ----        ------- ----- ------------
_CODE                               00000200    0000A05D =       41053. bytes (REL,CON)

      Value  Global                              Global Defined In Module
      -----  --------------------------------   ------------------------
     00002963  _enems_update_unsigned_char_arra   enengine
     00002A69  _enems_facing                      enengine
     00002A72  _enems_init_fp                     enengine
     00002A97  _enems_boioiong_init               enengine
     00002ADE  _enems_load                        enengine
     00002CE7  _enems_kill                        enengine
     00002D0E  _enems_hit                         enengine
     00002D2E  _enems_move                        enengine
     000039DD  _enems_0                           enems0
     00003AFD  _hotspots_0                        enems0
     00003B2D  _enems_1                           enems1
     00003C4D  _hotspots_1                        enems1
     00003C7D  _enems_2                           enems2
     00003D9D  _hotspots_2                        enems2
     00003DCD  _scr_0_00                          map0
     00003E14  _scr_0_01                          map0
     00003E55  _scr_0_02                          map0
     00003E72  _scr_0_03                          map0
     00003EB7  _scr_0_04                          map0
     00003F01  _scr_0_05                          map0
     00003F3E  _scr_0_06                          map0
     00003F75  _scr_0_07                          map0
     00003FB4  _scr_0_08                          map0
     00003FFC  _scr_0_09                          map0
     00004046  _scr_0_0a                          map0
     0000408B  _scr_0_0b                          map0
     000040C6  _scr_0_0c                          map0
     00004113  _scr_0_0d                          map0
     00004155  _scr_0_0e                          map0
     0000418E  _scr_0_0f                          map0
     000041BB  _scr_0_10                          map0
     00004207  _scr_0_11                          map0
     00004241  _scr_0_12                          map0
     00004285  _scr_0_13                          map0
     000042BB  _scr_0_14                          map0
     000042FC  _scr_0_15                          map0
     00004333  _scr_0_16                          map0
     0000436D  _scr_0_17                          map0
     000043A6  _map_0                             map0
     000043D6  _map_0_locks                       map0
     000043DA  _scr_1_00                          map1
     00004424  _scr_1_01                          map1
     00004484  _scr_1_02                          map1
     000044E4  _scr_1_03                          map1
     00004539  _scr_1_04                          map1
     00004591  _scr_1_05                          map1
     000045DE  _scr_1_06                          map1
     00004604  _scr_1_07                          map1
     0000463E  _scr_1_08                          map1
     000046AC  _scr_1_09                          map1
     00004710  _scr_1_0a                          map1
ASxxxx Linker V03.00 + NoICE + sdld,  page 5.
Hexadecimal  [32-Bits]

Area                                    Addr        Size        Decimal Bytes (Attributes)
--------------------------------        ----        ----        ------- ----- ------------
_CODE                               00000200    0000A05D =       41053. bytes (REL,CON)

      Value  Global                              Global Defined In Module
      -----  --------------------------------   ------------------------
     00004762  _scr_1_0b                          map1
     000047BF  _scr_1_0c                          map1
     0000481A  _scr_1_0d                          map1
     0000487D  _scr_1_0e                          map1
     000048CD  _scr_1_0f                          map1
     00004925  _scr_1_10                          map1
     0000498C  _scr_1_11                          map1
     000049CB  _scr_1_12                          map1
     00004A08  _scr_1_13                          map1
     00004A5A  _scr_1_14                          map1
     00004A9E  _scr_1_15                          map1
     00004AE5  _scr_1_16                          map1
     00004B30  _scr_1_17                          map1
     00004B86  _map_1                             map1
     00004BB6  _map_1_locks                       map1
     00004BB8  _scr_2_00                          map2
     00004BED  _scr_2_01                          map2
     00004C1D  _scr_2_02                          map2
     00004C52  _scr_2_03                          map2
     00004C8A  _scr_2_04                          map2
     00004CB6  _scr_2_05                          map2
     00004CF0  _scr_2_06                          map2
     00004D12  _scr_2_07                          map2
     00004D5B  _scr_2_08                          map2
     00004DB3  _scr_2_09                          map2
     00004DEE  _scr_2_0a                          map2
     00004E29  _scr_2_0b                          map2
     00004E58  _scr_2_0c                          map2
     00004E84  _scr_2_0d                          map2
     00004EAF  _scr_2_0e                          map2
     00004EFF  _scr_2_0f                          map2
     00004F47  _scr_2_10                          map2
     00004F85  _scr_2_11                          map2
     00004FB6  _scr_2_12                          map2
     00004FF8  _scr_2_13                          map2
     00005026  _scr_2_14                          map2
     0000506B  _scr_2_15                          map2
     000050AA  _scr_2_16                          map2
     000050D0  _scr_2_17                          map2
     00005111  _map_2                             map2
     00005141  _map_2_locks                       map2
     00005145  _tsfont_patterns_c                 tileset
     00005282  _tsfont_colours_c                  tileset
     000052D8  _hud_rle                           tileset
     000052FF  _title_rle                         tileset
     000054F9  _tstitle_patterns_c                tileset
     00005655  _tstitle_colours_c                 tileset
     0000570B  _ending_rle                        tileset
     000057AC  _tsending_patterns_c               tileset
     00005A86  _tsending_colours_c                tileset
     00005C3D  _ts0_tmaps                         tileset
ASxxxx Linker V03.00 + NoICE + sdld,  page 6.
Hexadecimal  [32-Bits]

Area                                    Addr        Size        Decimal Bytes (Attributes)
--------------------------------        ----        ----        ------- ----- ------------
_CODE                               00000200    0000A05D =       41053. bytes (REL,CON)

      Value  Global                              Global Defined In Module
      -----  --------------------------------   ------------------------
     00005CBD  _ts0_patterns_c                    tileset
     00005EB8  _ts0_colours_c                     tileset
     00005FC8  _ts1_tmaps                         tileset
     00006048  _ts1_patterns_c                    tileset
     000061E0  _ts1_colours_c                     tileset
     000062EB  _ts2_tmaps                         tileset
     00006387  _ts2_patterns_c                    tileset
     000065A1  _ts2_colours_c                     tileset
     000066C6  _ss_pl_00                          spriteset
     000066CF  _ss_pl_01                          spriteset
     000066D8  _ss_pl_02                          spriteset
     000066E1  _ss_pl_03                          spriteset
     000066EA  _ss_pl_04                          spriteset
     000066F3  _ss_pl_05                          spriteset
     000066FC  _ss_pl_06                          spriteset
     00006705  _ss_pl_07                          spriteset
     0000670E  _ss_fanty_00                       spriteset
     00006717  _ss_fanty_01                       spriteset
     00006720  _ss_fanty_02                       spriteset
     00006729  _ss_fanty_03                       spriteset
     00006732  _ss_plat_00                        spriteset
     0000673B  _ss_plat_01                        spriteset
     00006744  _ss_it_00                          spriteset
     0000674D  _ss_it_01                          spriteset
     00006756  _ss_it_02                          spriteset
     0000675F  _ss_it_03                          spriteset
     00006768  _ss_it_04                          spriteset
     00006771  _ss_it_05                          spriteset
     00006776  _ss_it_06                          spriteset
     0000677B  _ss_fixed_patterns_c               spriteset
     00006ABF  _ss_en_0_00                        spriteset
     00006AC8  _ss_en_0_01                        spriteset
     00006AD1  _ss_en_0_02                        spriteset
     00006ADA  _ss_en_0_03                        spriteset
     00006AE3  _ss_en_0_04                        spriteset
     00006AEC  _ss_en_0_05                        spriteset
     00006AF5  _ss_en_0_06                        spriteset
     00006AFE  _ss_en_0_07                        spriteset
     00006B07  _ss_en_0_08                        spriteset
     00006B10  _ss_en_0_09                        spriteset
     00006B19  _ss_en_0_0a                        spriteset
     00006B22  _ss_en_0_0b                        spriteset
     00006B2B  _ss_en_0_patterns_c                spriteset
     00006D26  _ss_en_1_00                        spriteset
     00006D2F  _ss_en_1_01                        spriteset
     00006D38  _ss_en_1_02                        spriteset
     00006D41  _ss_en_1_03                        spriteset
     00006D4A  _ss_en_1_04                        spriteset
     00006D53  _ss_en_1_05                        spriteset
     00006D5C  _ss_en_1_06                        spriteset
     00006D65  _ss_en_1_07                        spriteset
ASxxxx Linker V03.00 + NoICE + sdld,  page 7.
Hexadecimal  [32-Bits]

Area                                    Addr        Size        Decimal Bytes (Attributes)
--------------------------------        ----        ----        ------- ----- ------------
_CODE                               00000200    0000A05D =       41053. bytes (REL,CON)

      Value  Global                              Global Defined In Module
      -----  --------------------------------   ------------------------
     00006D6E  _ss_en_1_08                        spriteset
     00006D77  _ss_en_1_09                        spriteset
     00006D80  _ss_en_1_0a                        spriteset
     00006D89  _ss_en_1_0b                        spriteset
     00006D92  _ss_en_1_patterns_c                spriteset
     00006F98  _ss_en_2_00                        spriteset
     00006FA1  _ss_en_2_01                        spriteset
     00006FAA  _ss_en_2_02                        spriteset
     00006FB3  _ss_en_2_03                        spriteset
     00006FBC  _ss_en_2_04                        spriteset
     00006FC5  _ss_en_2_05                        spriteset
     00006FCE  _ss_en_2_06                        spriteset
     00006FD7  _ss_en_2_07                        spriteset
     00006FE0  _ss_en_2_08                        spriteset
     00006FE9  _ss_en_2_09                        spriteset
     00006FF2  _ss_en_2_patterns_c                spriteset
     000071EA  _m_gover_psg                       murcia
     000073AC  _m_title_psg                       murcia
     00007F4C  _m_yun_psg                         murcia
     00009492  _s_00_start2_psg                   murcia
     000094A5  _s_01_tile3_psg                    murcia
     000094C4  _s_02_object2_psg                  murcia
     000094DB  _s_03_use2_psg                     murcia
     0000953C  _s_04_trampoline2_psg              murcia
     00009551  _s_05_phit3_psg                    murcia
     00009566  _s_06_dummy13_psg                  murcia
     00009570  _s_07_dummy22_psg                  murcia
     000095B8  _s_08_jump2_psg                    murcia
     000095DD  _s_09_bullet2_psg                  murcia
     000095FF  _s_10_coco2_psg                    murcia
     00009621  _s_11_spring2_psg                  murcia
     00009636  _s_12_count2_psg                   murcia
     00009649  _s_13_breakh3_psg                  murcia
     00009661  _s_14_hitter3_psg                  murcia
     0000966B  _s_15_stepon3_psg                  murcia
     00009676  _s_16_float3_psg                   murcia
     00009684  _s_17_breakb3_psg                  murcia
     00009694  _s_18_ring2_psg                    murcia
     000096A8  _s_19_fanfare2_psg                 murcia
     000096EC  _PSGStop                           PSGlib
     00009713  _PSGPlay                           PSGlib
     00009740  _PSGCancelLoop                     PSGlib
     00009746  _PSGPlayNoRepeat                   PSGlib
     00009755  _PSGGetStatus                      PSGlib
     0000975D  _PSGSFXStop                        PSGlib
     000097C1  _PSGSFXPlay                        PSGlib
     0000980C  _PSGSFXCancelLoop                  PSGlib
     00009812  _PSGSFXGetStatus                   PSGlib
     0000981A  _PSGSFXPlayLoop                    PSGlib
     00009834  _PSGFrame                          PSGlib
     0000993B  _PSGSFXFrame                       PSGlib
ASxxxx Linker V03.00 + NoICE + sdld,  page 8.
Hexadecimal  [32-Bits]

Area                                    Addr        Size        Decimal Bytes (Attributes)
--------------------------------        ----        ----        ------- ----- ------------
_CODE                               00000200    0000A05D =       41053. bytes (REL,CON)

      Value  Global                              Global Defined In Module
      -----  --------------------------------   ------------------------
     000099B1  _SG_setReg                         SGlib
     000099DD  _VDPReg_init                       SGlib
     000099E5  _SG_VDPturnOnFeature               SGlib
     00009A1F  _SG_VDPturnOffFeature              SGlib
     00009A50  _SG_init                           SGlib
     00009A97  _SG_setBackdropColor               SGlib
     00009AAB  _SG_setSpriteMode                  SGlib
     00009AE0  _SG_loadTilePatterns               SGlib
     00009B21  _SG_loadTileColours                SGlib
     00009B66  _SG_loadSpritePatterns             SGlib
     00009BAB  _SG_setTileatXY                    SGlib
     00009BEA  _SG_setNextTileatXY                SGlib
     00009C24  _SG_setTile                        SGlib
     00009C2C  _SG_fillTile                       SGlib
     00009C54  _SG_loadTileMapArea                SGlib
     00009CF0  _SG_initSprites                    SGlib
     00009D1B  _SG_addSprite                      SGlib
     00009D9D  _SG_addMetaSprite1x1               SGlib
     00009ED1  _SG_addMetaSprite                  SGlib
     00009F97  _SG_finalizeSprites                SGlib
     00009F98  _SG_getStp                         SGlib
     00009F9C  _SG_setStp                         SGlib
     00009FAD  _SG_waitForVBlank                  SGlib
     00009FBA  _SG_getKeysStatus                  SGlib
     00009FC2  _SG_queryPauseRequested            SGlib
     00009FCA  _SG_resetPauseRequest              SGlib
     00009FD0  _SG_VRAMmemset                     SGlib
     00009FFC  _SG_copySpritestoSAT               SGlib
     0000A00F  _SG_VRAMmemcpy128                  SGlib
     0000A032  _SG_setUpdateList                  SGlib
     0000A043  _SG_doUpdateList                   SGlib
     0000A089  _SG_isr                            SGlib
     0000A0BE  _SG_nmi_isr                        SGlib
     0000A0D1  _aPLib_depack_VRAM                 aPLib
     0000A204  __moduchar                         
     0000A210  __moduint                          
     0000A21B  __divuint                          
     0000A223  __divuchar                         
     0000A22A  __divu8                            
     0000A22D  __divu16                           
     0000A25C  ___sdcc_call_hl                    

ASxxxx Linker V03.00 + NoICE + sdld,  page 9.
Hexadecimal  [32-Bits]

Area                                    Addr        Size        Decimal Bytes (Attributes)
--------------------------------        ----        ----        ------- ----- ------------
_HEADER0                            00000000    00000006 =           6. bytes (ABS,CON)

      Value  Global                              Global Defined In Module
      -----  --------------------------------   ------------------------
ASxxxx Linker V03.00 + NoICE + sdld,  page 10.
Hexadecimal  [32-Bits]

Area                                    Addr        Size        Decimal Bytes (Attributes)
--------------------------------        ----        ----        ------- ----- ------------
_HEADER1                            00000000    00000003 =           3. bytes (ABS,CON)

      Value  Global                              Global Defined In Module
      -----  --------------------------------   ------------------------
ASxxxx Linker V03.00 + NoICE + sdld,  page 11.
Hexadecimal  [32-Bits]

Area                                    Addr        Size        Decimal Bytes (Attributes)
--------------------------------        ----        ----        ------- ----- ------------
_HEADER2                            00000000    00000003 =           3. bytes (ABS,CON)

      Value  Global                              Global Defined In Module
      -----  --------------------------------   ------------------------
ASxxxx Linker V03.00 + NoICE + sdld,  page 12.
Hexadecimal  [32-Bits]

Area                                    Addr        Size        Decimal Bytes (Attributes)
--------------------------------        ----        ----        ------- ----- ------------
_HEADER3                            00000000    0000011E =         286. bytes (ABS,CON)

      Value  Global                              Global Defined In Module
      -----  --------------------------------   ------------------------
     0000018D  _outi_block                        crt0

ASxxxx Linker V03.00 + NoICE + sdld,  page 13.
Hexadecimal  [32-Bits]

Area                                    Addr        Size        Decimal Bytes (Attributes)
--------------------------------        ----        ----        ------- ----- ------------
_INITIALIZER                        0000A25D    00000006 =           6. bytes (REL,CON)

      Value  Global                              Global Defined In Module
      -----  --------------------------------   ------------------------
ASxxxx Linker V03.00 + NoICE + sdld,  page 14.
Hexadecimal  [32-Bits]

Area                                    Addr        Size        Decimal Bytes (Attributes)
--------------------------------        ----        ----        ------- ----- ------------
_GSINIT                             0000A263    0000000F =          15. bytes (REL,CON)

      Value  Global                              Global Defined In Module
      -----  --------------------------------   ------------------------
     0000A263  gsinit                             crt0

ASxxxx Linker V03.00 + NoICE + sdld,  page 15.
Hexadecimal  [32-Bits]

Area                                    Addr        Size        Decimal Bytes (Attributes)
--------------------------------        ----        ----        ------- ----- ------------
_GSFINAL                            0000A272    00000001 =           1. bytes (REL,CON)

      Value  Global                              Global Defined In Module
      -----  --------------------------------   ------------------------
ASxxxx Linker V03.00 + NoICE + sdld,  page 16.
Hexadecimal  [32-Bits]

Area                                    Addr        Size        Decimal Bytes (Attributes)
--------------------------------        ----        ----        ------- ----- ------------
_DATA                               0000C000    0000036D =         877. bytes (REL,CON)

      Value  Global                              Global Defined In Module
      -----  --------------------------------   ------------------------
     0000C000  __x                                game
     0000C001  __y                                game
     0000C002  __n                                game
     0000C003  __t                                game
     0000C004  _pad0                              game
     0000C005  _pad_this_frame                    game
     0000C006  _gpit                              game
     0000C007  _gpjt                              game
     0000C008  _rds16                             game
     0000C00A  _gp_gen                            game
     0000C00C  _gp_tmap                           game
     0000C00E  _gp_ram                            game
     0000C010  _gp_addr                           game
     0000C012  _rdx                               game
     0000C013  _rdy                               game
     0000C014  _rdt                               game
     0000C015  _rdit                              game
     0000C016  _rda                               game
     0000C017  _rdb                               game
     0000C018  _rdc                               game
     0000C019  _rdd                               game
     0000C01A  _rdm                               game
     0000C01B  _rds                               game
     0000C01C  _rdct                              game
     0000C01D  _ticker                            game
     0000C01E  _at1                               game
     0000C01F  _at2                               game
     0000C020  _cx1                               game
     0000C021  _cx2                               game
     0000C022  _cy1                               game
     0000C023  _cy2                               game
     0000C024  _caux                              game
     0000C025  _cur_stp                           game
     0000C027  _en_initial                        game
     0000C028  _en_offs                           game
     0000C029  _en_fr                             game
     0000C02A  _en_collx                          game
     0000C02B  _en_colly                          game
     0000C02C  _en_spr                            game
     0000C02D  _touched                           game
     0000C02E  _en_is_alive                       game
     0000C02F  _pregotten                         game
     0000C030  __en_t                             game
     0000C031  __en_s                             game
     0000C032  __en_x                             game
     0000C033  __en_y                             game
     0000C034  __en_x1                            game
     0000C035  __en_y1                            game
     0000C036  __en_x2                            game
     0000C037  __en_y2                            game
ASxxxx Linker V03.00 + NoICE + sdld,  page 17.
Hexadecimal  [32-Bits]

Area                                    Addr        Size        Decimal Bytes (Attributes)
--------------------------------        ----        ----        ------- ----- ------------
_DATA                               0000C000    0000036D =         877. bytes (REL,CON)

      Value  Global                              Global Defined In Module
      -----  --------------------------------   ------------------------
     0000C038  __en_mx                            game
     0000C039  __en_my                            game
     0000C03A  __en_ct                            game
     0000C03B  __en_facing                        game
     0000C03C  __en_state                         game
     0000C03D  __enf_x                            game
     0000C03F  __enf_y                            game
     0000C041  __enf_vx                           game
     0000C043  __enf_vy                           game
     0000C045  _en_sg_1                           game
     0000C046  _en_sg_2                           game
     0000C047  _vertical_engine_type              game
     0000C048  _px                                game
     0000C04A  _py                                game
     0000C04C  _pvx                               game
     0000C04E  _pvy                               game
     0000C050  _prx                               game
     0000C051  _pry                               game
     0000C052  _pcx                               game
     0000C053  _pcy                               game
     0000C054  _pfacing                           game
     0000C055  _pfr                               game
     0000C056  _psprid                            game
     0000C057  _a_button                          game
     0000C058  _b_button                          game
     0000C059  _pj                                game
     0000C05A  _pjb                               game
     0000C05B  _pctj                              game
     0000C05C  _pgotten                           game
     0000C05D  _ppossee                           game
     0000C05E  _oppossee                          game
     0000C05F  _pflickering                       game
     0000C060  _pbouncing                         game
     0000C061  _phit                              game
     0000C062  _pgtmx                             game
     0000C064  _pgtmy                             game
     0000C066  _hitv                              game
     0000C067  _hith                              game
     0000C068  _prx_old                           game
     0000C069  _pry_old                           game
     0000C06A  _pkill                             game
     0000C06B  _pice                              game
     0000C06C  _pnotsafe                          game
     0000C06D  _pcontinues                        game
     0000C06E  _plife                             game
     0000C06F  _pkeys                             game
     0000C070  _pobjs                             game
     0000C071  _pammo                             game
     0000C072  _pkilled                           game
     0000C073  _pfiring                           game
     0000C074  _n_pant_safe                       game
ASxxxx Linker V03.00 + NoICE + sdld,  page 18.
Hexadecimal  [32-Bits]

Area                                    Addr        Size        Decimal Bytes (Attributes)
--------------------------------        ----        ----        ------- ----- ------------
_DATA                               0000C000    0000036D =         877. bytes (REL,CON)

      Value  Global                              Global Defined In Module
      -----  --------------------------------   ------------------------
     0000C075  _px_safe                           game
     0000C077  _py_safe                           game
     0000C079  _hrx                               game
     0000C07A  _hry                               game
     0000C07B  _hrt                               game
     0000C07C  _do_process_breakable              game
     0000C07D  _ft                                game
     0000C07E  _c_map_w                           game
     0000C07F  _c_map_h                           game
     0000C080  _c_map_size                        game
     0000C081  _c_ts_tmaps                        game
     0000C083  _c_behs                            game
     0000C085  _spr_enems                         game
     0000C087  _c_map                             game
     0000C089  _c_decos                           game
     0000C08A  _c_locks                           game
     0000C08C  _c_enems                           game
     0000C08E  _c_hotspots                        game
     0000C090  _c_max_bolts                       game
     0000C091  _ntsc                              game
     0000C092  _ntsc_frame                        game
     0000C093  _update_index                      game
     0000C094  _update_list                       game
     0000C0F4  _fader                             game
     0000C0F5  _fade_delay                        game
     0000C0F6  _map_buff                          game
     0000C1B6  _first_game                        game
     0000C1B7  _level                             game
     0000C1B8  _c_max_enems                       game
     0000C1B9  _n_pant                            game
     0000C1BA  _on_pant                           game
     0000C1BB  _half_life                         game
     0000C1BC  _frame_counter                     game
     0000C1BD  _paused                            game
     0000C1BE  _win_level                         game
     0000C1BF  _game_over                         game
     0000C1C0  _warp_to_level                     game
     0000C1C1  _level_reset                       game
     0000C1C2  _flick_override                    game
     0000C1C3  _olife                             game
     0000C1C4  _okeys                             game
     0000C1C5  _oobjs                             game
     0000C1C6  _oammo                             game
     0000C1C7  _okilled                           game
     0000C1C8  _oam_index_player                  game
     0000C1C9  _no_ct                             game
     0000C1CA  _pctfr                             game
     0000C1CB  _hact                              game
     0000C1E3  _lkact                             game
     0000C1F3  _flags                             game
     0000C1F5  _en_t                              game
ASxxxx Linker V03.00 + NoICE + sdld,  page 19.
Hexadecimal  [32-Bits]

Area                                    Addr        Size        Decimal Bytes (Attributes)
--------------------------------        ----        ----        ------- ----- ------------
_DATA                               0000C000    0000036D =         877. bytes (REL,CON)

      Value  Global                              Global Defined In Module
      -----  --------------------------------   ------------------------
     0000C1F8  _en_x                              game
     0000C1FB  _en_y                              game
     0000C1FE  _en_x1                             game
     0000C201  _en_y1                             game
     0000C204  _en_x2                             game
     0000C207  _en_y2                             game
     0000C20A  _en_mx                             game
     0000C20D  _en_my                             game
     0000C210  _en_s                              game
     0000C213  _en_facing                         game
     0000C216  _en_state                          game
     0000C219  _en_flags                          game
     0000C21C  _en_cttouched                      game
     0000C21F  _en_life                           game
     0000C222  _en_status                         game
     0000C225  _en_ct                             game
     0000C228  _en_spr_x_mod                      game
     0000C229  _enf_x                             game
     0000C22F  _enf_vx                            game
     0000C235  _enf_y                             game
     0000C23B  _enf_vy                            game
     0000C241  _en_spr_id                         game
     0000C244  _ep_dead                           game
     0000C28C  _max_chac_chacs                    game
     0000C28D  _chac_chacs_yx                     game
     0000C291  _chac_chacs_state                  game
     0000C295  _chac_chacs_idlewait               game
     0000C299  _chac_chacs_ct                     game
     0000C29D  _chac_chacs_queue                  game
     0000C2AD  _chac_chacs_queue_read             game
     0000C2AE  _chac_chacs_queue_write            game
     0000C2AF  _res_disable                       game
     0000C2B0  _res_on                            game
     0000C2B1  _res_ct                            game
     0000C2B2  _res_subct                         game
     0000C2B3  _cfx                               game
     0000C2B4  _springs_on                        game
     0000C2B5  _shaker_ct                         game
     0000C2B6  _mode_no_resonators                game
     0000C2B7  _game_mode                         game
     0000C2B8  _seed1                             rand
     0000C2BA  _seed2                             rand
     0000C2BC  _randres                           rand
     0000C2BD  _PSGMusicStart                     PSGlib
     0000C2BF  _PSGMusicPointer                   PSGlib
     0000C2C1  _PSGMusicLoopPoint                 PSGlib
     0000C2C3  _PSGMusicSkipFrames                PSGlib
     0000C2C4  _PSGLoopFlag                       PSGlib
     0000C2C5  _PSGMusicLastLatch                 PSGlib
     0000C2C6  _PSGMusicSubstringLen              PSGlib
     0000C2C7  _PSGMusicSubstringRetAddr          PSGlib
ASxxxx Linker V03.00 + NoICE + sdld,  page 20.
Hexadecimal  [32-Bits]

Area                                    Addr        Size        Decimal Bytes (Attributes)
--------------------------------        ----        ----        ------- ----- ------------
_DATA                               0000C000    0000036D =         877. bytes (REL,CON)

      Value  Global                              Global Defined In Module
      -----  --------------------------------   ------------------------
     0000C2C9  _PSGChan2Volume                    PSGlib
     0000C2CA  _PSGChan3Volume                    PSGlib
     0000C2CB  _PSGChan2LowTone                   PSGlib
     0000C2CC  _PSGChan3LowTone                   PSGlib
     0000C2CD  _PSGChan2HighTone                  PSGlib
     0000C2CE  _PSGSFXStart                       PSGlib
     0000C2D0  _PSGSFXPointer                     PSGlib
     0000C2D2  _PSGSFXLoopPoint                   PSGlib
     0000C2D4  _PSGSFXSkipFrames                  PSGlib
     0000C2D5  _PSGSFXLoopFlag                    PSGlib
     0000C2D6  _PSGSFXSubstringLen                PSGlib
     0000C2D7  _PSGSFXSubstringRetAddr            PSGlib
     0000C2D9  _VDPBlank                          SGlib
     0000C2DA  _PauseRequested                    SGlib
     0000C2DB  _KeysStatus                        SGlib
     0000C2DC  _SpriteTable                       SGlib
     0000C35C  _stp                               SGlib
     0000C35E  _SpriteTableEnd                    SGlib
     0000C360  _first_sprite                      SGlib
     0000C361  _libgpit                           SGlib
     0000C362  _VDPType                           SGlib
     0000C363  _updateList                        SGlib
     0000C365  _ulp                               SGlib
     0000C367  _ulpMsb                            SGlib
     0000C368  _aPLib_bits                        aPLib
     0000C36A  _aPLib_LWM                         aPLib
     0000C36B  _aPLib_R0                          aPLib

ASxxxx Linker V03.00 + NoICE + sdld,  page 21.
Hexadecimal  [32-Bits]

Area                                    Addr        Size        Decimal Bytes (Attributes)
--------------------------------        ----        ----        ------- ----- ------------
_INITIALIZED                        0000C36D    00000006 =           6. bytes (REL,CON)

      Value  Global                              Global Defined In Module
      -----  --------------------------------   ------------------------
     0000C36D  _PSGMusicStatus                    PSGlib
     0000C36E  _PSGChannel2SFX                    PSGlib
     0000C36F  _PSGChannel3SFX                    PSGlib
     0000C370  _PSGSFXStatus                      PSGlib
     0000C371  _VDPReg                            SGlib

ASxxxx Linker V03.00 + NoICE + sdld,  page 22.

Files Linked                              [ module(s) ]

lib/crt0_sg.rel                           [ crt0 ]
rel/game.rel                              [ game ]
rel/rand.rel                              [ rand ]
rel/delay.rel                             [ delay ]
rel/memfill.rel                           [ memfill ]
rel/unpacker.rel                          [ unpacker ]
rel/unrle.rel                             [ unrle ]
rel/propellers.rel                        [ propellers ]
rel/tile_chac_chac.rel                    [ tile_chac_chac ]
rel/printer.rel                           [ printer ]
rel/general.rel                           [ general ]
rel/player.rel                            [ player ]
rel/enengine.rel                          [ enengine ]
rel/enems0.rel                            [ enems0 ]
rel/enems1.rel                            [ enems1 ]
rel/enems2.rel                            [ enems2 ]
rel/map0.rel                              [ map0 ]
rel/map1.rel                              [ map1 ]
rel/map2.rel                              [ map2 ]
rel/tileset.rel                           [ tileset ]
rel/spriteset.rel                         [ spriteset ]
rel/murcia.rel                            [ murcia ]
lib/PSGlib.rel                            [ PSGlib ]
lib/SGlib.rel                             [ SGlib ]
lib/aPLib.rel                             [ aPLib ]


Libraries Linked                          [ object file ]

C:\Users\na_th\Desktop\git\loves_the_sg1000\environment\sdcc-sg1000\bin\..\lib\z80/z80.lib
                                          [ modunsigned.rel ]
C:\Users\na_th\Desktop\git\loves_the_sg1000\environment\sdcc-sg1000\bin\..\lib\z80/z80.lib
                                          [ divunsigned.rel ]
C:\Users\na_th\Desktop\git\loves_the_sg1000\environment\sdcc-sg1000\bin\..\lib\z80/z80.lib
                                          [ __sdcc_call_hl.rel ]

ASxxxx Linker V03.00 + NoICE + sdld,  page 23.

User Base Address Definitions

_CODE = 0x0200
_DATA = 0xc000

