ASxxxx Linker V03.00 + NoICE + sdld,  page 1.
Hexadecimal  [32-Bits]

Area                                    Addr        Size        Decimal Bytes (Attributes)
--------------------------------        ----        ----        ------- ----- ------------
.  .ABS.                            00000000    00000000 =           0. bytes (ABS,CON)

      Value  Global                              Global Defined In Module
      -----  --------------------------------   ------------------------
     00000000  .__.ABS.                           
     00000000  l__BSEG                         
     00000000  l__BSS                          
     00000000  l__CABS                         
     00000000  l__DABS                         
     00000000  l__HEADER                       
     00000000  l__HEAP                         
     00000000  l__HOME                         
     00000000  s__CABS                         
     00000000  s__DABS                         
     00000000  s__HEADER                       
     00000000  s__HEADER0                      
     00000000  s__HEADER1                      
     00000000  s__HEADER2                      
     00000000  s__HEADER3                      
     00000001  l__GSFINAL                      
     00000003  l__HEADER1                      
     00000003  l__HEADER2                      
     00000006  l__HEADER0                      
     00000006  l__INITIALIZED                  
     00000006  l__INITIALIZER                  
     0000000F  l__GSINIT                       
     0000011E  l__HEADER3                      
     00000200  s__CODE                         
     0000036D  l__DATA                         
     0000B7D5  l__CODE                         
     0000B9D5  s__HOME                         
     0000B9D5  s__INITIALIZER                  
     0000B9DB  s__GSINIT                       
     0000B9EA  s__GSFINAL                      
     0000C000  s__DATA                         
     0000C36D  s__INITIALIZED                  
     0000C373  s__BSEG                         
     0000C373  s__BSS                          
     0000C373  s__HEAP                         

ASxxxx Linker V03.00 + NoICE + sdld,  page 2.
Hexadecimal  [32-Bits]

Area                                    Addr        Size        Decimal Bytes (Attributes)
--------------------------------        ----        ----        ------- ----- ------------
_CODE                               00000200    0000B7D5 =       47061. bytes (REL,CON)

      Value  Global                              Global Defined In Module
      -----  --------------------------------   ------------------------
     00000200  __clock                            crt0
     00000204  _exit                              crt0
     0000020A  _hotspots_load                     game
     0000022C  _chac_chacs_times                  game
     00000232  _chac_chacs_t1                     game
     00000238  _chac_chacs_t2                     game
     0000023E  _chac_chacs_t3                     game
     00000244  _bits                              game
     0000024C  _jitter                            game
     0000025C  _behs0                             game
     0000027C  _behs1                             game
     0000029C  _behs2                             game
     000002C3  _behs3                             game
     000002D3  _spr_player                        game
     000002F3  _spr_enems0                        game
     00000345  _spr_enems1                        game
     00000397  _spr_enems2                        game
     000003E9  _spr_hs                            game
     000003F5  _l_scr_ini                         game
     000003F9  _l_ini_x                           game
     000003FD  _l_ini_y                           game
     00000401  _l_map_w                           game
     00000405  _l_map_h                           game
     00000409  _l_player_max_objects              game
     0000040D  _l_player_max_enems                game
     00000411  _l_ts_patterns                     game
     00000419  _l_ts_colours                      game
     00000421  _l_ts_tmaps                        game
     00000429  _l_behs                            game
     00000431  _l_spr_patterns                    game
     00000439  _l_spr_enems                       game
     00000441  _l_map                             game
     00000449  _l_decos                           game
     0000044D  _l_locks                           game
     00000455  _l_n_bolts                         game
     00000459  _l_enems                           game
     00000461  _l_hotspots                        game
     00000469  _l_music                           game
     00000471  _hotspots_paint                    game
     000004AE  _hotspots_create                   game
     0000050E  _draw_game_frame                   game
     00000517  _hud_update                        game
     00000590  _bat_in                            game
     000005A0  _bat_out                           game
     000005B1  _pres                              game
     000005E4  _title                             game
     0000072C  _scr_game_over                     game
     0000074A  _scr_the_end                       game
     000007F5  _scr_level                         game
     00000833  _level0name                        game
ASxxxx Linker V03.00 + NoICE + sdld,  page 3.
Hexadecimal  [32-Bits]

Area                                    Addr        Size        Decimal Bytes (Attributes)
--------------------------------        ----        ----        ------- ----- ------------
_CODE                               00000200    0000B7D5 =       47061. bytes (REL,CON)

      Value  Global                              Global Defined In Module
      -----  --------------------------------   ------------------------
     0000083E  _level1name                        game
     0000084A  _level2name                        game
     00000856  _level3name                        game
     00000861  _levelnames                        game
     00000871  _scr_sclear                        game
     000008B1  _credits                           game
     000009B7  _flickscreen_do_horizontal         game
     00000A02  _flickscreen_do_vertical           game
     00000AA5  _game_init                         game
     00000C9B  _prepare_scr                       game
     00000D9C  _game_loop                         game
     000010CB  _main                              game
     0000117A  _rand8                             rand
     000011A4  _srand                             rand
     000011B1  _set_rand                          rand
     000011C8  _delay                             delay
     000011D9  _memfill                           memfill
     000011ED  _unpack_bg_patterns                unpacker
     00001294  _unrle_adv                         unrle
     000012A3  _unrle                             unrle
     00001319  _chac_chacs_add                    tile_chac_chac
     00001379  _chac_chacs_do                     tile_chac_chac
     000014F6  _clear_update_list                 printer
     0000150D  _cls                               printer
     00001521  _ul_putc                           printer
     0000156B  _p_t                               printer
     000015C0  _p_tf                              printer
     000015F8  _draw_tile                         printer
     000016B2  _update_list_tile                  printer
     00001740  _map_set                           printer
     00001775  _get_byte                          printer
     00001789  _add_tile                          printer
     0000179B  _draw_scr                          printer
     00001A42  _pr_str                            printer
     00001A84  _cm_two_points                     general
     00001B0F  _collide_in                        general
     00001B66  _collide                           general
     00001BDA  _add_sign                          general
     00001C0A  _pad_read                          general
     00001C2F  _distance                          general
     00001CA4  _jump_start                        general
     00001CC2  _update_cycle                      general
     00001CDF  _do_update_list_and_wait           general
     00001CF0  _player_register_safe_spot         player
     00001D03  _player_stop                       player
     00001D0F  _player_init                       player
     00001D5D  _player_render                     player
     00001D8D  _player_to_pixels                  player
     00001DD2  _player_kill                       player
     00001E30  _player_process_tile               player
     00001EF6  _player_move                       player
ASxxxx Linker V03.00 + NoICE + sdld,  page 4.
Hexadecimal  [32-Bits]

Area                                    Addr        Size        Decimal Bytes (Attributes)
--------------------------------        ----        ----        ------- ----- ------------
_CODE                               00000200    0000B7D5 =       47061. bytes (REL,CON)

      Value  Global                              Global Defined In Module
      -----  --------------------------------   ------------------------
     000028BE  _enems_persistent_load             enengine
     000029B0  _enems_persistent_update           enengine
     00002A34  _enems_persistent_deaths_load      enengine
     00002A46  _enems_update_unsigned_char_arra   enengine
     00002B4C  _enems_facing                      enengine
     00002B55  _enems_init_fp                     enengine
     00002B7A  _enems_boioiong_init               enengine
     00002BC1  _enems_load                        enengine
     00002DCA  _enems_kill                        enengine
     00002DF1  _enems_hit                         enengine
     00002E11  _enems_move                        enengine
     00003ADA  _enems_0                           enems0
     00003BFA  _hotspots_0                        enems0
     00003C2A  _enems_1                           enems1
     00003D4A  _hotspots_1                        enems1
     00003D7A  _enems_2                           enems2
     00003E9A  _hotspots_2                        enems2
     00003ECA  _enems_3                           enems3
     00003FEA  _hotspots_3                        enems3
     0000401A  _scr_0_00                          map0
     00004061  _scr_0_01                          map0
     000040A2  _scr_0_02                          map0
     000040BF  _scr_0_03                          map0
     00004104  _scr_0_04                          map0
     0000414E  _scr_0_05                          map0
     0000418B  _scr_0_06                          map0
     000041C2  _scr_0_07                          map0
     00004201  _scr_0_08                          map0
     00004249  _scr_0_09                          map0
     00004293  _scr_0_0a                          map0
     000042D8  _scr_0_0b                          map0
     00004313  _scr_0_0c                          map0
     00004360  _scr_0_0d                          map0
     000043A2  _scr_0_0e                          map0
     000043DB  _scr_0_0f                          map0
     00004408  _scr_0_10                          map0
     00004454  _scr_0_11                          map0
     0000448E  _scr_0_12                          map0
     000044D2  _scr_0_13                          map0
     00004508  _scr_0_14                          map0
     00004549  _scr_0_15                          map0
     00004580  _scr_0_16                          map0
     000045BA  _scr_0_17                          map0
     000045F3  _map_0                             map0
     00004623  _map_0_locks                       map0
     00004627  _scr_1_00                          map1
     00004671  _scr_1_01                          map1
     000046D1  _scr_1_02                          map1
     00004731  _scr_1_03                          map1
     00004786  _scr_1_04                          map1
     000047DE  _scr_1_05                          map1
ASxxxx Linker V03.00 + NoICE + sdld,  page 5.
Hexadecimal  [32-Bits]

Area                                    Addr        Size        Decimal Bytes (Attributes)
--------------------------------        ----        ----        ------- ----- ------------
_CODE                               00000200    0000B7D5 =       47061. bytes (REL,CON)

      Value  Global                              Global Defined In Module
      -----  --------------------------------   ------------------------
     0000482B  _scr_1_06                          map1
     00004851  _scr_1_07                          map1
     0000488B  _scr_1_08                          map1
     000048F9  _scr_1_09                          map1
     0000495D  _scr_1_0a                          map1
     000049AF  _scr_1_0b                          map1
     00004A0C  _scr_1_0c                          map1
     00004A67  _scr_1_0d                          map1
     00004ACA  _scr_1_0e                          map1
     00004B1A  _scr_1_0f                          map1
     00004B72  _scr_1_10                          map1
     00004BD9  _scr_1_11                          map1
     00004C18  _scr_1_12                          map1
     00004C55  _scr_1_13                          map1
     00004CA7  _scr_1_14                          map1
     00004CEB  _scr_1_15                          map1
     00004D32  _scr_1_16                          map1
     00004D7D  _scr_1_17                          map1
     00004DD3  _map_1                             map1
     00004E03  _map_1_locks                       map1
     00004E05  _scr_2_00                          map2
     00004E3A  _scr_2_01                          map2
     00004E6A  _scr_2_02                          map2
     00004E9F  _scr_2_03                          map2
     00004ED7  _scr_2_04                          map2
     00004F03  _scr_2_05                          map2
     00004F3D  _scr_2_06                          map2
     00004F5F  _scr_2_07                          map2
     00004FA8  _scr_2_08                          map2
     00005000  _scr_2_09                          map2
     0000503B  _scr_2_0a                          map2
     00005076  _scr_2_0b                          map2
     000050A5  _scr_2_0c                          map2
     000050D1  _scr_2_0d                          map2
     000050FC  _scr_2_0e                          map2
     0000514C  _scr_2_0f                          map2
     00005194  _scr_2_10                          map2
     000051D2  _scr_2_11                          map2
     00005203  _scr_2_12                          map2
     00005245  _scr_2_13                          map2
     00005273  _scr_2_14                          map2
     000052B8  _scr_2_15                          map2
     000052F7  _scr_2_16                          map2
     0000531D  _scr_2_17                          map2
     0000535E  _map_2                             map2
     0000538E  _map_2_locks                       map2
     00005392  _scr_3_02                          map3
     000053A6  _scr_3_03                          map3
     000053C1  _scr_3_04                          map3
     000053E6  _scr_3_05                          map3
     000053FA  _scr_3_06                          map3
ASxxxx Linker V03.00 + NoICE + sdld,  page 6.
Hexadecimal  [32-Bits]

Area                                    Addr        Size        Decimal Bytes (Attributes)
--------------------------------        ----        ----        ------- ----- ------------
_CODE                               00000200    0000B7D5 =       47061. bytes (REL,CON)

      Value  Global                              Global Defined In Module
      -----  --------------------------------   ------------------------
     00005421  _scr_3_07                          map3
     0000544C  _scr_3_08                          map3
     0000547E  _scr_3_09                          map3
     000054A2  _scr_3_0a                          map3
     000054B8  _scr_3_0b                          map3
     000054DB  _scr_3_0c                          map3
     00005503  _scr_3_0d                          map3
     0000551F  _scr_3_0e                          map3
     00005554  _scr_3_0f                          map3
     00005580  _scr_3_10                          map3
     000055AC  _scr_3_11                          map3
     000055F5  _scr_3_12                          map3
     00005620  _scr_3_13                          map3
     00005647  _scr_3_14                          map3
     00005662  _scr_3_15                          map3
     00005694  _scr_3_16                          map3
     000056CE  _scr_3_17                          map3
     000056F7  _map_3                             map3
     00005727  _map_3_locks                       map3
     0000572F  _tsfont_patterns_c                 tileset
     0000586C  _tsfont_colours_c                  tileset
     000058C2  _hud_rle                           tileset
     000058E9  _title_rle                         tileset
     00005AE3  _tstitle_patterns_c                tileset
     00005C3F  _tstitle_colours_c                 tileset
     00005CF5  _ending_rle                        tileset
     00005D96  _tsending_patterns_c               tileset
     00006070  _tsending_colours_c                tileset
     00006227  _ts0_tmaps                         tileset
     000062A7  _ts0_patterns_c                    tileset
     000064A2  _ts0_colours_c                     tileset
     000065B2  _ts1_tmaps                         tileset
     00006632  _ts1_patterns_c                    tileset
     000067D4  _ts1_colours_c                     tileset
     000068E2  _ts2_tmaps                         tileset
     0000697E  _ts2_patterns_c                    tileset
     00006B98  _ts2_colours_c                     tileset
     00006CBD  _ts3_tmaps                         tileset
     00006CFD  _ts3_patterns_c                    tileset
     00006E78  _ts3_colours_c                     tileset
     00006F4B  _ss_pl_00                          spriteset
     00006F54  _ss_pl_01                          spriteset
     00006F5D  _ss_pl_02                          spriteset
     00006F66  _ss_pl_03                          spriteset
     00006F6F  _ss_pl_04                          spriteset
     00006F78  _ss_pl_05                          spriteset
     00006F81  _ss_pl_06                          spriteset
     00006F8A  _ss_pl_07                          spriteset
     00006F93  _ss_fanty_00                       spriteset
     00006F9C  _ss_fanty_01                       spriteset
     00006FA5  _ss_fanty_02                       spriteset
ASxxxx Linker V03.00 + NoICE + sdld,  page 7.
Hexadecimal  [32-Bits]

Area                                    Addr        Size        Decimal Bytes (Attributes)
--------------------------------        ----        ----        ------- ----- ------------
_CODE                               00000200    0000B7D5 =       47061. bytes (REL,CON)

      Value  Global                              Global Defined In Module
      -----  --------------------------------   ------------------------
     00006FAE  _ss_fanty_03                       spriteset
     00006FB7  _ss_plat_00                        spriteset
     00006FC0  _ss_plat_01                        spriteset
     00006FC9  _ss_it_00                          spriteset
     00006FD2  _ss_it_01                          spriteset
     00006FDB  _ss_it_02                          spriteset
     00006FE4  _ss_it_03                          spriteset
     00006FED  _ss_it_04                          spriteset
     00006FF6  _ss_it_05                          spriteset
     00006FFB  _ss_it_06                          spriteset
     00007000  _ss_fixed_patterns_c               spriteset
     00007344  _ss_en_0_00                        spriteset
     0000734D  _ss_en_0_01                        spriteset
     00007356  _ss_en_0_02                        spriteset
     0000735F  _ss_en_0_03                        spriteset
     00007368  _ss_en_0_04                        spriteset
     00007371  _ss_en_0_05                        spriteset
     0000737A  _ss_en_0_06                        spriteset
     00007383  _ss_en_0_07                        spriteset
     0000738C  _ss_en_0_08                        spriteset
     00007395  _ss_en_0_09                        spriteset
     0000739E  _ss_en_0_0a                        spriteset
     000073A7  _ss_en_0_0b                        spriteset
     000073B0  _ss_en_0_patterns_c                spriteset
     000075AB  _ss_en_1_00                        spriteset
     000075B4  _ss_en_1_01                        spriteset
     000075BD  _ss_en_1_02                        spriteset
     000075C6  _ss_en_1_03                        spriteset
     000075CF  _ss_en_1_04                        spriteset
     000075D8  _ss_en_1_05                        spriteset
     000075E1  _ss_en_1_06                        spriteset
     000075EA  _ss_en_1_07                        spriteset
     000075F3  _ss_en_1_08                        spriteset
     000075FC  _ss_en_1_09                        spriteset
     00007605  _ss_en_1_0a                        spriteset
     0000760E  _ss_en_1_0b                        spriteset
     00007617  _ss_en_1_patterns_c                spriteset
     0000781D  _ss_en_2_00                        spriteset
     00007826  _ss_en_2_01                        spriteset
     0000782F  _ss_en_2_02                        spriteset
     00007838  _ss_en_2_03                        spriteset
     00007841  _ss_en_2_04                        spriteset
     0000784A  _ss_en_2_05                        spriteset
     00007853  _ss_en_2_06                        spriteset
     0000785C  _ss_en_2_07                        spriteset
     00007865  _ss_en_2_08                        spriteset
     0000786E  _ss_en_2_09                        spriteset
     00007877  _ss_en_2_patterns_c                spriteset
     00007A6F  _m_n_ending_psg                    murcia
     00007D78  _m_n_gover_psg                     murcia
     00007F59  _m_n_jingle_psg                    murcia
ASxxxx Linker V03.00 + NoICE + sdld,  page 8.
Hexadecimal  [32-Bits]

Area                                    Addr        Size        Decimal Bytes (Attributes)
--------------------------------        ----        ----        ------- ----- ------------
_CODE                               00000200    0000B7D5 =       47061. bytes (REL,CON)

      Value  Global                              Global Defined In Module
      -----  --------------------------------   ------------------------
     00008067  _m_n_sclear_psg                    murcia
     000081C7  _m_n_stagea_psg                    murcia
     00008B59  _m_n_stageb_psg                    murcia
     00009671  _m_n_stagec_psg                    murcia
     00009F9D  _m_n_title_psg                     murcia
     0000AC0A  _s_00_start2_psg                   murcia
     0000AC1D  _s_01_tile3_psg                    murcia
     0000AC3C  _s_02_object2_psg                  murcia
     0000AC53  _s_03_use2_psg                     murcia
     0000ACB4  _s_04_trampoline2_psg              murcia
     0000ACC9  _s_05_phit3_psg                    murcia
     0000ACDE  _s_06_dummy13_psg                  murcia
     0000ACE8  _s_07_dummy22_psg                  murcia
     0000AD30  _s_08_jump2_psg                    murcia
     0000AD55  _s_09_bullet2_psg                  murcia
     0000AD77  _s_10_coco2_psg                    murcia
     0000AD99  _s_11_spring2_psg                  murcia
     0000ADAE  _s_12_count2_psg                   murcia
     0000ADC1  _s_13_breakh3_psg                  murcia
     0000ADD9  _s_14_hitter3_psg                  murcia
     0000ADE3  _s_15_stepon3_psg                  murcia
     0000ADEE  _s_16_float3_psg                   murcia
     0000ADFC  _s_17_breakb3_psg                  murcia
     0000AE0C  _s_18_ring2_psg                    murcia
     0000AE20  _s_19_fanfare2_psg                 murcia
     0000AE64  _PSGStop                           PSGlib
     0000AE8B  _PSGPlay                           PSGlib
     0000AEB8  _PSGCancelLoop                     PSGlib
     0000AEBE  _PSGPlayNoRepeat                   PSGlib
     0000AECD  _PSGGetStatus                      PSGlib
     0000AED5  _PSGSFXStop                        PSGlib
     0000AF39  _PSGSFXPlay                        PSGlib
     0000AF84  _PSGSFXCancelLoop                  PSGlib
     0000AF8A  _PSGSFXGetStatus                   PSGlib
     0000AF92  _PSGSFXPlayLoop                    PSGlib
     0000AFAC  _PSGFrame                          PSGlib
     0000B0B3  _PSGSFXFrame                       PSGlib
     0000B129  _SG_setReg                         SGlib
     0000B155  _VDPReg_init                       SGlib
     0000B15D  _SG_VDPturnOnFeature               SGlib
     0000B197  _SG_VDPturnOffFeature              SGlib
     0000B1C8  _SG_init                           SGlib
     0000B20F  _SG_setBackdropColor               SGlib
     0000B223  _SG_setSpriteMode                  SGlib
     0000B258  _SG_loadTilePatterns               SGlib
     0000B299  _SG_loadTileColours                SGlib
     0000B2DE  _SG_loadSpritePatterns             SGlib
     0000B323  _SG_setTileatXY                    SGlib
     0000B362  _SG_setNextTileatXY                SGlib
     0000B39C  _SG_setTile                        SGlib
     0000B3A4  _SG_fillTile                       SGlib
ASxxxx Linker V03.00 + NoICE + sdld,  page 9.
Hexadecimal  [32-Bits]

Area                                    Addr        Size        Decimal Bytes (Attributes)
--------------------------------        ----        ----        ------- ----- ------------
_CODE                               00000200    0000B7D5 =       47061. bytes (REL,CON)

      Value  Global                              Global Defined In Module
      -----  --------------------------------   ------------------------
     0000B3CC  _SG_loadTileMapArea                SGlib
     0000B468  _SG_initSprites                    SGlib
     0000B493  _SG_addSprite                      SGlib
     0000B515  _SG_addMetaSprite1x1               SGlib
     0000B649  _SG_addMetaSprite                  SGlib
     0000B70F  _SG_finalizeSprites                SGlib
     0000B710  _SG_getStp                         SGlib
     0000B714  _SG_setStp                         SGlib
     0000B725  _SG_waitForVBlank                  SGlib
     0000B732  _SG_getKeysStatus                  SGlib
     0000B73A  _SG_queryPauseRequested            SGlib
     0000B742  _SG_resetPauseRequest              SGlib
     0000B748  _SG_VRAMmemset                     SGlib
     0000B774  _SG_copySpritestoSAT               SGlib
     0000B787  _SG_VRAMmemcpy128                  SGlib
     0000B7AA  _SG_setUpdateList                  SGlib
     0000B7BB  _SG_doUpdateList                   SGlib
     0000B801  _SG_isr                            SGlib
     0000B836  _SG_nmi_isr                        SGlib
     0000B849  _aPLib_depack_VRAM                 aPLib
     0000B97C  __moduchar                         
     0000B988  __moduint                          
     0000B993  __divuint                          
     0000B99B  __divuchar                         
     0000B9A2  __divu8                            
     0000B9A5  __divu16                           
     0000B9D4  ___sdcc_call_hl                    

ASxxxx Linker V03.00 + NoICE + sdld,  page 10.
Hexadecimal  [32-Bits]

Area                                    Addr        Size        Decimal Bytes (Attributes)
--------------------------------        ----        ----        ------- ----- ------------
_HEADER0                            00000000    00000006 =           6. bytes (ABS,CON)

      Value  Global                              Global Defined In Module
      -----  --------------------------------   ------------------------
ASxxxx Linker V03.00 + NoICE + sdld,  page 11.
Hexadecimal  [32-Bits]

Area                                    Addr        Size        Decimal Bytes (Attributes)
--------------------------------        ----        ----        ------- ----- ------------
_HEADER1                            00000000    00000003 =           3. bytes (ABS,CON)

      Value  Global                              Global Defined In Module
      -----  --------------------------------   ------------------------
ASxxxx Linker V03.00 + NoICE + sdld,  page 12.
Hexadecimal  [32-Bits]

Area                                    Addr        Size        Decimal Bytes (Attributes)
--------------------------------        ----        ----        ------- ----- ------------
_HEADER2                            00000000    00000003 =           3. bytes (ABS,CON)

      Value  Global                              Global Defined In Module
      -----  --------------------------------   ------------------------
ASxxxx Linker V03.00 + NoICE + sdld,  page 13.
Hexadecimal  [32-Bits]

Area                                    Addr        Size        Decimal Bytes (Attributes)
--------------------------------        ----        ----        ------- ----- ------------
_HEADER3                            00000000    0000011E =         286. bytes (ABS,CON)

      Value  Global                              Global Defined In Module
      -----  --------------------------------   ------------------------
     0000018D  _outi_block                        crt0

ASxxxx Linker V03.00 + NoICE + sdld,  page 14.
Hexadecimal  [32-Bits]

Area                                    Addr        Size        Decimal Bytes (Attributes)
--------------------------------        ----        ----        ------- ----- ------------
_INITIALIZER                        0000B9D5    00000006 =           6. bytes (REL,CON)

      Value  Global                              Global Defined In Module
      -----  --------------------------------   ------------------------
ASxxxx Linker V03.00 + NoICE + sdld,  page 15.
Hexadecimal  [32-Bits]

Area                                    Addr        Size        Decimal Bytes (Attributes)
--------------------------------        ----        ----        ------- ----- ------------
_GSINIT                             0000B9DB    0000000F =          15. bytes (REL,CON)

      Value  Global                              Global Defined In Module
      -----  --------------------------------   ------------------------
     0000B9DB  gsinit                             crt0

ASxxxx Linker V03.00 + NoICE + sdld,  page 16.
Hexadecimal  [32-Bits]

Area                                    Addr        Size        Decimal Bytes (Attributes)
--------------------------------        ----        ----        ------- ----- ------------
_GSFINAL                            0000B9EA    00000001 =           1. bytes (REL,CON)

      Value  Global                              Global Defined In Module
      -----  --------------------------------   ------------------------
ASxxxx Linker V03.00 + NoICE + sdld,  page 17.
Hexadecimal  [32-Bits]

Area                                    Addr        Size        Decimal Bytes (Attributes)
--------------------------------        ----        ----        ------- ----- ------------
_DATA                               0000C000    0000036D =         877. bytes (REL,CON)

      Value  Global                              Global Defined In Module
      -----  --------------------------------   ------------------------
     0000C000  __x                                game
     0000C001  __y                                game
     0000C002  __n                                game
     0000C003  __t                                game
     0000C004  _pad0                              game
     0000C005  _pad_this_frame                    game
     0000C006  _gpit                              game
     0000C007  _gpjt                              game
     0000C008  _rds16                             game
     0000C00A  _gp_gen                            game
     0000C00C  _gp_tmap                           game
     0000C00E  _gp_ram                            game
     0000C010  _gp_addr                           game
     0000C012  _rdx                               game
     0000C013  _rdy                               game
     0000C014  _rdt                               game
     0000C015  _rdit                              game
     0000C016  _rda                               game
     0000C017  _rdb                               game
     0000C018  _rdc                               game
     0000C019  _rdd                               game
     0000C01A  _rdm                               game
     0000C01B  _rds                               game
     0000C01C  _rdct                              game
     0000C01D  _ticker                            game
     0000C01E  _at1                               game
     0000C01F  _at2                               game
     0000C020  _cx1                               game
     0000C021  _cx2                               game
     0000C022  _cy1                               game
     0000C023  _cy2                               game
     0000C024  _caux                              game
     0000C025  _cur_stp                           game
     0000C027  _en_initial                        game
     0000C028  _en_offs                           game
     0000C029  _en_fr                             game
     0000C02A  _en_collx                          game
     0000C02B  _en_colly                          game
     0000C02C  _en_spr                            game
     0000C02D  _touched                           game
     0000C02E  _en_is_alive                       game
     0000C02F  _pregotten                         game
     0000C030  __en_t                             game
     0000C031  __en_s                             game
     0000C032  __en_x                             game
     0000C033  __en_y                             game
     0000C034  __en_x1                            game
     0000C035  __en_y1                            game
     0000C036  __en_x2                            game
     0000C037  __en_y2                            game
ASxxxx Linker V03.00 + NoICE + sdld,  page 18.
Hexadecimal  [32-Bits]

Area                                    Addr        Size        Decimal Bytes (Attributes)
--------------------------------        ----        ----        ------- ----- ------------
_DATA                               0000C000    0000036D =         877. bytes (REL,CON)

      Value  Global                              Global Defined In Module
      -----  --------------------------------   ------------------------
     0000C038  __en_mx                            game
     0000C039  __en_my                            game
     0000C03A  __en_ct                            game
     0000C03B  __en_facing                        game
     0000C03C  __en_state                         game
     0000C03D  __enf_x                            game
     0000C03F  __enf_y                            game
     0000C041  __enf_vx                           game
     0000C043  __enf_vy                           game
     0000C045  _en_sg_1                           game
     0000C046  _en_sg_2                           game
     0000C047  _vertical_engine_type              game
     0000C048  _px                                game
     0000C04A  _py                                game
     0000C04C  _pvx                               game
     0000C04E  _pvy                               game
     0000C050  _prx                               game
     0000C051  _pry                               game
     0000C052  _pcx                               game
     0000C053  _pcy                               game
     0000C054  _pfacing                           game
     0000C055  _pfr                               game
     0000C056  _psprid                            game
     0000C057  _a_button                          game
     0000C058  _b_button                          game
     0000C059  _pj                                game
     0000C05A  _pjb                               game
     0000C05B  _pctj                              game
     0000C05C  _pgotten                           game
     0000C05D  _ppossee                           game
     0000C05E  _oppossee                          game
     0000C05F  _pflickering                       game
     0000C060  _pbouncing                         game
     0000C061  _phit                              game
     0000C062  _pgtmx                             game
     0000C064  _pgtmy                             game
     0000C066  _hitv                              game
     0000C067  _hith                              game
     0000C068  _prx_old                           game
     0000C069  _pry_old                           game
     0000C06A  _pkill                             game
     0000C06B  _pice                              game
     0000C06C  _pnotsafe                          game
     0000C06D  _pcontinues                        game
     0000C06E  _plife                             game
     0000C06F  _pkeys                             game
     0000C070  _pobjs                             game
     0000C071  _pammo                             game
     0000C072  _pkilled                           game
     0000C073  _pfiring                           game
     0000C074  _n_pant_safe                       game
ASxxxx Linker V03.00 + NoICE + sdld,  page 19.
Hexadecimal  [32-Bits]

Area                                    Addr        Size        Decimal Bytes (Attributes)
--------------------------------        ----        ----        ------- ----- ------------
_DATA                               0000C000    0000036D =         877. bytes (REL,CON)

      Value  Global                              Global Defined In Module
      -----  --------------------------------   ------------------------
     0000C075  _px_safe                           game
     0000C077  _py_safe                           game
     0000C079  _hrx                               game
     0000C07A  _hry                               game
     0000C07B  _hrt                               game
     0000C07C  _do_process_breakable              game
     0000C07D  _ft                                game
     0000C07E  _c_map_w                           game
     0000C07F  _c_map_h                           game
     0000C080  _c_map_size                        game
     0000C081  _c_ts_tmaps                        game
     0000C083  _c_behs                            game
     0000C085  _spr_enems                         game
     0000C087  _c_map                             game
     0000C089  _c_decos                           game
     0000C08A  _c_locks                           game
     0000C08C  _c_enems                           game
     0000C08E  _c_hotspots                        game
     0000C090  _c_max_bolts                       game
     0000C091  _ntsc                              game
     0000C092  _ntsc_frame                        game
     0000C093  _update_index                      game
     0000C094  _update_list                       game
     0000C0F4  _fader                             game
     0000C0F5  _fade_delay                        game
     0000C0F6  _map_buff                          game
     0000C1B6  _first_game                        game
     0000C1B7  _level                             game
     0000C1B8  _c_max_enems                       game
     0000C1B9  _n_pant                            game
     0000C1BA  _on_pant                           game
     0000C1BB  _half_life                         game
     0000C1BC  _frame_counter                     game
     0000C1BD  _paused                            game
     0000C1BE  _win_level                         game
     0000C1BF  _game_over                         game
     0000C1C0  _warp_to_level                     game
     0000C1C1  _level_reset                       game
     0000C1C2  _flick_override                    game
     0000C1C3  _olife                             game
     0000C1C4  _okeys                             game
     0000C1C5  _oobjs                             game
     0000C1C6  _oammo                             game
     0000C1C7  _okilled                           game
     0000C1C8  _oam_index_player                  game
     0000C1C9  _no_ct                             game
     0000C1CA  _pctfr                             game
     0000C1CB  _hact                              game
     0000C1E3  _lkact                             game
     0000C1F3  _flags                             game
     0000C1F5  _en_t                              game
ASxxxx Linker V03.00 + NoICE + sdld,  page 20.
Hexadecimal  [32-Bits]

Area                                    Addr        Size        Decimal Bytes (Attributes)
--------------------------------        ----        ----        ------- ----- ------------
_DATA                               0000C000    0000036D =         877. bytes (REL,CON)

      Value  Global                              Global Defined In Module
      -----  --------------------------------   ------------------------
     0000C1F8  _en_x                              game
     0000C1FB  _en_y                              game
     0000C1FE  _en_x1                             game
     0000C201  _en_y1                             game
     0000C204  _en_x2                             game
     0000C207  _en_y2                             game
     0000C20A  _en_mx                             game
     0000C20D  _en_my                             game
     0000C210  _en_s                              game
     0000C213  _en_facing                         game
     0000C216  _en_state                          game
     0000C219  _en_flags                          game
     0000C21C  _en_cttouched                      game
     0000C21F  _en_life                           game
     0000C222  _en_status                         game
     0000C225  _en_ct                             game
     0000C228  _en_spr_x_mod                      game
     0000C229  _enf_x                             game
     0000C22F  _enf_vx                            game
     0000C235  _enf_y                             game
     0000C23B  _enf_vy                            game
     0000C241  _en_spr_id                         game
     0000C244  _ep_dead                           game
     0000C28C  _max_chac_chacs                    game
     0000C28D  _chac_chacs_yx                     game
     0000C291  _chac_chacs_state                  game
     0000C295  _chac_chacs_idlewait               game
     0000C299  _chac_chacs_ct                     game
     0000C29D  _chac_chacs_queue                  game
     0000C2AD  _chac_chacs_queue_read             game
     0000C2AE  _chac_chacs_queue_write            game
     0000C2AF  _res_disable                       game
     0000C2B0  _res_on                            game
     0000C2B1  _res_ct                            game
     0000C2B2  _res_subct                         game
     0000C2B3  _cfx                               game
     0000C2B4  _springs_on                        game
     0000C2B5  _shaker_ct                         game
     0000C2B6  _mode_no_resonators                game
     0000C2B7  _game_mode                         game
     0000C2B8  _seed1                             rand
     0000C2BA  _seed2                             rand
     0000C2BC  _randres                           rand
     0000C2BD  _PSGMusicStart                     PSGlib
     0000C2BF  _PSGMusicPointer                   PSGlib
     0000C2C1  _PSGMusicLoopPoint                 PSGlib
     0000C2C3  _PSGMusicSkipFrames                PSGlib
     0000C2C4  _PSGLoopFlag                       PSGlib
     0000C2C5  _PSGMusicLastLatch                 PSGlib
     0000C2C6  _PSGMusicSubstringLen              PSGlib
     0000C2C7  _PSGMusicSubstringRetAddr          PSGlib
ASxxxx Linker V03.00 + NoICE + sdld,  page 21.
Hexadecimal  [32-Bits]

Area                                    Addr        Size        Decimal Bytes (Attributes)
--------------------------------        ----        ----        ------- ----- ------------
_DATA                               0000C000    0000036D =         877. bytes (REL,CON)

      Value  Global                              Global Defined In Module
      -----  --------------------------------   ------------------------
     0000C2C9  _PSGChan2Volume                    PSGlib
     0000C2CA  _PSGChan3Volume                    PSGlib
     0000C2CB  _PSGChan2LowTone                   PSGlib
     0000C2CC  _PSGChan3LowTone                   PSGlib
     0000C2CD  _PSGChan2HighTone                  PSGlib
     0000C2CE  _PSGSFXStart                       PSGlib
     0000C2D0  _PSGSFXPointer                     PSGlib
     0000C2D2  _PSGSFXLoopPoint                   PSGlib
     0000C2D4  _PSGSFXSkipFrames                  PSGlib
     0000C2D5  _PSGSFXLoopFlag                    PSGlib
     0000C2D6  _PSGSFXSubstringLen                PSGlib
     0000C2D7  _PSGSFXSubstringRetAddr            PSGlib
     0000C2D9  _VDPBlank                          SGlib
     0000C2DA  _PauseRequested                    SGlib
     0000C2DB  _KeysStatus                        SGlib
     0000C2DC  _SpriteTable                       SGlib
     0000C35C  _stp                               SGlib
     0000C35E  _SpriteTableEnd                    SGlib
     0000C360  _first_sprite                      SGlib
     0000C361  _libgpit                           SGlib
     0000C362  _VDPType                           SGlib
     0000C363  _updateList                        SGlib
     0000C365  _ulp                               SGlib
     0000C367  _ulpMsb                            SGlib
     0000C368  _aPLib_bits                        aPLib
     0000C36A  _aPLib_LWM                         aPLib
     0000C36B  _aPLib_R0                          aPLib

ASxxxx Linker V03.00 + NoICE + sdld,  page 22.
Hexadecimal  [32-Bits]

Area                                    Addr        Size        Decimal Bytes (Attributes)
--------------------------------        ----        ----        ------- ----- ------------
_INITIALIZED                        0000C36D    00000006 =           6. bytes (REL,CON)

      Value  Global                              Global Defined In Module
      -----  --------------------------------   ------------------------
     0000C36D  _PSGMusicStatus                    PSGlib
     0000C36E  _PSGChannel2SFX                    PSGlib
     0000C36F  _PSGChannel3SFX                    PSGlib
     0000C370  _PSGSFXStatus                      PSGlib
     0000C371  _VDPReg                            SGlib

ASxxxx Linker V03.00 + NoICE + sdld,  page 23.

Files Linked                              [ module(s) ]

lib/crt0_sg.rel                           [ crt0 ]
rel/game.rel                              [ game ]
rel/rand.rel                              [ rand ]
rel/delay.rel                             [ delay ]
rel/memfill.rel                           [ memfill ]
rel/unpacker.rel                          [ unpacker ]
rel/unrle.rel                             [ unrle ]
rel/propellers.rel                        [ propellers ]
rel/tile_chac_chac.rel                    [ tile_chac_chac ]
rel/printer.rel                           [ printer ]
rel/general.rel                           [ general ]
rel/player.rel                            [ player ]
rel/enengine.rel                          [ enengine ]
rel/enems0.rel                            [ enems0 ]
rel/enems1.rel                            [ enems1 ]
rel/enems2.rel                            [ enems2 ]
rel/enems3.rel                            [ enems3 ]
rel/map0.rel                              [ map0 ]
rel/map1.rel                              [ map1 ]
rel/map2.rel                              [ map2 ]
rel/map3.rel                              [ map3 ]
rel/tileset.rel                           [ tileset ]
rel/spriteset.rel                         [ spriteset ]
rel/murcia.rel                            [ murcia ]
lib/PSGlib.rel                            [ PSGlib ]
lib/SGlib.rel                             [ SGlib ]
lib/aPLib.rel                             [ aPLib ]


Libraries Linked                          [ object file ]

D:\git\loves_the_sg1000\environment\sdcc-sg1000\bin\..\lib\z80/z80.lib
                                          [ modunsigned.rel ]
D:\git\loves_the_sg1000\environment\sdcc-sg1000\bin\..\lib\z80/z80.lib
                                          [ divunsigned.rel ]
D:\git\loves_the_sg1000\environment\sdcc-sg1000\bin\..\lib\z80/z80.lib
                                          [ __sdcc_call_hl.rel ]

ASxxxx Linker V03.00 + NoICE + sdld,  page 24.

User Base Address Definitions

_CODE = 0x0200
_DATA = 0xc000

