ASxxxx Linker V03.00 + NoICE + sdld,  page 1.
Hexadecimal  [32-Bits]

Area                                    Addr        Size        Decimal Bytes (Attributes)
--------------------------------        ----        ----        ------- ----- ------------
.  .ABS.                            00000000    00000000 =           0. bytes (ABS,CON)

      Value  Global                              Global Defined In Module
      -----  --------------------------------   ------------------------
     00000000  .__.ABS.                           
     00000000  l__BSEG                         
     00000000  l__BSS                          
     00000000  l__CABS                         
     00000000  l__DABS                         
     00000000  l__HEADER                       
     00000000  l__HEAP                         
     00000000  l__HOME                         
     00000000  s__CABS                         
     00000000  s__DABS                         
     00000000  s__HEADER                       
     00000000  s__HEADER0                      
     00000000  s__HEADER1                      
     00000000  s__HEADER2                      
     00000000  s__HEADER3                      
     00000001  l__GSFINAL                      
     00000003  l__HEADER1                      
     00000003  l__HEADER2                      
     00000006  l__HEADER0                      
     00000006  l__INITIALIZED                  
     00000006  l__INITIALIZER                  
     0000000F  l__GSINIT                       
     0000011E  l__HEADER3                      
     00000200  s__CODE                         
     00000371  l__DATA                         
     0000767E  l__CODE                         
     0000787E  s__HOME                         
     0000787E  s__INITIALIZER                  
     00007884  s__GSINIT                       
     00007893  s__GSFINAL                      
     0000C000  s__DATA                         
     0000C371  s__INITIALIZED                  
     0000C377  s__BSEG                         
     0000C377  s__BSS                          
     0000C377  s__HEAP                         

ASxxxx Linker V03.00 + NoICE + sdld,  page 2.
Hexadecimal  [32-Bits]

Area                                    Addr        Size        Decimal Bytes (Attributes)
--------------------------------        ----        ----        ------- ----- ------------
_CODE                               00000200    0000767E =       30334. bytes (REL,CON)

      Value  Global                              Global Defined In Module
      -----  --------------------------------   ------------------------
     00000200  __clock                            crt0
     00000204  _exit                              crt0
     0000020A  _hotspots_load                     game
     0000022C  _chac_chacs_times                  game
     00000232  _chac_chacs_t1                     game
     00000238  _chac_chacs_t2                     game
     0000023E  _chac_chacs_t3                     game
     00000244  _bits                              game
     0000024C  _jitter                            game
     0000025C  _behs0                             game
     0000027C  _behs1                             game
     0000029C  _behs2                             game
     000002C3  _spr_player                        game
     000002E3  _spr_enems0                        game
     00000335  _spr_enems1                        game
     00000387  _spr_enems2                        game
     000003D9  _spr_hs                            game
     000003E5  _l_scr_ini                         game
     000003E8  _l_ini_x                           game
     000003EB  _l_ini_y                           game
     000003EE  _l_map_w                           game
     000003F1  _l_map_h                           game
     000003F4  _l_player_max_objects              game
     000003F7  _l_player_max_enems                game
     000003FA  _l_ts_patterns                     game
     00000400  _l_ts_colours                      game
     00000406  _l_ts_tmaps                        game
     0000040C  _l_behs                            game
     00000412  _l_spr_patterns                    game
     00000418  _l_spr_enems                       game
     0000041E  _l_map                             game
     00000424  _l_decos                           game
     00000427  _l_locks                           game
     0000042D  _l_n_bolts                         game
     00000430  _l_enems                           game
     00000436  _l_hotspots                        game
     0000043C  _l_music                           game
     0000043F  _hotspots_paint                    game
     0000047C  _hotspots_create                   game
     000004DC  _draw_game_frame                   game
     000004E5  _hud_update                        game
     0000055E  _bat_in                            game
     0000056E  _bat_out                           game
     0000057F  _pres                              game
     00000599  _title                             game
     000006AB  _scr_game_over                     game
     000006C9  _scr_the_end                       game
     0000073F  _scr_level                         game
     0000077D  _level0name                        game
     00000788  _level1name                        game
ASxxxx Linker V03.00 + NoICE + sdld,  page 3.
Hexadecimal  [32-Bits]

Area                                    Addr        Size        Decimal Bytes (Attributes)
--------------------------------        ----        ----        ------- ----- ------------
_CODE                               00000200    0000767E =       30334. bytes (REL,CON)

      Value  Global                              Global Defined In Module
      -----  --------------------------------   ------------------------
     00000794  _level2name                        game
     000007A0  _levelnames                        game
     000007AE  _credits                           game
     00000886  _flickscreen_do_horizontal         game
     000008D1  _flickscreen_do_vertical           game
     00000974  _game_init                         game
     00000B6A  _prepare_scr                       game
     00000C66  _game_loop                         game
     00000F18  _main                              game
     00000FA6  _rand8                             rand
     00000FD0  _srand                             rand
     00000FDD  _set_rand                          rand
     00000FF4  _delay                             delay
     00001005  _memfill                           memfill
     00001019  _unpack_bg_patterns                unpacker
     000010C0  _unrle_adv                         unrle
     000010CF  _unrle                             unrle
     00001145  _chac_chacs_add                    tile_chac_chac
     000011A5  _chac_chacs_do                     tile_chac_chac
     00001315  _clear_update_list                 printer
     0000132C  _cls                               printer
     00001340  _ul_putc                           printer
     0000138A  _p_t                               printer
     000013DF  _p_tf                              printer
     00001417  _draw_tile                         printer
     000014D1  _update_list_tile                  printer
     0000155F  _map_set                           printer
     00001594  _get_byte                          printer
     000015A8  _add_tile                          printer
     000015BA  _draw_scr                          printer
     00001811  _pr_str                            printer
     00001853  _cm_two_points                     general
     000018DE  _collide_in                        general
     00001935  _collide                           general
     000019A9  _add_sign                          general
     000019D9  _pad_read                          general
     00001A12  _distance                          general
     00001A87  _jump_start                        general
     00001A98  _update_cycle                      general
     00001AB5  _do_update_list_and_wait           general
     00001AC6  _player_register_safe_spot         player
     00001AD9  _player_stop                       player
     00001AE5  _player_init                       player
     00001B33  _player_render                     player
     00001B63  _player_to_pixels                  player
     00001BA8  _player_kill                       player
     00001BF6  _player_process_tile               player
     00001CAF  _player_move                       player
     00002651  _enems_persistent_load             enengine
     00002743  _enems_persistent_update           enengine
     000027C7  _enems_persistent_deaths_load      enengine
ASxxxx Linker V03.00 + NoICE + sdld,  page 4.
Hexadecimal  [32-Bits]

Area                                    Addr        Size        Decimal Bytes (Attributes)
--------------------------------        ----        ----        ------- ----- ------------
_CODE                               00000200    0000767E =       30334. bytes (REL,CON)

      Value  Global                              Global Defined In Module
      -----  --------------------------------   ------------------------
     000027D9  _enems_update_unsigned_char_arra   enengine
     000028DF  _enems_facing                      enengine
     000028E8  _enems_init_fp                     enengine
     0000290D  _enems_boioiong_init               enengine
     00002954  _enems_load                        enengine
     00002B5D  _enems_kill                        enengine
     00002B84  _enems_hit                         enengine
     00002BA4  _enems_move                        enengine
     0000385C  _enems_0                           enems0
     0000397C  _hotspots_0                        enems0
     000039AC  _enems_1                           enems1
     00003ACC  _hotspots_1                        enems1
     00003AFC  _enems_2                           enems2
     00003C1C  _hotspots_2                        enems2
     00003C4C  _scr_0_00                          map0
     00003C93  _scr_0_01                          map0
     00003CD4  _scr_0_02                          map0
     00003CF1  _scr_0_03                          map0
     00003D3C  _scr_0_04                          map0
     00003D86  _scr_0_05                          map0
     00003DC3  _scr_0_06                          map0
     00003DFA  _scr_0_07                          map0
     00003E3C  _scr_0_08                          map0
     00003E84  _scr_0_09                          map0
     00003ECE  _scr_0_0a                          map0
     00003F13  _scr_0_0b                          map0
     00003F58  _scr_0_0c                          map0
     00003FA5  _scr_0_0d                          map0
     00003FE7  _scr_0_0e                          map0
     00004020  _scr_0_0f                          map0
     00004053  _scr_0_10                          map0
     0000409F  _scr_0_11                          map0
     000040D9  _scr_0_12                          map0
     0000411D  _scr_0_13                          map0
     00004159  _scr_0_14                          map0
     0000419A  _scr_0_15                          map0
     000041D1  _scr_0_16                          map0
     00004216  _scr_0_17                          map0
     0000425A  _map_0                             map0
     0000428A  _map_0_locks                       map0
     0000428E  _scr_1_00                          map1
     000042D8  _scr_1_01                          map1
     00004338  _scr_1_02                          map1
     00004398  _scr_1_03                          map1
     000043ED  _scr_1_04                          map1
     00004445  _scr_1_05                          map1
     00004492  _scr_1_06                          map1
     000044B8  _scr_1_07                          map1
     000044F2  _scr_1_08                          map1
     00004560  _scr_1_09                          map1
     000045C4  _scr_1_0a                          map1
ASxxxx Linker V03.00 + NoICE + sdld,  page 5.
Hexadecimal  [32-Bits]

Area                                    Addr        Size        Decimal Bytes (Attributes)
--------------------------------        ----        ----        ------- ----- ------------
_CODE                               00000200    0000767E =       30334. bytes (REL,CON)

      Value  Global                              Global Defined In Module
      -----  --------------------------------   ------------------------
     00004616  _scr_1_0b                          map1
     00004673  _scr_1_0c                          map1
     000046CE  _scr_1_0d                          map1
     00004731  _scr_1_0e                          map1
     00004781  _scr_1_0f                          map1
     000047D9  _scr_1_10                          map1
     00004840  _scr_1_11                          map1
     0000487F  _scr_1_12                          map1
     000048BC  _scr_1_13                          map1
     0000490E  _scr_1_14                          map1
     00004952  _scr_1_15                          map1
     00004999  _scr_1_16                          map1
     000049E4  _scr_1_17                          map1
     00004A3A  _map_1                             map1
     00004A6A  _map_1_locks                       map1
     00004A6C  _scr_2_00                          map2
     00004AA1  _scr_2_01                          map2
     00004AD1  _scr_2_02                          map2
     00004B06  _scr_2_03                          map2
     00004B3E  _scr_2_04                          map2
     00004B6A  _scr_2_05                          map2
     00004BA4  _scr_2_06                          map2
     00004BC6  _scr_2_07                          map2
     00004C0F  _scr_2_08                          map2
     00004C67  _scr_2_09                          map2
     00004CA2  _scr_2_0a                          map2
     00004CDD  _scr_2_0b                          map2
     00004D0C  _scr_2_0c                          map2
     00004D38  _scr_2_0d                          map2
     00004D63  _scr_2_0e                          map2
     00004DB3  _scr_2_0f                          map2
     00004DFB  _scr_2_10                          map2
     00004E39  _scr_2_11                          map2
     00004E6A  _scr_2_12                          map2
     00004EAC  _scr_2_13                          map2
     00004EDA  _scr_2_14                          map2
     00004F1F  _scr_2_15                          map2
     00004F5E  _scr_2_16                          map2
     00004F84  _scr_2_17                          map2
     00004FC5  _map_2                             map2
     00004FF5  _map_2_locks                       map2
     00004FF9  _tsfont_patterns_c                 tileset
     00005136  _tsfont_colours_c                  tileset
     0000518C  _hud_rle                           tileset
     000051B3  _title_rle                         tileset
     000053AD  _tstitle_patterns_c                tileset
     00005509  _tstitle_colours_c                 tileset
     000055BF  _ts0_tmaps                         tileset
     0000563F  _ts0_patterns_c                    tileset
     00005846  _ts0_colours_c                     tileset
     0000594F  _ts1_tmaps                         tileset
ASxxxx Linker V03.00 + NoICE + sdld,  page 6.
Hexadecimal  [32-Bits]

Area                                    Addr        Size        Decimal Bytes (Attributes)
--------------------------------        ----        ----        ------- ----- ------------
_CODE                               00000200    0000767E =       30334. bytes (REL,CON)

      Value  Global                              Global Defined In Module
      -----  --------------------------------   ------------------------
     000059CF  _ts1_patterns_c                    tileset
     00005B67  _ts1_colours_c                     tileset
     00005C72  _ts2_tmaps                         tileset
     00005D0E  _ts2_patterns_c                    tileset
     00005F27  _ts2_colours_c                     tileset
     00006045  _ss_pl_00                          spriteset
     0000604E  _ss_pl_01                          spriteset
     00006057  _ss_pl_02                          spriteset
     00006060  _ss_pl_03                          spriteset
     00006069  _ss_pl_04                          spriteset
     00006072  _ss_pl_05                          spriteset
     0000607B  _ss_pl_06                          spriteset
     00006084  _ss_pl_07                          spriteset
     0000608D  _ss_fanty_00                       spriteset
     00006096  _ss_fanty_01                       spriteset
     0000609F  _ss_fanty_02                       spriteset
     000060A8  _ss_fanty_03                       spriteset
     000060B1  _ss_plat_00                        spriteset
     000060BA  _ss_plat_01                        spriteset
     000060C3  _ss_it_00                          spriteset
     000060CC  _ss_it_01                          spriteset
     000060D5  _ss_it_02                          spriteset
     000060DE  _ss_it_03                          spriteset
     000060E7  _ss_it_04                          spriteset
     000060F0  _ss_it_05                          spriteset
     000060F5  _ss_it_06                          spriteset
     000060FA  _ss_fixed_patterns_c               spriteset
     0000643E  _ss_en_0_00                        spriteset
     00006447  _ss_en_0_01                        spriteset
     00006450  _ss_en_0_02                        spriteset
     00006459  _ss_en_0_03                        spriteset
     00006462  _ss_en_0_04                        spriteset
     0000646B  _ss_en_0_05                        spriteset
     00006474  _ss_en_0_06                        spriteset
     0000647D  _ss_en_0_07                        spriteset
     00006486  _ss_en_0_08                        spriteset
     0000648F  _ss_en_0_09                        spriteset
     00006498  _ss_en_0_0a                        spriteset
     000064A1  _ss_en_0_0b                        spriteset
     000064AA  _ss_en_0_patterns_c                spriteset
     000066A5  _ss_en_1_00                        spriteset
     000066AE  _ss_en_1_01                        spriteset
     000066B7  _ss_en_1_02                        spriteset
     000066C0  _ss_en_1_03                        spriteset
     000066C9  _ss_en_1_04                        spriteset
     000066D2  _ss_en_1_05                        spriteset
     000066DB  _ss_en_1_06                        spriteset
     000066E4  _ss_en_1_07                        spriteset
     000066ED  _ss_en_1_08                        spriteset
     000066F6  _ss_en_1_09                        spriteset
     000066FF  _ss_en_1_0a                        spriteset
ASxxxx Linker V03.00 + NoICE + sdld,  page 7.
Hexadecimal  [32-Bits]

Area                                    Addr        Size        Decimal Bytes (Attributes)
--------------------------------        ----        ----        ------- ----- ------------
_CODE                               00000200    0000767E =       30334. bytes (REL,CON)

      Value  Global                              Global Defined In Module
      -----  --------------------------------   ------------------------
     00006708  _ss_en_1_0b                        spriteset
     00006711  _ss_en_1_patterns_c                spriteset
     00006917  _ss_en_2_00                        spriteset
     00006920  _ss_en_2_01                        spriteset
     00006929  _ss_en_2_02                        spriteset
     00006932  _ss_en_2_03                        spriteset
     0000693B  _ss_en_2_04                        spriteset
     00006944  _ss_en_2_05                        spriteset
     0000694D  _ss_en_2_06                        spriteset
     00006956  _ss_en_2_07                        spriteset
     0000695F  _ss_en_2_08                        spriteset
     00006968  _ss_en_2_09                        spriteset
     00006971  _ss_en_2_patterns_c                spriteset
     00006B69  _sfx_coins_psg                     murcia
     00006B7E  _sfx_fanty_psg                     murcia
     00006C11  _sfx_jump_psg                      murcia
     00006C45  _sfx_kill_psg                      murcia
     00006C70  _sfx_select_psg                    murcia
     00006C90  _sfx_shirt_psg                     murcia
     00006CB3  _sfx_start_psg                     murcia
     00006CD7  _PSGStop                           PSGlib
     00006CFE  _PSGPlay                           PSGlib
     00006D2B  _PSGCancelLoop                     PSGlib
     00006D31  _PSGPlayNoRepeat                   PSGlib
     00006D40  _PSGGetStatus                      PSGlib
     00006D48  _PSGSFXStop                        PSGlib
     00006DAC  _PSGSFXPlay                        PSGlib
     00006DF7  _PSGSFXCancelLoop                  PSGlib
     00006DFD  _PSGSFXGetStatus                   PSGlib
     00006E05  _PSGSFXPlayLoop                    PSGlib
     00006E1F  _PSGFrame                          PSGlib
     00006F26  _PSGSFXFrame                       PSGlib
     00006F9C  _SG_setReg                         SGlib
     00006FC8  _VDPReg_init                       SGlib
     00006FD0  _SG_VDPturnOnFeature               SGlib
     0000700A  _SG_VDPturnOffFeature              SGlib
     0000703B  _SG_init                           SGlib
     00007082  _SG_setBackdropColor               SGlib
     00007096  _SG_setSpriteMode                  SGlib
     000070CB  _SG_loadTilePatterns               SGlib
     0000710C  _SG_loadTileColours                SGlib
     00007151  _SG_loadSpritePatterns             SGlib
     00007196  _SG_setTileatXY                    SGlib
     000071D5  _SG_setNextTileatXY                SGlib
     0000720F  _SG_setTile                        SGlib
     00007217  _SG_fillTile                       SGlib
     0000723F  _SG_loadTileMapArea                SGlib
     000072DB  _SG_initSprites                    SGlib
     00007306  _SG_addSprite                      SGlib
     00007388  _SG_addMetaSprite1x1               SGlib
     000074BC  _SG_addMetaSprite                  SGlib
ASxxxx Linker V03.00 + NoICE + sdld,  page 8.
Hexadecimal  [32-Bits]

Area                                    Addr        Size        Decimal Bytes (Attributes)
--------------------------------        ----        ----        ------- ----- ------------
_CODE                               00000200    0000767E =       30334. bytes (REL,CON)

      Value  Global                              Global Defined In Module
      -----  --------------------------------   ------------------------
     00007582  _SG_finalizeSprites                SGlib
     00007583  _SG_getStp                         SGlib
     00007587  _SG_setStp                         SGlib
     00007598  _SG_copySpritestoSAT               SGlib
     000075AE  _SG_waitForVBlank                  SGlib
     000075BB  _SG_getKeysStatus                  SGlib
     000075BF  _SG_queryPauseRequested            SGlib
     000075C7  _SG_resetPauseRequest              SGlib
     000075CD  _SG_VRAMmemset                     SGlib
     000075F9  _UNSAFE_SG_copySpritestoSAT        SGlib
     0000760C  _UNSAFE_SG_VRAMmemcpy128           SGlib
     0000762F  _SG_isr                            SGlib
     00007680  _SG_nmi_isr                        SGlib
     00007693  _SMS_VDPType                       SGlib
     0000769B  _SG_setUpdateList                  SGlib
     000076AC  _SG_doUpdateList                   SGlib
     000076F2  _aPLib_depack_VRAM                 aPLib
     00007825  __moduchar                         
     00007831  __moduint                          
     0000783C  __divuint                          
     00007844  __divuchar                         
     0000784B  __divu8                            
     0000784E  __divu16                           
     0000787D  ___sdcc_call_hl                    

ASxxxx Linker V03.00 + NoICE + sdld,  page 9.
Hexadecimal  [32-Bits]

Area                                    Addr        Size        Decimal Bytes (Attributes)
--------------------------------        ----        ----        ------- ----- ------------
_HEADER0                            00000000    00000006 =           6. bytes (ABS,CON)

      Value  Global                              Global Defined In Module
      -----  --------------------------------   ------------------------
ASxxxx Linker V03.00 + NoICE + sdld,  page 10.
Hexadecimal  [32-Bits]

Area                                    Addr        Size        Decimal Bytes (Attributes)
--------------------------------        ----        ----        ------- ----- ------------
_HEADER1                            00000000    00000003 =           3. bytes (ABS,CON)

      Value  Global                              Global Defined In Module
      -----  --------------------------------   ------------------------
ASxxxx Linker V03.00 + NoICE + sdld,  page 11.
Hexadecimal  [32-Bits]

Area                                    Addr        Size        Decimal Bytes (Attributes)
--------------------------------        ----        ----        ------- ----- ------------
_HEADER2                            00000000    00000003 =           3. bytes (ABS,CON)

      Value  Global                              Global Defined In Module
      -----  --------------------------------   ------------------------
ASxxxx Linker V03.00 + NoICE + sdld,  page 12.
Hexadecimal  [32-Bits]

Area                                    Addr        Size        Decimal Bytes (Attributes)
--------------------------------        ----        ----        ------- ----- ------------
_HEADER3                            00000000    0000011E =         286. bytes (ABS,CON)

      Value  Global                              Global Defined In Module
      -----  --------------------------------   ------------------------
     0000018D  _outi_block                        crt0

ASxxxx Linker V03.00 + NoICE + sdld,  page 13.
Hexadecimal  [32-Bits]

Area                                    Addr        Size        Decimal Bytes (Attributes)
--------------------------------        ----        ----        ------- ----- ------------
_INITIALIZER                        0000787E    00000006 =           6. bytes (REL,CON)

      Value  Global                              Global Defined In Module
      -----  --------------------------------   ------------------------
ASxxxx Linker V03.00 + NoICE + sdld,  page 14.
Hexadecimal  [32-Bits]

Area                                    Addr        Size        Decimal Bytes (Attributes)
--------------------------------        ----        ----        ------- ----- ------------
_GSINIT                             00007884    0000000F =          15. bytes (REL,CON)

      Value  Global                              Global Defined In Module
      -----  --------------------------------   ------------------------
     00007884  gsinit                             crt0

ASxxxx Linker V03.00 + NoICE + sdld,  page 15.
Hexadecimal  [32-Bits]

Area                                    Addr        Size        Decimal Bytes (Attributes)
--------------------------------        ----        ----        ------- ----- ------------
_GSFINAL                            00007893    00000001 =           1. bytes (REL,CON)

      Value  Global                              Global Defined In Module
      -----  --------------------------------   ------------------------
ASxxxx Linker V03.00 + NoICE + sdld,  page 16.
Hexadecimal  [32-Bits]

Area                                    Addr        Size        Decimal Bytes (Attributes)
--------------------------------        ----        ----        ------- ----- ------------
_DATA                               0000C000    00000371 =         881. bytes (REL,CON)

      Value  Global                              Global Defined In Module
      -----  --------------------------------   ------------------------
     0000C000  __x                                game
     0000C001  __y                                game
     0000C002  __n                                game
     0000C003  __t                                game
     0000C004  _pad0                              game
     0000C006  _pad_this_frame                    game
     0000C008  _gpit                              game
     0000C009  _gpjt                              game
     0000C00A  _rds16                             game
     0000C00C  _gp_gen                            game
     0000C00E  _gp_tmap                           game
     0000C010  _gp_ram                            game
     0000C012  _gp_addr                           game
     0000C014  _rdx                               game
     0000C015  _rdy                               game
     0000C016  _rdt                               game
     0000C017  _rdit                              game
     0000C018  _rda                               game
     0000C019  _rdb                               game
     0000C01A  _rdc                               game
     0000C01B  _rdd                               game
     0000C01C  _rdm                               game
     0000C01D  _rds                               game
     0000C01E  _rdct                              game
     0000C01F  _ticker                            game
     0000C020  _at1                               game
     0000C021  _at2                               game
     0000C022  _cx1                               game
     0000C023  _cx2                               game
     0000C024  _cy1                               game
     0000C025  _cy2                               game
     0000C026  _caux                              game
     0000C027  _cur_stp                           game
     0000C029  _en_initial                        game
     0000C02A  _en_offs                           game
     0000C02B  _en_fr                             game
     0000C02C  _en_collx                          game
     0000C02D  _en_colly                          game
     0000C02E  _en_spr                            game
     0000C02F  _touched                           game
     0000C030  _en_is_alive                       game
     0000C031  _pregotten                         game
     0000C032  __en_t                             game
     0000C033  __en_s                             game
     0000C034  __en_x                             game
     0000C035  __en_y                             game
     0000C036  __en_x1                            game
     0000C037  __en_y1                            game
     0000C038  __en_x2                            game
     0000C039  __en_y2                            game
ASxxxx Linker V03.00 + NoICE + sdld,  page 17.
Hexadecimal  [32-Bits]

Area                                    Addr        Size        Decimal Bytes (Attributes)
--------------------------------        ----        ----        ------- ----- ------------
_DATA                               0000C000    00000371 =         881. bytes (REL,CON)

      Value  Global                              Global Defined In Module
      -----  --------------------------------   ------------------------
     0000C03A  __en_mx                            game
     0000C03B  __en_my                            game
     0000C03C  __en_ct                            game
     0000C03D  __en_facing                        game
     0000C03E  __en_state                         game
     0000C03F  __enf_x                            game
     0000C041  __enf_y                            game
     0000C043  __enf_vx                           game
     0000C045  __enf_vy                           game
     0000C047  _en_sg_1                           game
     0000C048  _en_sg_2                           game
     0000C049  _vertical_engine_type              game
     0000C04A  _px                                game
     0000C04C  _py                                game
     0000C04E  _pvx                               game
     0000C050  _pvy                               game
     0000C052  _prx                               game
     0000C053  _pry                               game
     0000C054  _pcx                               game
     0000C055  _pcy                               game
     0000C056  _pfacing                           game
     0000C057  _pfr                               game
     0000C058  _psprid                            game
     0000C059  _a_button                          game
     0000C05A  _b_button                          game
     0000C05B  _pj                                game
     0000C05C  _pctj                              game
     0000C05D  _pgotten                           game
     0000C05E  _ppossee                           game
     0000C05F  _oppossee                          game
     0000C060  _pflickering                       game
     0000C061  _pbouncing                         game
     0000C062  _phit                              game
     0000C063  _pgtmx                             game
     0000C065  _pgtmy                             game
     0000C067  _hitv                              game
     0000C068  _hith                              game
     0000C069  _prx_old                           game
     0000C06A  _pry_old                           game
     0000C06B  _pkill                             game
     0000C06C  _pice                              game
     0000C06D  _pnotsafe                          game
     0000C06E  _pcontinues                        game
     0000C06F  _plife                             game
     0000C070  _pkeys                             game
     0000C071  _pobjs                             game
     0000C072  _pammo                             game
     0000C073  _pkilled                           game
     0000C074  _pfiring                           game
     0000C075  _n_pant_safe                       game
     0000C076  _px_safe                           game
ASxxxx Linker V03.00 + NoICE + sdld,  page 18.
Hexadecimal  [32-Bits]

Area                                    Addr        Size        Decimal Bytes (Attributes)
--------------------------------        ----        ----        ------- ----- ------------
_DATA                               0000C000    00000371 =         881. bytes (REL,CON)

      Value  Global                              Global Defined In Module
      -----  --------------------------------   ------------------------
     0000C078  _py_safe                           game
     0000C07A  _hrx                               game
     0000C07B  _hry                               game
     0000C07C  _hrt                               game
     0000C07D  _do_process_breakable              game
     0000C07E  _ft                                game
     0000C07F  _c_map_w                           game
     0000C080  _c_map_h                           game
     0000C081  _c_map_size                        game
     0000C082  _c_ts_tmaps                        game
     0000C084  _c_behs                            game
     0000C086  _spr_enems                         game
     0000C088  _c_map                             game
     0000C08A  _c_decos                           game
     0000C08B  _c_locks                           game
     0000C08D  _c_enems                           game
     0000C08F  _c_hotspots                        game
     0000C091  _c_max_bolts                       game
     0000C092  _ntsc                              game
     0000C093  _ntsc_frame                        game
     0000C094  _update_index                      game
     0000C095  _update_list                       game
     0000C0F5  _fader                             game
     0000C0F6  _fade_delay                        game
     0000C0F7  _map_buff                          game
     0000C1B7  _first_game                        game
     0000C1B8  _level                             game
     0000C1B9  _c_max_enems                       game
     0000C1BA  _n_pant                            game
     0000C1BB  _on_pant                           game
     0000C1BC  _half_life                         game
     0000C1BD  _frame_counter                     game
     0000C1BE  _paused                            game
     0000C1BF  _win_level                         game
     0000C1C0  _game_over                         game
     0000C1C1  _warp_to_level                     game
     0000C1C2  _level_reset                       game
     0000C1C3  _flick_override                    game
     0000C1C4  _olife                             game
     0000C1C5  _okeys                             game
     0000C1C6  _oobjs                             game
     0000C1C7  _oammo                             game
     0000C1C8  _okilled                           game
     0000C1C9  _oam_index_player                  game
     0000C1CA  _no_ct                             game
     0000C1CB  _pctfr                             game
     0000C1CC  _hact                              game
     0000C1E4  _lkact                             game
     0000C1F4  _flags                             game
     0000C1F6  _en_t                              game
     0000C1F9  _en_x                              game
ASxxxx Linker V03.00 + NoICE + sdld,  page 19.
Hexadecimal  [32-Bits]

Area                                    Addr        Size        Decimal Bytes (Attributes)
--------------------------------        ----        ----        ------- ----- ------------
_DATA                               0000C000    00000371 =         881. bytes (REL,CON)

      Value  Global                              Global Defined In Module
      -----  --------------------------------   ------------------------
     0000C1FC  _en_y                              game
     0000C1FF  _en_x1                             game
     0000C202  _en_y1                             game
     0000C205  _en_x2                             game
     0000C208  _en_y2                             game
     0000C20B  _en_mx                             game
     0000C20E  _en_my                             game
     0000C211  _en_s                              game
     0000C214  _en_facing                         game
     0000C217  _en_state                          game
     0000C21A  _en_flags                          game
     0000C21D  _en_cttouched                      game
     0000C220  _en_life                           game
     0000C223  _en_status                         game
     0000C226  _en_ct                             game
     0000C229  _en_spr_x_mod                      game
     0000C22A  _enf_x                             game
     0000C230  _enf_vx                            game
     0000C236  _enf_y                             game
     0000C23C  _enf_vy                            game
     0000C242  _en_spr_id                         game
     0000C245  _ep_dead                           game
     0000C28D  _max_chac_chacs                    game
     0000C28E  _chac_chacs_yx                     game
     0000C292  _chac_chacs_state                  game
     0000C296  _chac_chacs_idlewait               game
     0000C29A  _chac_chacs_ct                     game
     0000C29E  _chac_chacs_queue                  game
     0000C2AE  _chac_chacs_queue_read             game
     0000C2AF  _chac_chacs_queue_write            game
     0000C2B0  _res_disable                       game
     0000C2B1  _res_on                            game
     0000C2B2  _res_ct                            game
     0000C2B3  _res_subct                         game
     0000C2B4  _cfx                               game
     0000C2B5  _springs_on                        game
     0000C2B6  _shaker_ct                         game
     0000C2B7  _mode_no_resonators                game
     0000C2B8  _game_mode                         game
     0000C2B9  _seed1                             rand
     0000C2BB  _seed2                             rand
     0000C2BD  _randres                           rand
     0000C2BE  _PSGMusicStart                     PSGlib
     0000C2C0  _PSGMusicPointer                   PSGlib
     0000C2C2  _PSGMusicLoopPoint                 PSGlib
     0000C2C4  _PSGMusicSkipFrames                PSGlib
     0000C2C5  _PSGLoopFlag                       PSGlib
     0000C2C6  _PSGMusicLastLatch                 PSGlib
     0000C2C7  _PSGMusicSubstringLen              PSGlib
     0000C2C8  _PSGMusicSubstringRetAddr          PSGlib
     0000C2CA  _PSGChan2Volume                    PSGlib
ASxxxx Linker V03.00 + NoICE + sdld,  page 20.
Hexadecimal  [32-Bits]

Area                                    Addr        Size        Decimal Bytes (Attributes)
--------------------------------        ----        ----        ------- ----- ------------
_DATA                               0000C000    00000371 =         881. bytes (REL,CON)

      Value  Global                              Global Defined In Module
      -----  --------------------------------   ------------------------
     0000C2CB  _PSGChan3Volume                    PSGlib
     0000C2CC  _PSGChan2LowTone                   PSGlib
     0000C2CD  _PSGChan3LowTone                   PSGlib
     0000C2CE  _PSGChan2HighTone                  PSGlib
     0000C2CF  _PSGSFXStart                       PSGlib
     0000C2D1  _PSGSFXPointer                     PSGlib
     0000C2D3  _PSGSFXLoopPoint                   PSGlib
     0000C2D5  _PSGSFXSkipFrames                  PSGlib
     0000C2D6  _PSGSFXLoopFlag                    PSGlib
     0000C2D7  _PSGSFXSubstringLen                PSGlib
     0000C2D8  _PSGSFXSubstringRetAddr            PSGlib
     0000C2DA  _VDPBlank                          SGlib
     0000C2DB  _PauseRequested                    SGlib
     0000C2DC  _KeysStatus                        SGlib
     0000C2DE  _PreviousKeysStatus                SGlib
     0000C2E0  _SpriteTable                       SGlib
     0000C360  _stp                               SGlib
     0000C362  _SpriteTableEnd                    SGlib
     0000C364  _first_sprite                      SGlib
     0000C365  _libgpit                           SGlib
     0000C366  _VDPType                           SGlib
     0000C367  _updateList                        SGlib
     0000C369  _ulp                               SGlib
     0000C36B  _ulpMsb                            SGlib
     0000C36C  _aPLib_bits                        aPLib
     0000C36E  _aPLib_LWM                         aPLib
     0000C36F  _aPLib_R0                          aPLib

ASxxxx Linker V03.00 + NoICE + sdld,  page 21.
Hexadecimal  [32-Bits]

Area                                    Addr        Size        Decimal Bytes (Attributes)
--------------------------------        ----        ----        ------- ----- ------------
_INITIALIZED                        0000C371    00000006 =           6. bytes (REL,CON)

      Value  Global                              Global Defined In Module
      -----  --------------------------------   ------------------------
     0000C371  _PSGMusicStatus                    PSGlib
     0000C372  _PSGChannel2SFX                    PSGlib
     0000C373  _PSGChannel3SFX                    PSGlib
     0000C374  _PSGSFXStatus                      PSGlib
     0000C375  _VDPReg                            SGlib

ASxxxx Linker V03.00 + NoICE + sdld,  page 22.

Files Linked                              [ module(s) ]

lib/crt0_sg.rel                           [ crt0 ]
rel/game.rel                              [ game ]
rel/rand.rel                              [ rand ]
rel/delay.rel                             [ delay ]
rel/memfill.rel                           [ memfill ]
rel/unpacker.rel                          [ unpacker ]
rel/unrle.rel                             [ unrle ]
rel/propellers.rel                        [ propellers ]
rel/tile_chac_chac.rel                    [ tile_chac_chac ]
rel/printer.rel                           [ printer ]
rel/general.rel                           [ general ]
rel/player.rel                            [ player ]
rel/enengine.rel                          [ enengine ]
rel/enems0.rel                            [ enems0 ]
rel/enems1.rel                            [ enems1 ]
rel/enems2.rel                            [ enems2 ]
rel/map0.rel                              [ map0 ]
rel/map1.rel                              [ map1 ]
rel/map2.rel                              [ map2 ]
rel/tileset.rel                           [ tileset ]
rel/spriteset.rel                         [ spriteset ]
rel/murcia.rel                            [ murcia ]
lib/PSGlib.rel                            [ PSGlib ]
lib/SGlib.rel                             [ SGlib ]
lib/aPLib.rel                             [ aPLib ]


Libraries Linked                          [ object file ]

C:\git\loves_the_sg1000\environment\sdcc-sg1000\bin\..\lib\z80/z80.lib
                                          [ modunsigned.rel ]
C:\git\loves_the_sg1000\environment\sdcc-sg1000\bin\..\lib\z80/z80.lib
                                          [ divunsigned.rel ]
C:\git\loves_the_sg1000\environment\sdcc-sg1000\bin\..\lib\z80/z80.lib
                                          [ __sdcc_call_hl.rel ]

ASxxxx Linker V03.00 + NoICE + sdld,  page 23.

User Base Address Definitions

_CODE = 0x0200
_DATA = 0xc000

