ASxxxx Linker V03.00 + NoICE + sdld,  page 1.
Hexadecimal  [32-Bits]

Area                                    Addr        Size        Decimal Bytes (Attributes)
--------------------------------        ----        ----        ------- ----- ------------
.  .ABS.                            00000000    00000000 =           0. bytes (ABS,CON)

      Value  Global                              Global Defined In Module
      -----  --------------------------------   ------------------------
     00000000  .__.ABS.                           aPLib
     00000000  l__BSEG                         
     00000000  l__BSS                          
     00000000  l__CABS                         
     00000000  l__DABS                         
     00000000  l__HEADER                       
     00000000  l__HEAP                         
     00000000  l__HOME                         
     00000000  s__CABS                         
     00000000  s__DABS                         
     00000000  s__HEADER                       
     00000000  s__HEADER0                      
     00000000  s__HEADER1                      
     00000000  s__HEADER2                      
     00000000  s__HEADER3                      
     00000001  l__GSFINAL                      
     00000003  l__HEADER1                      
     00000003  l__HEADER2                      
     00000006  l__HEADER0                      
     00000006  l__INITIALIZED                  
     00000006  l__INITIALIZER                  
     0000000F  l__GSINIT                       
     000000B3  l__DATA                         
     0000011E  l__HEADER3                      
     00000200  s__CODE                         
     000048EB  l__CODE                         
     00004AEB  s__HOME                         
     00004AEB  s__INITIALIZER                  
     00004AF1  s__GSINIT                       
     00004B00  s__GSFINAL                      
     0000C000  s__DATA                         
     0000C0B3  s__INITIALIZED                  
     0000C0B9  s__BSEG                         
     0000C0B9  s__BSS                          
     0000C0B9  s__HEAP                         

ASxxxx Linker V03.00 + NoICE + sdld,  page 2.
Hexadecimal  [32-Bits]

Area                                    Addr        Size        Decimal Bytes (Attributes)
--------------------------------        ----        ----        ------- ----- ------------
_CODE                               00000200    000048EB =       18667. bytes (REL,CON)

      Value  Global                              Global Defined In Module
      -----  --------------------------------   ------------------------
     00000200  __clock                            crt0
     00000204  _exit                              crt0
     0000020A  _main                              void
     0000020B  _rand8                             rand
     00000234  _srand                             rand
     00000241  _enems_0                           enems0
     00000361  _hotspots_0                        enems0
     00000391  _enems_1                           enems1
     000004B1  _hotspots_1                        enems1
     000004E1  _enems_2                           enems2
     00000601  _hotspots_2                        enems2
     00000631  _scr_0_00                          map0
     00000678  _scr_0_01                          map0
     000006B9  _scr_0_02                          map0
     000006D6  _scr_0_03                          map0
     00000721  _scr_0_04                          map0
     0000076B  _scr_0_05                          map0
     000007A8  _scr_0_06                          map0
     000007DF  _scr_0_07                          map0
     00000821  _scr_0_08                          map0
     00000869  _scr_0_09                          map0
     000008B3  _scr_0_0a                          map0
     000008F8  _scr_0_0b                          map0
     0000093D  _scr_0_0c                          map0
     0000098A  _scr_0_0d                          map0
     000009CC  _scr_0_0e                          map0
     00000A05  _scr_0_0f                          map0
     00000A38  _scr_0_10                          map0
     00000A84  _scr_0_11                          map0
     00000ABE  _scr_0_12                          map0
     00000B02  _scr_0_13                          map0
     00000B3E  _scr_0_14                          map0
     00000B7F  _scr_0_15                          map0
     00000BB6  _scr_0_16                          map0
     00000BFB  _scr_0_17                          map0
     00000C3F  _map_0                             map0
     00000C6F  _map_0_locks                       map0
     00000C73  _scr_1_00                          map1
     00000CBD  _scr_1_01                          map1
     00000D1D  _scr_1_02                          map1
     00000D7D  _scr_1_03                          map1
     00000DD2  _scr_1_04                          map1
     00000E2A  _scr_1_05                          map1
     00000E77  _scr_1_06                          map1
     00000E9D  _scr_1_07                          map1
     00000ED7  _scr_1_08                          map1
     00000F45  _scr_1_09                          map1
     00000FA9  _scr_1_0a                          map1
     00000FFB  _scr_1_0b                          map1
     00001058  _scr_1_0c                          map1
ASxxxx Linker V03.00 + NoICE + sdld,  page 3.
Hexadecimal  [32-Bits]

Area                                    Addr        Size        Decimal Bytes (Attributes)
--------------------------------        ----        ----        ------- ----- ------------
_CODE                               00000200    000048EB =       18667. bytes (REL,CON)

      Value  Global                              Global Defined In Module
      -----  --------------------------------   ------------------------
     000010B3  _scr_1_0d                          map1
     00001116  _scr_1_0e                          map1
     00001166  _scr_1_0f                          map1
     000011BE  _scr_1_10                          map1
     00001225  _scr_1_11                          map1
     00001264  _scr_1_12                          map1
     000012A1  _scr_1_13                          map1
     000012F3  _scr_1_14                          map1
     00001337  _scr_1_15                          map1
     0000137E  _scr_1_16                          map1
     000013C9  _scr_1_17                          map1
     0000141F  _map_1                             map1
     0000144F  _map_1_locks                       map1
     00001451  _scr_2_00                          map2
     00001486  _scr_2_01                          map2
     000014B6  _scr_2_02                          map2
     000014EB  _scr_2_03                          map2
     00001523  _scr_2_04                          map2
     0000154F  _scr_2_05                          map2
     00001589  _scr_2_06                          map2
     000015AB  _scr_2_07                          map2
     000015F4  _scr_2_08                          map2
     0000164C  _scr_2_09                          map2
     00001687  _scr_2_0a                          map2
     000016C2  _scr_2_0b                          map2
     000016F1  _scr_2_0c                          map2
     0000171D  _scr_2_0d                          map2
     00001748  _scr_2_0e                          map2
     00001798  _scr_2_0f                          map2
     000017E0  _scr_2_10                          map2
     0000181E  _scr_2_11                          map2
     0000184F  _scr_2_12                          map2
     00001891  _scr_2_13                          map2
     000018BF  _scr_2_14                          map2
     00001904  _scr_2_15                          map2
     00001943  _scr_2_16                          map2
     00001969  _scr_2_17                          map2
     000019AA  _map_2                             map2
     000019DA  _map_2_locks                       map2
     000019DE  _tsfont_patterns_c                 tileset
     00001B13  _tsfont_colours_c                  tileset
     00001B63  _ts0_tmaps                         tileset
     00001BE3  _ts0_patterns_c                    tileset
     00001F12  _ts0_colours_c                     tileset
     00002065  _ts1_tmaps                         tileset
     000020E5  _ts1_patterns_c                    tileset
     0000256F  _ts1_colours_c                     tileset
     000027BB  _ts2_tmaps                         tileset
     00002853  _ts2_patterns_c                    tileset
     00002DA1  _ts2_colours_c                     tileset
     000030C3  _ss_pl_00                          spriteset
ASxxxx Linker V03.00 + NoICE + sdld,  page 4.
Hexadecimal  [32-Bits]

Area                                    Addr        Size        Decimal Bytes (Attributes)
--------------------------------        ----        ----        ------- ----- ------------
_CODE                               00000200    000048EB =       18667. bytes (REL,CON)

      Value  Global                              Global Defined In Module
      -----  --------------------------------   ------------------------
     000030CC  _ss_pl_01                          spriteset
     000030D5  _ss_pl_02                          spriteset
     000030DE  _ss_pl_03                          spriteset
     000030E7  _ss_pl_04                          spriteset
     000030F0  _ss_pl_05                          spriteset
     000030F9  _ss_pl_06                          spriteset
     00003102  _ss_pl_07                          spriteset
     0000310B  _ss_fanty_00                       spriteset
     00003114  _ss_fanty_01                       spriteset
     0000311D  _ss_fanty_02                       spriteset
     00003126  _ss_fanty_03                       spriteset
     0000312F  _ss_plat_00                        spriteset
     00003138  _ss_plat_01                        spriteset
     00003141  _ss_it_00                          spriteset
     0000314A  _ss_it_01                          spriteset
     00003153  _ss_it_02                          spriteset
     0000315C  _ss_it_03                          spriteset
     00003165  _ss_it_04                          spriteset
     0000316E  _ss_it_05                          spriteset
     00003173  _ss_it_06                          spriteset
     00003178  _ss_fixed_patterns_c               spriteset
     000034DF  _ss_en_0_00                        spriteset
     000034E8  _ss_en_0_01                        spriteset
     000034F1  _ss_en_0_02                        spriteset
     000034FA  _ss_en_0_03                        spriteset
     00003503  _ss_en_0_04                        spriteset
     0000350C  _ss_en_0_05                        spriteset
     00003511  _ss_en_0_06                        spriteset
     00003516  _ss_en_0_07                        spriteset
     0000351F  _ss_en_0_08                        spriteset
     00003528  _ss_en_0_09                        spriteset
     00003531  _ss_en_0_0a                        spriteset
     0000353A  _ss_en_0_0b                        spriteset
     00003543  _ss_en_0_0c                        spriteset
     0000354C  _ss_en_0_0d                        spriteset
     00003555  _ss_en_0_0e                        spriteset
     0000355E  _ss_en_0_0f                        spriteset
     00003567  _ss_en_0_10                        spriteset
     00003570  _ss_en_0_11                        spriteset
     00003579  _ss_en_0_12                        spriteset
     00003582  _ss_en_0_patterns_c                spriteset
     000037A0  _ss_en_1_00                        spriteset
     000037A9  _ss_en_1_01                        spriteset
     000037B2  _ss_en_1_02                        spriteset
     000037BB  _ss_en_1_03                        spriteset
     000037C4  _ss_en_1_04                        spriteset
     000037CD  _ss_en_1_05                        spriteset
     000037D2  _ss_en_1_06                        spriteset
     000037D7  _ss_en_1_07                        spriteset
     000037E0  _ss_en_1_08                        spriteset
     000037E9  _ss_en_1_09                        spriteset
ASxxxx Linker V03.00 + NoICE + sdld,  page 5.
Hexadecimal  [32-Bits]

Area                                    Addr        Size        Decimal Bytes (Attributes)
--------------------------------        ----        ----        ------- ----- ------------
_CODE                               00000200    000048EB =       18667. bytes (REL,CON)

      Value  Global                              Global Defined In Module
      -----  --------------------------------   ------------------------
     000037F2  _ss_en_1_0a                        spriteset
     000037FB  _ss_en_1_0b                        spriteset
     00003804  _ss_en_1_0c                        spriteset
     0000380D  _ss_en_1_0d                        spriteset
     00003816  _ss_en_1_0e                        spriteset
     0000381F  _ss_en_1_0f                        spriteset
     00003828  _ss_en_1_10                        spriteset
     00003831  _ss_en_1_11                        spriteset
     0000383A  _ss_en_1_12                        spriteset
     00003843  _ss_en_1_13                        spriteset
     0000384C  _ss_en_1_14                        spriteset
     00003855  _ss_en_1_15                        spriteset
     0000385E  _ss_en_1_16                        spriteset
     00003867  _ss_en_1_17                        spriteset
     00003870  _ss_en_1_18                        spriteset
     00003879  _ss_en_1_19                        spriteset
     00003882  _ss_en_1_1a                        spriteset
     0000388B  _ss_en_1_1b                        spriteset
     00003894  _ss_en_1_1c                        spriteset
     0000389D  _ss_en_1_1d                        spriteset
     000038A6  _ss_en_1_1e                        spriteset
     000038AF  _ss_en_1_patterns_c                spriteset
     00003AD5  _ss_en_2_00                        spriteset
     00003ADE  _ss_en_2_01                        spriteset
     00003AE7  _ss_en_2_02                        spriteset
     00003AF0  _ss_en_2_03                        spriteset
     00003AF9  _ss_en_2_04                        spriteset
     00003B02  _ss_en_2_05                        spriteset
     00003B07  _ss_en_2_06                        spriteset
     00003B0C  _ss_en_2_07                        spriteset
     00003B15  _ss_en_2_08                        spriteset
     00003B1E  _ss_en_2_09                        spriteset
     00003B27  _ss_en_2_0a                        spriteset
     00003B30  _ss_en_2_0b                        spriteset
     00003B39  _ss_en_2_0c                        spriteset
     00003B42  _ss_en_2_0d                        spriteset
     00003B4B  _ss_en_2_0e                        spriteset
     00003B54  _ss_en_2_0f                        spriteset
     00003B5D  _ss_en_2_10                        spriteset
     00003B66  _ss_en_2_11                        spriteset
     00003B6F  _ss_en_2_12                        spriteset
     00003B78  _ss_en_2_13                        spriteset
     00003B81  _ss_en_2_14                        spriteset
     00003B8A  _ss_en_2_15                        spriteset
     00003B93  _ss_en_2_16                        spriteset
     00003B9C  _ss_en_2_17                        spriteset
     00003BA5  _ss_en_2_18                        spriteset
     00003BAE  _ss_en_2_19                        spriteset
     00003BB7  _ss_en_2_1a                        spriteset
     00003BC0  _ss_en_2_1b                        spriteset
     00003BC9  _ss_en_2_1c                        spriteset
ASxxxx Linker V03.00 + NoICE + sdld,  page 6.
Hexadecimal  [32-Bits]

Area                                    Addr        Size        Decimal Bytes (Attributes)
--------------------------------        ----        ----        ------- ----- ------------
_CODE                               00000200    000048EB =       18667. bytes (REL,CON)

      Value  Global                              Global Defined In Module
      -----  --------------------------------   ------------------------
     00003BD2  _ss_en_2_1d                        spriteset
     00003BDB  _ss_en_2_1e                        spriteset
     00003BE4  _ss_en_2_1f                        spriteset
     00003BED  _ss_en_2_20                        spriteset
     00003BF6  _ss_en_2_21                        spriteset
     00003BFF  _ss_en_2_22                        spriteset
     00003C08  _ss_en_2_23                        spriteset
     00003C11  _ss_en_2_24                        spriteset
     00003C1A  _ss_en_2_25                        spriteset
     00003C23  _ss_en_2_26                        spriteset
     00003C2C  _ss_en_2_27                        spriteset
     00003C35  _ss_en_2_28                        spriteset
     00003C3E  _ss_en_2_patterns_c                spriteset
     00003E47  _sfx_coins_psg                     murcia
     00003E5C  _sfx_fanty_psg                     murcia
     00003EEF  _sfx_jump_psg                      murcia
     00003F23  _sfx_kill_psg                      murcia
     00003F4E  _sfx_select_psg                    murcia
     00003F6E  _sfx_shirt_psg                     murcia
     00003F91  _sfx_start_psg                     murcia
     00003FB5  _PSGStop                           PSGlib
     00003FDC  _PSGPlay                           PSGlib
     00004009  _PSGCancelLoop                     PSGlib
     0000400F  _PSGPlayNoRepeat                   PSGlib
     0000401E  _PSGGetStatus                      PSGlib
     00004026  _PSGSFXStop                        PSGlib
     0000408A  _PSGSFXPlay                        PSGlib
     000040D5  _PSGSFXCancelLoop                  PSGlib
     000040DB  _PSGSFXGetStatus                   PSGlib
     000040E3  _PSGSFXPlayLoop                    PSGlib
     000040FD  _PSGFrame                          PSGlib
     00004204  _PSGSFXFrame                       PSGlib
     0000427A  _SG_setReg                         SGlib
     000042A6  _VDPReg_init                       SGlib
     000042AE  _SG_VDPturnOnFeature               SGlib
     000042E8  _SG_VDPturnOffFeature              SGlib
     00004319  _SG_init                           SGlib
     00004381  _SG_setBackdropColor               SGlib
     00004395  _SG_setSpriteMode                  SGlib
     000043CA  _SG_loadTilePatterns               SGlib
     0000440B  _SG_loadTileColours                SGlib
     00004450  _SG_loadSpritePatterns             SGlib
     00004495  _SG_setTileatXY                    SGlib
     000044D4  _SG_setNextTileatXY                SGlib
     0000450E  _SG_setTile                        SGlib
     00004516  _SG_fillTile                       SGlib
     0000452A  _SG_loadTileMapArea                SGlib
     000045C6  _SG_initSprites                    SGlib
     00004609  _SG_addSprite                      SGlib
     00004693  _SG_addMetaSprite1x1               SGlib
     000047D7  _SG_addMetaSprite                  SGlib
ASxxxx Linker V03.00 + NoICE + sdld,  page 7.
Hexadecimal  [32-Bits]

Area                                    Addr        Size        Decimal Bytes (Attributes)
--------------------------------        ----        ----        ------- ----- ------------
_CODE                               00000200    000048EB =       18667. bytes (REL,CON)

      Value  Global                              Global Defined In Module
      -----  --------------------------------   ------------------------
     0000489D  _SG_finalizeSprites                SGlib
     0000489E  _SG_getStp                         SGlib
     000048A2  _SG_setStp                         SGlib
     000048B3  _SG_copySpritestoSAT               SGlib
     000048C9  _SG_waitForVBlank                  SGlib
     000048D6  _SG_getKeysStatus                  SGlib
     000048DA  _SG_queryPauseRequested            SGlib
     000048E2  _SG_resetPauseRequest              SGlib
     000048E8  _SG_VRAMmemset                     SGlib
     00004914  _UNSAFE_SG_copySpritestoSAT        SGlib
     00004927  _UNSAFE_SG_VRAMmemcpy128           SGlib
     0000494A  _SG_isr                            SGlib
     0000499D  _SG_nmi_isr                        SGlib
     000049B0  _SMS_VDPType                       SGlib
     000049B8  _aPLib_depack_VRAM                 aPLib

ASxxxx Linker V03.00 + NoICE + sdld,  page 8.
Hexadecimal  [32-Bits]

Area                                    Addr        Size        Decimal Bytes (Attributes)
--------------------------------        ----        ----        ------- ----- ------------
_HEADER0                            00000000    00000006 =           6. bytes (ABS,CON)

      Value  Global                              Global Defined In Module
      -----  --------------------------------   ------------------------
ASxxxx Linker V03.00 + NoICE + sdld,  page 9.
Hexadecimal  [32-Bits]

Area                                    Addr        Size        Decimal Bytes (Attributes)
--------------------------------        ----        ----        ------- ----- ------------
_HEADER1                            00000000    00000003 =           3. bytes (ABS,CON)

      Value  Global                              Global Defined In Module
      -----  --------------------------------   ------------------------
ASxxxx Linker V03.00 + NoICE + sdld,  page 10.
Hexadecimal  [32-Bits]

Area                                    Addr        Size        Decimal Bytes (Attributes)
--------------------------------        ----        ----        ------- ----- ------------
_HEADER2                            00000000    00000003 =           3. bytes (ABS,CON)

      Value  Global                              Global Defined In Module
      -----  --------------------------------   ------------------------
ASxxxx Linker V03.00 + NoICE + sdld,  page 11.
Hexadecimal  [32-Bits]

Area                                    Addr        Size        Decimal Bytes (Attributes)
--------------------------------        ----        ----        ------- ----- ------------
_HEADER3                            00000000    0000011E =         286. bytes (ABS,CON)

      Value  Global                              Global Defined In Module
      -----  --------------------------------   ------------------------
     0000018D  _outi_block                        crt0

ASxxxx Linker V03.00 + NoICE + sdld,  page 12.
Hexadecimal  [32-Bits]

Area                                    Addr        Size        Decimal Bytes (Attributes)
--------------------------------        ----        ----        ------- ----- ------------
_INITIALIZER                        00004AEB    00000006 =           6. bytes (REL,CON)

      Value  Global                              Global Defined In Module
      -----  --------------------------------   ------------------------
ASxxxx Linker V03.00 + NoICE + sdld,  page 13.
Hexadecimal  [32-Bits]

Area                                    Addr        Size        Decimal Bytes (Attributes)
--------------------------------        ----        ----        ------- ----- ------------
_GSINIT                             00004AF1    0000000F =          15. bytes (REL,CON)

      Value  Global                              Global Defined In Module
      -----  --------------------------------   ------------------------
     00004AF1  gsinit                             crt0

ASxxxx Linker V03.00 + NoICE + sdld,  page 14.
Hexadecimal  [32-Bits]

Area                                    Addr        Size        Decimal Bytes (Attributes)
--------------------------------        ----        ----        ------- ----- ------------
_GSFINAL                            00004B00    00000001 =           1. bytes (REL,CON)

      Value  Global                              Global Defined In Module
      -----  --------------------------------   ------------------------
ASxxxx Linker V03.00 + NoICE + sdld,  page 15.
Hexadecimal  [32-Bits]

Area                                    Addr        Size        Decimal Bytes (Attributes)
--------------------------------        ----        ----        ------- ----- ------------
_DATA                               0000C000    000000B3 =         179. bytes (REL,CON)

      Value  Global                              Global Defined In Module
      -----  --------------------------------   ------------------------
     0000C000  _seed1                             rand
     0000C002  _seed2                             rand
     0000C004  _randres                           rand
     0000C005  _PSGMusicStart                     PSGlib
     0000C007  _PSGMusicPointer                   PSGlib
     0000C009  _PSGMusicLoopPoint                 PSGlib
     0000C00B  _PSGMusicSkipFrames                PSGlib
     0000C00C  _PSGLoopFlag                       PSGlib
     0000C00D  _PSGMusicLastLatch                 PSGlib
     0000C00E  _PSGMusicSubstringLen              PSGlib
     0000C00F  _PSGMusicSubstringRetAddr          PSGlib
     0000C011  _PSGChan2Volume                    PSGlib
     0000C012  _PSGChan3Volume                    PSGlib
     0000C013  _PSGChan2LowTone                   PSGlib
     0000C014  _PSGChan3LowTone                   PSGlib
     0000C015  _PSGChan2HighTone                  PSGlib
     0000C016  _PSGSFXStart                       PSGlib
     0000C018  _PSGSFXPointer                     PSGlib
     0000C01A  _PSGSFXLoopPoint                   PSGlib
     0000C01C  _PSGSFXSkipFrames                  PSGlib
     0000C01D  _PSGSFXLoopFlag                    PSGlib
     0000C01E  _PSGSFXSubstringLen                PSGlib
     0000C01F  _PSGSFXSubstringRetAddr            PSGlib
     0000C021  _VDPBlank                          SGlib
     0000C022  _PauseRequested                    SGlib
     0000C023  _KeysStatus                        SGlib
     0000C025  _PreviousKeysStatus                SGlib
     0000C027  _SpriteTable                       SGlib
     0000C0A7  _stp                               SGlib
     0000C0A9  _SpriteTableEnd                    SGlib
     0000C0AB  _first_sprite                      SGlib
     0000C0AC  _gpit                              SGlib
     0000C0AD  _VDPType                           SGlib
     0000C0AE  _aPLib_bits                        aPLib
     0000C0B0  _aPLib_LWM                         aPLib
     0000C0B1  _aPLib_R0                          aPLib
ASxxxx Linker V03.00 + NoICE + sdld,  page 16.
Hexadecimal  [32-Bits]

Area                                    Addr        Size        Decimal Bytes (Attributes)
--------------------------------        ----        ----        ------- ----- ------------
_INITIALIZED                        0000C0B3    00000006 =           6. bytes (REL,CON)

      Value  Global                              Global Defined In Module
      -----  --------------------------------   ------------------------
     0000C0B3  _PSGMusicStatus                    PSGlib
     0000C0B4  _PSGChannel2SFX                    PSGlib
     0000C0B5  _PSGChannel3SFX                    PSGlib
     0000C0B6  _PSGSFXStatus                      PSGlib
     0000C0B7  _VDPReg                            SGlib

ASxxxx Linker V03.00 + NoICE + sdld,  page 17.

Files Linked                              [ module(s) ]

lib/crt0_sg.rel                           [ crt0 ]
rel/game.rel                              [ void ]
rel/rand.rel                              [ rand ]
rel/enems0.rel                            [ enems0 ]
rel/enems1.rel                            [ enems1 ]
rel/enems2.rel                            [ enems2 ]
rel/map0.rel                              [ map0 ]
rel/map1.rel                              [ map1 ]
rel/map2.rel                              [ map2 ]
rel/tileset.rel                           [ tileset ]
rel/spriteset.rel                         [ spriteset ]
rel/murcia.rel                            [ murcia ]
lib/PSGlib.rel                            [ PSGlib ]
lib/SGlib.rel                             [ SGlib ]
lib/aPLib.rel                             [ aPLib ]

ASxxxx Linker V03.00 + NoICE + sdld,  page 18.

User Base Address Definitions

_CODE = 0x0200
_DATA = 0xc000

