ASxxxx Linker V03.00 + NoICE + sdld,  page 1.
Hexadecimal  [32-Bits]

Area                                    Addr        Size        Decimal Bytes (Attributes)
--------------------------------        ----        ----        ------- ----- ------------
.  .ABS.                            00000000    00000000 =           0. bytes (ABS,CON)

      Value  Global                              Global Defined In Module
      -----  --------------------------------   ------------------------
     00000000  .__.ABS.                           
     00000000  l__BSEG                         
     00000000  l__BSS                          
     00000000  l__CABS                         
     00000000  l__DABS                         
     00000000  l__HEADER                       
     00000000  l__HEAP                         
     00000000  l__HOME                         
     00000000  s__CABS                         
     00000000  s__DABS                         
     00000000  s__HEADER                       
     00000000  s__HEADER0                      
     00000000  s__HEADER1                      
     00000000  s__HEADER2                      
     00000000  s__HEADER3                      
     00000001  l__GSFINAL                      
     00000003  l__HEADER1                      
     00000003  l__HEADER2                      
     00000006  l__HEADER0                      
     00000006  l__INITIALIZED                  
     00000006  l__INITIALIZER                  
     0000000F  l__GSINIT                       
     0000011E  l__HEADER3                      
     00000200  s__CODE                         
     00000371  l__DATA                         
     000074CD  l__CODE                         
     000076CD  s__HOME                         
     000076CD  s__INITIALIZER                  
     000076D3  s__GSINIT                       
     000076E2  s__GSFINAL                      
     0000C000  s__DATA                         
     0000C371  s__INITIALIZED                  
     0000C377  s__BSEG                         
     0000C377  s__BSS                          
     0000C377  s__HEAP                         

ASxxxx Linker V03.00 + NoICE + sdld,  page 2.
Hexadecimal  [32-Bits]

Area                                    Addr        Size        Decimal Bytes (Attributes)
--------------------------------        ----        ----        ------- ----- ------------
_CODE                               00000200    000074CD =       29901. bytes (REL,CON)

      Value  Global                              Global Defined In Module
      -----  --------------------------------   ------------------------
     00000200  __clock                            crt0
     00000204  _exit                              crt0
     0000020A  _hotspots_load                     game
     0000022C  _chac_chacs_times                  game
     00000232  _chac_chacs_t1                     game
     00000238  _chac_chacs_t2                     game
     0000023E  _chac_chacs_t3                     game
     00000244  _bits                              game
     0000024C  _jitter                            game
     0000025C  _behs0                             game
     0000027C  _behs1                             game
     0000029C  _behs2                             game
     000002C3  _spr_player                        game
     000002E3  _spr_enems0                        game
     00000335  _spr_enems1                        game
     00000387  _spr_enems2                        game
     000003D9  _spr_hs                            game
     000003E5  _l_scr_ini                         game
     000003E8  _l_ini_x                           game
     000003EB  _l_ini_y                           game
     000003EE  _l_map_w                           game
     000003F1  _l_map_h                           game
     000003F4  _l_player_max_objects              game
     000003F7  _l_player_max_enems                game
     000003FA  _l_ts_patterns                     game
     00000400  _l_ts_colours                      game
     00000406  _l_ts_tmaps                        game
     0000040C  _l_behs                            game
     00000412  _l_spr_patterns                    game
     00000418  _l_spr_enems                       game
     0000041E  _l_map                             game
     00000424  _l_decos                           game
     00000427  _l_locks                           game
     0000042D  _l_n_bolts                         game
     00000430  _l_enems                           game
     00000436  _l_hotspots                        game
     0000043C  _l_music                           game
     0000043F  _hotspots_paint                    game
     0000047C  _hotspots_create                   game
     000004DC  _enems_persistent_deaths_load      game
     000004EE  _enems_update_unsigned_char_arra   game
     000005F4  _enems_facing                      game
     000005FD  _enems_init_fp                     game
     00000622  _enems_boioiong_init               game
     00000669  _enems_load                        game
     0000088A  _enems_kill                        game
     000008AB  _enems_hit                         game
     000008CB  _enems_move                        game
     0000153D  _draw_game_frame                   game
     00001546  _hud_update                        game
ASxxxx Linker V03.00 + NoICE + sdld,  page 3.
Hexadecimal  [32-Bits]

Area                                    Addr        Size        Decimal Bytes (Attributes)
--------------------------------        ----        ----        ------- ----- ------------
_CODE                               00000200    000074CD =       29901. bytes (REL,CON)

      Value  Global                              Global Defined In Module
      -----  --------------------------------   ------------------------
     000015BF  _bat_in                            game
     000015CF  _bat_out                           game
     000015E0  _pres                              game
     000015FA  _title                             game
     0000170C  _scr_game_over                     game
     0000172A  _scr_the_end                       game
     000017A0  _scr_level                         game
     000017DE  _level0name                        game
     000017E9  _level1name                        game
     000017F5  _level2name                        game
     00001801  _levelnames                        game
     0000180F  _credits                           game
     000018EC  _flickscreen_do_horizontal         game
     00001937  _flickscreen_do_vertical           game
     000019DA  _game_init                         game
     00001BCD  _prepare_scr                       game
     00001CC6  _game_loop                         game
     00001F78  _main                              game
     00002006  _rand8                             rand
     00002030  _srand                             rand
     0000203D  _set_rand                          rand
     00002054  _delay                             delay
     00002065  _memfill                           memfill
     00002079  _unpack_bg_patterns                unpacker
     00002120  _unrle_adv                         unrle
     0000212F  _unrle                             unrle
     000021A5  _chac_chacs_add                    tile_chac_chac
     00002205  _chac_chacs_do                     tile_chac_chac
     00002375  _clear_update_list                 printer
     0000238C  _cls                               printer
     000023A0  _ul_putc                           printer
     000023EA  _p_t                               printer
     0000243F  _p_tf                              printer
     00002477  _draw_tile                         printer
     00002531  _update_list_tile                  printer
     000025BF  _map_set                           printer
     000025F4  _get_byte                          printer
     00002608  _add_tile                          printer
     0000261A  _draw_scr                          printer
     0000286D  _pr_str                            printer
     000028AF  _cm_two_points                     general
     0000293A  _collide_in                        general
     00002991  _collide                           general
     00002A05  _add_sign                          general
     00002A35  _pad_read                          general
     00002A6E  _distance                          general
     00002AE3  _jump_start                        general
     00002AF4  _update_cycle                      general
     00002B11  _do_update_list_and_wait           general
     00002B22  _player_register_safe_spot         player
     00002B35  _player_stop                       player
ASxxxx Linker V03.00 + NoICE + sdld,  page 4.
Hexadecimal  [32-Bits]

Area                                    Addr        Size        Decimal Bytes (Attributes)
--------------------------------        ----        ----        ------- ----- ------------
_CODE                               00000200    000074CD =       29901. bytes (REL,CON)

      Value  Global                              Global Defined In Module
      -----  --------------------------------   ------------------------
     00002B41  _player_init                       player
     00002B8F  _player_render                     player
     00002BBF  _player_to_pixels                  player
     00002C04  _player_kill                       player
     00002C52  _player_process_tile               player
     00002D0B  _player_move                       player
     000036A9  _enems_0                           enems0
     000037C9  _hotspots_0                        enems0
     000037F9  _enems_1                           enems1
     00003919  _hotspots_1                        enems1
     00003949  _enems_2                           enems2
     00003A69  _hotspots_2                        enems2
     00003A99  _scr_0_00                          map0
     00003AE0  _scr_0_01                          map0
     00003B21  _scr_0_02                          map0
     00003B3E  _scr_0_03                          map0
     00003B89  _scr_0_04                          map0
     00003BD3  _scr_0_05                          map0
     00003C10  _scr_0_06                          map0
     00003C47  _scr_0_07                          map0
     00003C89  _scr_0_08                          map0
     00003CD1  _scr_0_09                          map0
     00003D1B  _scr_0_0a                          map0
     00003D60  _scr_0_0b                          map0
     00003DA5  _scr_0_0c                          map0
     00003DF2  _scr_0_0d                          map0
     00003E34  _scr_0_0e                          map0
     00003E6D  _scr_0_0f                          map0
     00003EA0  _scr_0_10                          map0
     00003EEC  _scr_0_11                          map0
     00003F26  _scr_0_12                          map0
     00003F6A  _scr_0_13                          map0
     00003FA6  _scr_0_14                          map0
     00003FE7  _scr_0_15                          map0
     0000401E  _scr_0_16                          map0
     00004063  _scr_0_17                          map0
     000040A7  _map_0                             map0
     000040D7  _map_0_locks                       map0
     000040DB  _scr_1_00                          map1
     00004125  _scr_1_01                          map1
     00004185  _scr_1_02                          map1
     000041E5  _scr_1_03                          map1
     0000423A  _scr_1_04                          map1
     00004292  _scr_1_05                          map1
     000042DF  _scr_1_06                          map1
     00004305  _scr_1_07                          map1
     0000433F  _scr_1_08                          map1
     000043AD  _scr_1_09                          map1
     00004411  _scr_1_0a                          map1
     00004463  _scr_1_0b                          map1
     000044C0  _scr_1_0c                          map1
ASxxxx Linker V03.00 + NoICE + sdld,  page 5.
Hexadecimal  [32-Bits]

Area                                    Addr        Size        Decimal Bytes (Attributes)
--------------------------------        ----        ----        ------- ----- ------------
_CODE                               00000200    000074CD =       29901. bytes (REL,CON)

      Value  Global                              Global Defined In Module
      -----  --------------------------------   ------------------------
     0000451B  _scr_1_0d                          map1
     0000457E  _scr_1_0e                          map1
     000045CE  _scr_1_0f                          map1
     00004626  _scr_1_10                          map1
     0000468D  _scr_1_11                          map1
     000046CC  _scr_1_12                          map1
     00004709  _scr_1_13                          map1
     0000475B  _scr_1_14                          map1
     0000479F  _scr_1_15                          map1
     000047E6  _scr_1_16                          map1
     00004831  _scr_1_17                          map1
     00004887  _map_1                             map1
     000048B7  _map_1_locks                       map1
     000048B9  _scr_2_00                          map2
     000048EE  _scr_2_01                          map2
     0000491E  _scr_2_02                          map2
     00004953  _scr_2_03                          map2
     0000498B  _scr_2_04                          map2
     000049B7  _scr_2_05                          map2
     000049F1  _scr_2_06                          map2
     00004A13  _scr_2_07                          map2
     00004A5C  _scr_2_08                          map2
     00004AB4  _scr_2_09                          map2
     00004AEF  _scr_2_0a                          map2
     00004B2A  _scr_2_0b                          map2
     00004B59  _scr_2_0c                          map2
     00004B85  _scr_2_0d                          map2
     00004BB0  _scr_2_0e                          map2
     00004C00  _scr_2_0f                          map2
     00004C48  _scr_2_10                          map2
     00004C86  _scr_2_11                          map2
     00004CB7  _scr_2_12                          map2
     00004CF9  _scr_2_13                          map2
     00004D27  _scr_2_14                          map2
     00004D6C  _scr_2_15                          map2
     00004DAB  _scr_2_16                          map2
     00004DD1  _scr_2_17                          map2
     00004E12  _map_2                             map2
     00004E42  _map_2_locks                       map2
     00004E46  _tsfont_patterns_c                 tileset
     00004F83  _tsfont_colours_c                  tileset
     00004FD9  _hud_rle                           tileset
     00005000  _title_rle                         tileset
     000051FA  _tstitle_patterns_c                tileset
     00005356  _tstitle_colours_c                 tileset
     0000540C  _ts0_tmaps                         tileset
     0000548C  _ts0_patterns_c                    tileset
     00005693  _ts0_colours_c                     tileset
     0000579C  _ts1_tmaps                         tileset
     0000581C  _ts1_patterns_c                    tileset
     000059B4  _ts1_colours_c                     tileset
ASxxxx Linker V03.00 + NoICE + sdld,  page 6.
Hexadecimal  [32-Bits]

Area                                    Addr        Size        Decimal Bytes (Attributes)
--------------------------------        ----        ----        ------- ----- ------------
_CODE                               00000200    000074CD =       29901. bytes (REL,CON)

      Value  Global                              Global Defined In Module
      -----  --------------------------------   ------------------------
     00005ABF  _ts2_tmaps                         tileset
     00005B5B  _ts2_patterns_c                    tileset
     00005D74  _ts2_colours_c                     tileset
     00005E92  _ss_pl_00                          spriteset
     00005E9B  _ss_pl_01                          spriteset
     00005EA4  _ss_pl_02                          spriteset
     00005EAD  _ss_pl_03                          spriteset
     00005EB6  _ss_pl_04                          spriteset
     00005EBF  _ss_pl_05                          spriteset
     00005EC8  _ss_pl_06                          spriteset
     00005ED1  _ss_pl_07                          spriteset
     00005EDA  _ss_fanty_00                       spriteset
     00005EE3  _ss_fanty_01                       spriteset
     00005EEC  _ss_fanty_02                       spriteset
     00005EF5  _ss_fanty_03                       spriteset
     00005EFE  _ss_plat_00                        spriteset
     00005F07  _ss_plat_01                        spriteset
     00005F10  _ss_it_00                          spriteset
     00005F19  _ss_it_01                          spriteset
     00005F22  _ss_it_02                          spriteset
     00005F2B  _ss_it_03                          spriteset
     00005F34  _ss_it_04                          spriteset
     00005F3D  _ss_it_05                          spriteset
     00005F42  _ss_it_06                          spriteset
     00005F47  _ss_fixed_patterns_c               spriteset
     0000628B  _ss_en_0_00                        spriteset
     00006294  _ss_en_0_01                        spriteset
     0000629D  _ss_en_0_02                        spriteset
     000062A6  _ss_en_0_03                        spriteset
     000062AF  _ss_en_0_04                        spriteset
     000062B8  _ss_en_0_05                        spriteset
     000062C1  _ss_en_0_06                        spriteset
     000062CA  _ss_en_0_07                        spriteset
     000062D3  _ss_en_0_08                        spriteset
     000062DC  _ss_en_0_09                        spriteset
     000062E5  _ss_en_0_0a                        spriteset
     000062EE  _ss_en_0_0b                        spriteset
     000062F7  _ss_en_0_patterns_c                spriteset
     000064F2  _ss_en_1_00                        spriteset
     000064FB  _ss_en_1_01                        spriteset
     00006504  _ss_en_1_02                        spriteset
     0000650D  _ss_en_1_03                        spriteset
     00006516  _ss_en_1_04                        spriteset
     0000651F  _ss_en_1_05                        spriteset
     00006528  _ss_en_1_06                        spriteset
     00006531  _ss_en_1_07                        spriteset
     0000653A  _ss_en_1_08                        spriteset
     00006543  _ss_en_1_09                        spriteset
     0000654C  _ss_en_1_0a                        spriteset
     00006555  _ss_en_1_0b                        spriteset
     0000655E  _ss_en_1_patterns_c                spriteset
ASxxxx Linker V03.00 + NoICE + sdld,  page 7.
Hexadecimal  [32-Bits]

Area                                    Addr        Size        Decimal Bytes (Attributes)
--------------------------------        ----        ----        ------- ----- ------------
_CODE                               00000200    000074CD =       29901. bytes (REL,CON)

      Value  Global                              Global Defined In Module
      -----  --------------------------------   ------------------------
     00006764  _ss_en_2_00                        spriteset
     0000676D  _ss_en_2_01                        spriteset
     00006776  _ss_en_2_02                        spriteset
     0000677F  _ss_en_2_03                        spriteset
     00006788  _ss_en_2_04                        spriteset
     00006791  _ss_en_2_05                        spriteset
     0000679A  _ss_en_2_06                        spriteset
     000067A3  _ss_en_2_07                        spriteset
     000067AC  _ss_en_2_08                        spriteset
     000067B5  _ss_en_2_09                        spriteset
     000067BE  _ss_en_2_patterns_c                spriteset
     000069B6  _sfx_coins_psg                     murcia
     000069CB  _sfx_fanty_psg                     murcia
     00006A5E  _sfx_jump_psg                      murcia
     00006A92  _sfx_kill_psg                      murcia
     00006ABD  _sfx_select_psg                    murcia
     00006ADD  _sfx_shirt_psg                     murcia
     00006B00  _sfx_start_psg                     murcia
     00006B24  _PSGStop                           PSGlib
     00006B4B  _PSGPlay                           PSGlib
     00006B78  _PSGCancelLoop                     PSGlib
     00006B7E  _PSGPlayNoRepeat                   PSGlib
     00006B8D  _PSGGetStatus                      PSGlib
     00006B95  _PSGSFXStop                        PSGlib
     00006BF9  _PSGSFXPlay                        PSGlib
     00006C44  _PSGSFXCancelLoop                  PSGlib
     00006C4A  _PSGSFXGetStatus                   PSGlib
     00006C52  _PSGSFXPlayLoop                    PSGlib
     00006C6C  _PSGFrame                          PSGlib
     00006D73  _PSGSFXFrame                       PSGlib
     00006DE9  _SG_setReg                         SGlib
     00006E15  _VDPReg_init                       SGlib
     00006E1D  _SG_VDPturnOnFeature               SGlib
     00006E57  _SG_VDPturnOffFeature              SGlib
     00006E88  _SG_init                           SGlib
     00006ECF  _SG_setBackdropColor               SGlib
     00006EE3  _SG_setSpriteMode                  SGlib
     00006F18  _SG_loadTilePatterns               SGlib
     00006F59  _SG_loadTileColours                SGlib
     00006F9E  _SG_loadSpritePatterns             SGlib
     00006FE3  _SG_setTileatXY                    SGlib
     00007022  _SG_setNextTileatXY                SGlib
     0000705C  _SG_setTile                        SGlib
     00007064  _SG_fillTile                       SGlib
     0000708C  _SG_loadTileMapArea                SGlib
     00007128  _SG_initSprites                    SGlib
     00007153  _SG_addSprite                      SGlib
     000071D5  _SG_addMetaSprite1x1               SGlib
     00007309  _SG_addMetaSprite                  SGlib
     000073CF  _SG_finalizeSprites                SGlib
     000073D0  _SG_getStp                         SGlib
ASxxxx Linker V03.00 + NoICE + sdld,  page 8.
Hexadecimal  [32-Bits]

Area                                    Addr        Size        Decimal Bytes (Attributes)
--------------------------------        ----        ----        ------- ----- ------------
_CODE                               00000200    000074CD =       29901. bytes (REL,CON)

      Value  Global                              Global Defined In Module
      -----  --------------------------------   ------------------------
     000073D4  _SG_setStp                         SGlib
     000073E5  _SG_copySpritestoSAT               SGlib
     000073FB  _SG_waitForVBlank                  SGlib
     00007408  _SG_getKeysStatus                  SGlib
     0000740C  _SG_queryPauseRequested            SGlib
     00007414  _SG_resetPauseRequest              SGlib
     0000741A  _SG_VRAMmemset                     SGlib
     00007446  _UNSAFE_SG_copySpritestoSAT        SGlib
     00007459  _UNSAFE_SG_VRAMmemcpy128           SGlib
     0000747C  _SG_isr                            SGlib
     000074CF  _SG_nmi_isr                        SGlib
     000074E2  _SMS_VDPType                       SGlib
     000074EA  _SG_setUpdateList                  SGlib
     000074FB  _SG_doUpdateList                   SGlib
     00007541  _aPLib_depack_VRAM                 aPLib
     00007674  __moduchar                         
     00007680  __moduint                          
     0000768B  __divuint                          
     00007693  __divuchar                         
     0000769A  __divu8                            
     0000769D  __divu16                           
     000076CC  ___sdcc_call_hl                    
ASxxxx Linker V03.00 + NoICE + sdld,  page 9.
Hexadecimal  [32-Bits]

Area                                    Addr        Size        Decimal Bytes (Attributes)
--------------------------------        ----        ----        ------- ----- ------------
_HEADER0                            00000000    00000006 =           6. bytes (ABS,CON)

      Value  Global                              Global Defined In Module
      -----  --------------------------------   ------------------------
ASxxxx Linker V03.00 + NoICE + sdld,  page 10.
Hexadecimal  [32-Bits]

Area                                    Addr        Size        Decimal Bytes (Attributes)
--------------------------------        ----        ----        ------- ----- ------------
_HEADER1                            00000000    00000003 =           3. bytes (ABS,CON)

      Value  Global                              Global Defined In Module
      -----  --------------------------------   ------------------------
ASxxxx Linker V03.00 + NoICE + sdld,  page 11.
Hexadecimal  [32-Bits]

Area                                    Addr        Size        Decimal Bytes (Attributes)
--------------------------------        ----        ----        ------- ----- ------------
_HEADER2                            00000000    00000003 =           3. bytes (ABS,CON)

      Value  Global                              Global Defined In Module
      -----  --------------------------------   ------------------------
ASxxxx Linker V03.00 + NoICE + sdld,  page 12.
Hexadecimal  [32-Bits]

Area                                    Addr        Size        Decimal Bytes (Attributes)
--------------------------------        ----        ----        ------- ----- ------------
_HEADER3                            00000000    0000011E =         286. bytes (ABS,CON)

      Value  Global                              Global Defined In Module
      -----  --------------------------------   ------------------------
     0000018D  _outi_block                        crt0

ASxxxx Linker V03.00 + NoICE + sdld,  page 13.
Hexadecimal  [32-Bits]

Area                                    Addr        Size        Decimal Bytes (Attributes)
--------------------------------        ----        ----        ------- ----- ------------
_INITIALIZER                        000076CD    00000006 =           6. bytes (REL,CON)

      Value  Global                              Global Defined In Module
      -----  --------------------------------   ------------------------
ASxxxx Linker V03.00 + NoICE + sdld,  page 14.
Hexadecimal  [32-Bits]

Area                                    Addr        Size        Decimal Bytes (Attributes)
--------------------------------        ----        ----        ------- ----- ------------
_GSINIT                             000076D3    0000000F =          15. bytes (REL,CON)

      Value  Global                              Global Defined In Module
      -----  --------------------------------   ------------------------
     000076D3  gsinit                             crt0

ASxxxx Linker V03.00 + NoICE + sdld,  page 15.
Hexadecimal  [32-Bits]

Area                                    Addr        Size        Decimal Bytes (Attributes)
--------------------------------        ----        ----        ------- ----- ------------
_GSFINAL                            000076E2    00000001 =           1. bytes (REL,CON)

      Value  Global                              Global Defined In Module
      -----  --------------------------------   ------------------------
ASxxxx Linker V03.00 + NoICE + sdld,  page 16.
Hexadecimal  [32-Bits]

Area                                    Addr        Size        Decimal Bytes (Attributes)
--------------------------------        ----        ----        ------- ----- ------------
_DATA                               0000C000    00000371 =         881. bytes (REL,CON)

      Value  Global                              Global Defined In Module
      -----  --------------------------------   ------------------------
     0000C000  __x                                game
     0000C001  __y                                game
     0000C002  __n                                game
     0000C003  __t                                game
     0000C004  _pad0                              game
     0000C006  _pad_this_frame                    game
     0000C008  _gpit                              game
     0000C009  _gpjt                              game
     0000C00A  _rds16                             game
     0000C00C  _gp_gen                            game
     0000C00E  _gp_tmap                           game
     0000C010  _gp_ram                            game
     0000C012  _gp_addr                           game
     0000C014  _rdx                               game
     0000C015  _rdy                               game
     0000C016  _rdt                               game
     0000C017  _rdit                              game
     0000C018  _rda                               game
     0000C019  _rdb                               game
     0000C01A  _rdc                               game
     0000C01B  _rdd                               game
     0000C01C  _rdm                               game
     0000C01D  _rds                               game
     0000C01E  _rdct                              game
     0000C01F  _ticker                            game
     0000C020  _at1                               game
     0000C021  _at2                               game
     0000C022  _cx1                               game
     0000C023  _cx2                               game
     0000C024  _cy1                               game
     0000C025  _cy2                               game
     0000C026  _caux                              game
     0000C027  _cur_stp                           game
     0000C029  _en_initial                        game
     0000C02A  _en_offs                           game
     0000C02B  _en_fr                             game
     0000C02C  _en_collx                          game
     0000C02D  _en_colly                          game
     0000C02E  _en_spr                            game
     0000C02F  _touched                           game
     0000C030  _en_is_alive                       game
     0000C031  _pregotten                         game
     0000C032  __en_t                             game
     0000C033  __en_s                             game
     0000C034  __en_x                             game
     0000C035  __en_y                             game
     0000C036  __en_x1                            game
     0000C037  __en_y1                            game
     0000C038  __en_x2                            game
     0000C039  __en_y2                            game
ASxxxx Linker V03.00 + NoICE + sdld,  page 17.
Hexadecimal  [32-Bits]

Area                                    Addr        Size        Decimal Bytes (Attributes)
--------------------------------        ----        ----        ------- ----- ------------
_DATA                               0000C000    00000371 =         881. bytes (REL,CON)

      Value  Global                              Global Defined In Module
      -----  --------------------------------   ------------------------
     0000C03A  __en_mx                            game
     0000C03B  __en_my                            game
     0000C03C  __en_ct                            game
     0000C03D  __en_facing                        game
     0000C03E  __en_state                         game
     0000C03F  __enf_x                            game
     0000C041  __enf_y                            game
     0000C043  __enf_vx                           game
     0000C045  __enf_vy                           game
     0000C047  _en_sg_1                           game
     0000C048  _en_sg_2                           game
     0000C049  _vertical_engine_type              game
     0000C04A  _px                                game
     0000C04C  _py                                game
     0000C04E  _pvx                               game
     0000C050  _pvy                               game
     0000C052  _prx                               game
     0000C053  _pry                               game
     0000C054  _pcx                               game
     0000C055  _pcy                               game
     0000C056  _pfacing                           game
     0000C057  _pfr                               game
     0000C058  _psprid                            game
     0000C059  _a_button                          game
     0000C05A  _b_button                          game
     0000C05B  _pj                                game
     0000C05C  _pctj                              game
     0000C05D  _pgotten                           game
     0000C05E  _ppossee                           game
     0000C05F  _oppossee                          game
     0000C060  _pflickering                       game
     0000C061  _pbouncing                         game
     0000C062  _phit                              game
     0000C063  _pgtmx                             game
     0000C065  _pgtmy                             game
     0000C067  _hitv                              game
     0000C068  _hith                              game
     0000C069  _prx_old                           game
     0000C06A  _pry_old                           game
     0000C06B  _pkill                             game
     0000C06C  _pice                              game
     0000C06D  _pnotsafe                          game
     0000C06E  _pcontinues                        game
     0000C06F  _plife                             game
     0000C070  _pkeys                             game
     0000C071  _pobjs                             game
     0000C072  _pammo                             game
     0000C073  _pkilled                           game
     0000C074  _pfiring                           game
     0000C075  _n_pant_safe                       game
     0000C076  _px_safe                           game
ASxxxx Linker V03.00 + NoICE + sdld,  page 18.
Hexadecimal  [32-Bits]

Area                                    Addr        Size        Decimal Bytes (Attributes)
--------------------------------        ----        ----        ------- ----- ------------
_DATA                               0000C000    00000371 =         881. bytes (REL,CON)

      Value  Global                              Global Defined In Module
      -----  --------------------------------   ------------------------
     0000C078  _py_safe                           game
     0000C07A  _hrx                               game
     0000C07B  _hry                               game
     0000C07C  _hrt                               game
     0000C07D  _do_process_breakable              game
     0000C07E  _ft                                game
     0000C07F  _c_map_w                           game
     0000C080  _c_map_h                           game
     0000C081  _c_map_size                        game
     0000C082  _c_ts_tmaps                        game
     0000C084  _c_behs                            game
     0000C086  _spr_enems                         game
     0000C088  _c_map                             game
     0000C08A  _c_decos                           game
     0000C08B  _c_locks                           game
     0000C08D  _c_enems                           game
     0000C08F  _c_hotspots                        game
     0000C091  _c_max_bolts                       game
     0000C092  _ntsc                              game
     0000C093  _ntsc_frame                        game
     0000C094  _update_index                      game
     0000C095  _update_list                       game
     0000C0F5  _fader                             game
     0000C0F6  _fade_delay                        game
     0000C0F7  _map_buff                          game
     0000C1B7  _first_game                        game
     0000C1B8  _level                             game
     0000C1B9  _c_max_enems                       game
     0000C1BA  _n_pant                            game
     0000C1BB  _on_pant                           game
     0000C1BC  _half_life                         game
     0000C1BD  _frame_counter                     game
     0000C1BE  _paused                            game
     0000C1BF  _win_level                         game
     0000C1C0  _game_over                         game
     0000C1C1  _warp_to_level                     game
     0000C1C2  _level_reset                       game
     0000C1C3  _flick_override                    game
     0000C1C4  _olife                             game
     0000C1C5  _okeys                             game
     0000C1C6  _oobjs                             game
     0000C1C7  _oammo                             game
     0000C1C8  _okilled                           game
     0000C1C9  _oam_index_player                  game
     0000C1CA  _no_ct                             game
     0000C1CB  _pctfr                             game
     0000C1CC  _hact                              game
     0000C1E4  _lkact                             game
     0000C1F4  _flags                             game
     0000C1F6  _en_t                              game
     0000C1F9  _en_x                              game
ASxxxx Linker V03.00 + NoICE + sdld,  page 19.
Hexadecimal  [32-Bits]

Area                                    Addr        Size        Decimal Bytes (Attributes)
--------------------------------        ----        ----        ------- ----- ------------
_DATA                               0000C000    00000371 =         881. bytes (REL,CON)

      Value  Global                              Global Defined In Module
      -----  --------------------------------   ------------------------
     0000C1FC  _en_y                              game
     0000C1FF  _en_x1                             game
     0000C202  _en_y1                             game
     0000C205  _en_x2                             game
     0000C208  _en_y2                             game
     0000C20B  _en_mx                             game
     0000C20E  _en_my                             game
     0000C211  _en_s                              game
     0000C214  _en_facing                         game
     0000C217  _en_state                          game
     0000C21A  _en_flags                          game
     0000C21D  _en_cttouched                      game
     0000C220  _en_life                           game
     0000C223  _en_status                         game
     0000C226  _en_ct                             game
     0000C229  _en_spr_x_mod                      game
     0000C22A  _enf_x                             game
     0000C230  _enf_vx                            game
     0000C236  _enf_y                             game
     0000C23C  _enf_vy                            game
     0000C242  _en_spr_id                         game
     0000C245  _ep_dead                           game
     0000C28D  _max_chac_chacs                    game
     0000C28E  _chac_chacs_yx                     game
     0000C292  _chac_chacs_state                  game
     0000C296  _chac_chacs_idlewait               game
     0000C29A  _chac_chacs_ct                     game
     0000C29E  _chac_chacs_queue                  game
     0000C2AE  _chac_chacs_queue_read             game
     0000C2AF  _chac_chacs_queue_write            game
     0000C2B0  _res_disable                       game
     0000C2B1  _res_on                            game
     0000C2B2  _res_ct                            game
     0000C2B3  _res_subct                         game
     0000C2B4  _cfx                               game
     0000C2B5  _springs_on                        game
     0000C2B6  _shaker_ct                         game
     0000C2B7  _mode_no_resonators                game
     0000C2B8  _game_mode                         game
     0000C2B9  _seed1                             rand
     0000C2BB  _seed2                             rand
     0000C2BD  _randres                           rand
     0000C2BE  _PSGMusicStart                     PSGlib
     0000C2C0  _PSGMusicPointer                   PSGlib
     0000C2C2  _PSGMusicLoopPoint                 PSGlib
     0000C2C4  _PSGMusicSkipFrames                PSGlib
     0000C2C5  _PSGLoopFlag                       PSGlib
     0000C2C6  _PSGMusicLastLatch                 PSGlib
     0000C2C7  _PSGMusicSubstringLen              PSGlib
     0000C2C8  _PSGMusicSubstringRetAddr          PSGlib
     0000C2CA  _PSGChan2Volume                    PSGlib
ASxxxx Linker V03.00 + NoICE + sdld,  page 20.
Hexadecimal  [32-Bits]

Area                                    Addr        Size        Decimal Bytes (Attributes)
--------------------------------        ----        ----        ------- ----- ------------
_DATA                               0000C000    00000371 =         881. bytes (REL,CON)

      Value  Global                              Global Defined In Module
      -----  --------------------------------   ------------------------
     0000C2CB  _PSGChan3Volume                    PSGlib
     0000C2CC  _PSGChan2LowTone                   PSGlib
     0000C2CD  _PSGChan3LowTone                   PSGlib
     0000C2CE  _PSGChan2HighTone                  PSGlib
     0000C2CF  _PSGSFXStart                       PSGlib
     0000C2D1  _PSGSFXPointer                     PSGlib
     0000C2D3  _PSGSFXLoopPoint                   PSGlib
     0000C2D5  _PSGSFXSkipFrames                  PSGlib
     0000C2D6  _PSGSFXLoopFlag                    PSGlib
     0000C2D7  _PSGSFXSubstringLen                PSGlib
     0000C2D8  _PSGSFXSubstringRetAddr            PSGlib
     0000C2DA  _VDPBlank                          SGlib
     0000C2DB  _PauseRequested                    SGlib
     0000C2DC  _KeysStatus                        SGlib
     0000C2DE  _PreviousKeysStatus                SGlib
     0000C2E0  _SpriteTable                       SGlib
     0000C360  _stp                               SGlib
     0000C362  _SpriteTableEnd                    SGlib
     0000C364  _first_sprite                      SGlib
     0000C365  _libgpit                           SGlib
     0000C366  _VDPType                           SGlib
     0000C367  _updateList                        SGlib
     0000C369  _ulp                               SGlib
     0000C36B  _ulpMsb                            SGlib
     0000C36C  _aPLib_bits                        aPLib
     0000C36E  _aPLib_LWM                         aPLib
     0000C36F  _aPLib_R0                          aPLib

ASxxxx Linker V03.00 + NoICE + sdld,  page 21.
Hexadecimal  [32-Bits]

Area                                    Addr        Size        Decimal Bytes (Attributes)
--------------------------------        ----        ----        ------- ----- ------------
_INITIALIZED                        0000C371    00000006 =           6. bytes (REL,CON)

      Value  Global                              Global Defined In Module
      -----  --------------------------------   ------------------------
     0000C371  _PSGMusicStatus                    PSGlib
     0000C372  _PSGChannel2SFX                    PSGlib
     0000C373  _PSGChannel3SFX                    PSGlib
     0000C374  _PSGSFXStatus                      PSGlib
     0000C375  _VDPReg                            SGlib

ASxxxx Linker V03.00 + NoICE + sdld,  page 22.

Files Linked                              [ module(s) ]

lib/crt0_sg.rel                           [ crt0 ]
rel/game.rel                              [ game ]
rel/rand.rel                              [ rand ]
rel/delay.rel                             [ delay ]
rel/memfill.rel                           [ memfill ]
rel/unpacker.rel                          [ unpacker ]
rel/unrle.rel                             [ unrle ]
rel/propellers.rel                        [ propellers ]
rel/tile_chac_chac.rel                    [ tile_chac_chac ]
rel/printer.rel                           [ printer ]
rel/general.rel                           [ general ]
rel/player.rel                            [ player ]
rel/enems0.rel                            [ enems0 ]
rel/enems1.rel                            [ enems1 ]
rel/enems2.rel                            [ enems2 ]
rel/map0.rel                              [ map0 ]
rel/map1.rel                              [ map1 ]
rel/map2.rel                              [ map2 ]
rel/tileset.rel                           [ tileset ]
rel/spriteset.rel                         [ spriteset ]
rel/murcia.rel                            [ murcia ]
lib/PSGlib.rel                            [ PSGlib ]
lib/SGlib.rel                             [ SGlib ]
lib/aPLib.rel                             [ aPLib ]


Libraries Linked                          [ object file ]

D:\git\loves_the_sg1000\environment\sdcc-sg1000\bin\..\lib\z80/z80.lib
                                          [ modunsigned.rel ]
D:\git\loves_the_sg1000\environment\sdcc-sg1000\bin\..\lib\z80/z80.lib
                                          [ divunsigned.rel ]
D:\git\loves_the_sg1000\environment\sdcc-sg1000\bin\..\lib\z80/z80.lib
                                          [ __sdcc_call_hl.rel ]

ASxxxx Linker V03.00 + NoICE + sdld,  page 23.

User Base Address Definitions

_CODE = 0x0200
_DATA = 0xc000

